
################################################################################
#
# This file has been generated by SpyGlass:
#     Report Name      : moresimple
#     Report Created by: ICer
#     Report Created on:  Thu Oct  1 22:10:16 2026
#     Working Directory: /home/ICer/Final_System/spyglass/CDC
#     SpyGlass Version : SpyGlass_vL-2016.06
#     Policy Name      : SpyGlass(SpyGlass_vL-2016.06)
#
#     Total Number of Generated Messages :          5
#     Number of Waived Messages          :          0
#     Number of Reported Messages        :          5
#     Number of Overlimit Messages       :          0
#
#
################################################################################

+++++++++++++++++++++++++++++++++++++++++++++++++++++++++++++++++++++++
MORESIMPLE REPORT:


############### BuiltIn -> RuleGroup=Design Read ###############
+++++++++++++++++++++++++++++++++++++++++++++++++++++++++++++++++++++++++++++++++++++++
ID       Rule                    Alias                   Severity    File                                                                      Line    Wt    Message
======================================================================================
[1]      DetectTopDesignUnits    DetectTopDesignUnits    Info        ../../RTL/System_TOP.v                                                    1       2     Module System_TOP is a top level design unit
[19]     Domain_Matrix01                                 Info        Final_System.sgdc                                                         2       10    Domain Matrix for design "System_TOP",  based on the individual constraints defined in the SDC as inferred in the Sta mode
[0]      ElabSummary             ElabSummary             Info        ./spyglass-1/Design_Read/spyglass_reports/SpyGlass/elab_summary.rpt       0       2     Please refer file './spyglass-1/Design_Read/spyglass_reports/SpyGlass/elab_summary.rpt' for elab summary report
[23]     SDC2SGDC_INFO                                   Info        ./spyglass-1/Design_Read/spyglass_reports/sdc2sgdc/sdc2sgdc.sgdc.25955    1       10    Sgdc file "./spyglass-1/Design_Read/spyglass_reports/sdc2sgdc/sdc2sgdc.sgdc.25955" generated after successful SDC2SGDC translation
[24]     SDC_Mapping01                                   Info        N.A                                                                       0       10    Mapping of SDC Commands Generated
+++++++++++++++++++++++++++++++++++++++++++++++++++++++++++++++++++++++++++++++++++++++
