SpyGlass run started at 10:07:02 PM on Oct 01 2026 

SpyGlass Predictive Analyzer(R) - Version SpyGlass_vL-2016.06
Last compiled on May 20 2016

All Rights Reserved. Use, disclosure or duplication
without prior written permission of Synopsys Inc. is prohibited.
Technical support: email spyglass_support@synopsys.com.


 Auto-compiling gates libraries

        "../../std_cells/scmetro_tsmc_cl013g_rvt_tt_1p2v_25c.lib"
    to
        "./spyglass-1/spyglass_cache/autogenerated_sglib/aggregate.sglib" ...already compiled

 Using this already compiled sglib for the current run ...

Running SpyGlass 64-bit Executable: /home/synopsys/SpyGlass-L2016.06/SPYGLASS_HOME/obj/check.Linux4

RULE-CHECKING IN MIXED MODE
Loading Policy: spyglass (Version: SpyGlass_vL-2016.06) from path: /home/synopsys/SpyGlass-L2016.06/SPYGLASS_HOME/policies/spyglass
Loading Shared library libspyglassrules-Linux4.spyso from /home/synopsys/SpyGlass-L2016.06/SPYGLASS_HOME/lib/libspyglassrules-Linux4.spyso 
Loading Shared library libsdcInitRules-Linux4.spyso from /home/synopsys/SpyGlass-L2016.06/SPYGLASS_HOME/lib/libsdcInitRules-Linux4.spyso 
Loading Shared library librmerules-Linux4.spyso from /home/synopsys/SpyGlass-L2016.06/SPYGLASS_HOME/lib/librmerules-Linux4.spyso 
##build_id : SpyGlass_vL-2016.06
##system   : Linux IC_EDA 3.10.0-1160.6.1.el7.x86_64 #1 SMP Tue Nov 17 13:59:11 UTC 2020 x86_64
##cwd      : /home/ICer/Final_System/spyglass/CDC
##lang     : Verilog+VHDL
##args     : -mSpyGlass::Compatibility::v2_7_3 \
             -mSpyGlass::Compatibility::v2_7_3 \
             -mSpyGlass::Compatibility::v2_7_3 \
             -lib WORK ./spyglass-1/WORK \
             -nl \
             -policy='none' \
             -mixed \
             -batch \
             -wdir './spyglass-1/Design_Read' \
             -sgdc 'Final_System.sgdc' \
             -dbdir './spyglass-1/.SG_SaveRestoreDB' \
             -gateslib '../../std_cells/scmetro_tsmc_cl013g_rvt_tt_1p2v_25c.lib' \
             -templatedir '/home/synopsys/SpyGlass-L2016.06/SPYGLASS_HOME/auxi/policy_data/spyglass/design_read' \
             --goal_info 'Design_Read@' \
             --template_info 'Design_Read' \
             -projectwdir './spyglass-1' \
             -sdc2sgdc \
             -enable_save_restore \
             -enable_save_restore_builtin 'true' \
             -pt=yes \
             -64bit  \
             ../../RTL/alu_top.v \
             ../../RTL/arithmetic_unit.v \
             ../../RTL/ASYC_FIFO.v \
             ../../RTL/Clock_Divider.v \
             ../../RTL/Clock_Gating.v \
             ../../RTL/cmp_unit.v \
             ../../RTL/Data_Sampler.v \
             ../../RTL/Data_Sync.v \
             ../../RTL/decoder.v \
             ../../RTL/Deserializer.v \
             ../../RTL/DF_SYNC.v \
             ../../RTL/Edge_Bit_Counter.v \
             ../../RTL/FIFO_MEM_CONTROL.v \
             ../../RTL/FIFO_RD.v \
             ../../RTL/FIFO_WR.v \
             ../../RTL/FSM.v \
             ../../RTL/FSM_RX.v \
             ../../RTL/logic_unit.v \
             ../../RTL/MUX.v \
             ../../RTL/Parity_Calculator.v \
             ../../RTL/Parity_Checker.v \
             ../../RTL/Prescale_MUX.v \
             ../../RTL/Pulse_Generator.v \
             ../../RTL/register_file.v \
             ../../RTL/Reset_SYNC.v \
             ../../RTL/Serializer.v \
             ../../RTL/shift_unit.v \
             ../../RTL/Start_Checker.v \
             ../../RTL/Stop_Checker.v \
             ../../RTL/System_Controller.v \
             ../../RTL/System_TOP.v \
             ../../RTL/UART_RX_top.v \
             ../../RTL/UART_TOP.v \
             ../../RTL/UART_TX_top.v

##verbosity level   : 2
##exact cmdline arg : -batch -project spyglass-1.prj -designread  -64bit
##spyglass_run.csh begins :
;	cd /home/ICer/Final_System/spyglass/CDC
;	setenv SPYGLASS_LD_PRELOAD /home/synopsys/SpyGlass-L2016.06/SPYGLASS_HOME/lib/libsgjemalloc-Linux4.so
;	setenv SPYGLASS_DW_PATH /home/synopsys/SpyGlass-L2016.06/SPYGLASS_HOME/dw_support
;	/home/synopsys/SpyGlass-L2016.06/SPYGLASS_HOME/bin/spyglass  -batch -project spyglass-1.prj -designread  -64bit
##spyglass_run.csh ends
##files    : ../../RTL/alu_top.v \
             ../../RTL/arithmetic_unit.v \
             ../../RTL/ASYC_FIFO.v \
             ../../RTL/Clock_Divider.v \
             ../../RTL/Clock_Gating.v \
             ../../RTL/cmp_unit.v \
             ../../RTL/Data_Sampler.v \
             ../../RTL/Data_Sync.v \
             ../../RTL/decoder.v \
             ../../RTL/Deserializer.v \
             ../../RTL/DF_SYNC.v \
             ../../RTL/Edge_Bit_Counter.v \
             ../../RTL/FIFO_MEM_CONTROL.v \
             ../../RTL/FIFO_RD.v \
             ../../RTL/FIFO_WR.v \
             ../../RTL/FSM.v \
             ../../RTL/FSM_RX.v \
             ../../RTL/logic_unit.v \
             ../../RTL/MUX.v \
             ../../RTL/Parity_Calculator.v \
             ../../RTL/Parity_Checker.v \
             ../../RTL/Prescale_MUX.v \
             ../../RTL/Pulse_Generator.v \
             ../../RTL/register_file.v \
             ../../RTL/Reset_SYNC.v \
             ../../RTL/Serializer.v \
             ../../RTL/shift_unit.v \
             ../../RTL/Start_Checker.v \
             ../../RTL/Stop_Checker.v \
             ../../RTL/System_Controller.v \
             ../../RTL/System_TOP.v \
             ../../RTL/UART_RX_top.v \
             ../../RTL/UART_TOP.v \
             ../../RTL/UART_TX_top.v

 Reading sgdc file "Final_System.sgdc" ...
Performing unification checks on SGDC... done
Reading specified sglib files(s) ....
   Processing library: 'scmetro_tsmc_cl013g_rvt_tt_1p2v_25c' .... done
Checking Rule AutoGenerateSglib (Rule 1 of total 131) .... done (Time = 0.00s, Memory = 0.0K)

INFO [76]    Using `./spyglass-1/WORK/64' as the Work Directory for 64bit precompiled dump.
Checking Rule ZeroSizeFile (Rule 2 of total 131) .... done (Time = 0.00s, Memory = 7.9K)
Checking Rule PrecompileLibCheck01 (Rule 3 of total 131) .... done (Time = 0.00s, Memory = 0.0K)
Checking Rule PrecompileLibCheck02 (Rule 4 of total 131) .... done (Time = 0.00s, Memory = 0.0K)
Checking Rule PrecompileLibCheck03 (Rule 5 of total 131) .... done (Time = 0.00s, Memory = 0.0K)
Checking Rule PrecompileLibCheck04 (Rule 6 of total 131) .... done (Time = 0.00s, Memory = 0.0K)
Checking Rule ElabSummary (Rule 7 of total 131)##FILEDEBUG[sgOpenFile]: Opening File './spyglass-1/Design_Read/spyglass_reports/SpyGlass/elab_summary.rpt' in "w" mode ...
 .... done (Time = 0.01s, Memory = 27.0K)
Checking Rule ReportSglibVersionSummary (Rule 8 of total 131) .... done (Time = 0.00s, Memory = 0.0K)
Checking Rule SGDC_assume_path01 (Rule 9 of total 131) .... done (Time = 0.00s, Memory = -0.2K)
Checking Rule SGDC_sdcschema02 (Rule 10 of total 131) .... done (Time = 0.00s, Memory = -2.0K)
Checking Rule SGDC_clock05 (Rule 11 of total 131) .... done (Time = 0.00s, Memory = 1.5K)
Checking Rule SGDC_clock09 (Rule 12 of total 131) .... done (Time = 0.00s, Memory = -0.5K)
Checking Rule SGDC_force_ta05 (Rule 13 of total 131) .... done (Time = 0.00s, Memory = 1.3K)
Checking Rule SGDC_require_path03 (Rule 14 of total 131) .... done (Time = 0.00s, Memory = 0.0K)
Checking Rule SGDC_require_value03 (Rule 15 of total 131) .... done (Time = 0.00s, Memory = 0.0K)
Checking Rule SGDC_voltagedomain05 (Rule 16 of total 131) .... done (Time = 0.00s, Memory = 0.0K)
Checking Rule SGDC_voltagedomain06 (Rule 17 of total 131) .... done (Time = 0.00s, Memory = 0.0K)
Checking Rule SGDC_voltagedomain07 (Rule 18 of total 131) .... done (Time = 0.00s, Memory = 0.0K)
Checking Rule SGDC_powerdomainoutputs02 (Rule 19 of total 131) .... done (Time = 0.00s, Memory = -3.1K)
Checking Rule SGDC_supply01 (Rule 20 of total 131) .... done (Time = 0.00s, Memory = 8.0K)
Checking Rule SGDC_waive01 (Rule 21 of total 131) .... done (Time = 0.00s, Memory = 0.0K)
Checking Rule SGDC_waive02 (Rule 22 of total 131) .... done (Time = 0.00s, Memory = 0.0K)
Checking Rule SGDC_waive03 (Rule 23 of total 131) .... done (Time = 0.00s, Memory = 0.0K)
Checking Rule SGDC_waive04 (Rule 24 of total 131) .... done (Time = 0.00s, Memory = 0.9K)
Checking Rule SGDC_waive05 (Rule 25 of total 131) .... done (Time = 0.00s, Memory = 0.0K)
Checking Rule SGDC_waive06 (Rule 26 of total 131) .... done (Time = 0.00s, Memory = 0.0K)
Checking Rule SGDC_waive07 (Rule 27 of total 131) .... done (Time = 0.00s, Memory = 0.0K)
Checking Rule SGDC_waive08 (Rule 28 of total 131) .... done (Time = 0.00s, Memory = 0.0K)
Checking Rule SGDC_waive09 (Rule 29 of total 131) .... done (Time = 0.00s, Memory = 0.0K)
Checking Rule SGDC_waive10 (Rule 30 of total 131) .... done (Time = 0.00s, Memory = 0.0K)
Checking Rule SGDC_waive11 (Rule 31 of total 131) .... done (Time = 0.00s, Memory = -1.1K)
Checking Rule SGDC_waive12 (Rule 32 of total 131) .... done (Time = 0.00s, Memory = 0.0K)
Checking Rule SGDC_waive13 (Rule 33 of total 131) .... done (Time = 0.00s, Memory = 8.0K)
Checking Rule SGDC_waive21 (Rule 34 of total 131) .... done (Time = 0.00s, Memory = -8.0K)
Checking Rule SGDC_waive22 (Rule 35 of total 131) .... done (Time = 0.00s, Memory = 0.0K)
Checking Rule SGDC_waive30 (Rule 36 of total 131) .... done (Time = 0.00s, Memory = 8.0K)
Checking Rule SGDC_waive32 (Rule 37 of total 131) .... done (Time = 0.00s, Memory = -0.5K)
Checking Rule SGDC_waive33 (Rule 38 of total 131) .... done (Time = 0.00s, Memory = -6.1K)
Checking Rule SGDC_waive36 (Rule 39 of total 131) .... done (Time = 0.00s, Memory = 0.0K)
Checking Rule SGDC_waive38 (Rule 40 of total 131) .... done (Time = 0.00s, Memory = 0.0K)
Checking Rule SGDC_fifo01 (Rule 41 of total 131) .... done (Time = 0.00s, Memory = 0.0K)
Checking Rule SGDC_libgroup01 (Rule 42 of total 131) .... done (Time = 0.00s, Memory = 0.0K)
Checking Rule SGDC_libgroup02 (Rule 43 of total 131) .... done (Time = 0.00s, Memory = 0.0K)
Checking Rule SGDC_libgroup04 (Rule 44 of total 131) .... done (Time = 0.00s, Memory = -114.0K)
Checking Rule SGDC_power_data01 (Rule 45 of total 131) .... done (Time = 0.00s, Memory = 0.0K)
Checking Rule SGDC_ungroup01 (Rule 46 of total 131) .... done (Time = 0.00s, Memory = 0.0K)
Checking Rule SGDC_abstract_port06 (Rule 47 of total 131) .... done (Time = 0.00s, Memory = 0.0K)
Checking Rule SGDC_abstract_port14 (Rule 48 of total 131) .... done (Time = 0.00s, Memory = -32.0K)
Checking Rule SGDC_abstract_port15 (Rule 49 of total 131) .... done (Time = 0.00s, Memory = -0.1K)
Checking Rule SGDC_abstract_port18 (Rule 50 of total 131) .... done (Time = 0.00s, Memory = 0.0K)
Checking Rule SDC2SGDC_INFO (Rule 51 of total 131) .... done (Time = 0.00s, Memory = 55.0K)
Checking Rule SDC_ParamSanityCheck (Rule 52 of total 131) .... done (Time = 0.00s, Memory = -2.8K)
Checking Rule SDC_Sanity_Rule (Rule 53 of total 131)SDC-file translator read from path : /home/synopsys/SpyGlass-L2016.06/SPYGLASS_HOME/auxi/sdcparser
 .... done (Time = 0.00s, Memory = 0.0K)
Checking Rule sdc_init_rule (Rule 54 of total 131) .... done (Time = 0.03s, Memory = 93.8K)
Checking Rule CMD_ignorelibs01 (Rule 55 of total 131) .... done (Time = 0.00s, Memory = 0.0K)
Checking Rule ReportRuleNotRun (Rule 56 of total 131) .... done (Time = 0.00s, Memory = 0.0K)
 Reading waiver file "./spyglass-1/Design_Read/spyglass_spysch/waiver/pragma2Waiver.swl" ...
 Reading included SGDC file "./spyglass-1/Design_Read/spyglass_spysch/waiver/pragma2Waiver_varfile.swl" ....
Checking Rule ReportStopSummary (Rule 57 of total 131) .... done (Time = 0.00s, Memory = 0.0K)
Checking Rule ReportIgnoreSummary (Rule 58 of total 131) .... done (Time = 0.00s, Memory = 0.0K)
##SGDEBUG [BENCHMARK_ABSOLUTE]: Restoring NOM started: 1 sec, 534324 KB, 2427768 KB
##SGDEBUG [BENCHMARK_INCR]: Restoring NOM started: 1 sec, 534324 KB, 2427768 KB

INFO [235]    Restoring design database from directory './spyglass-1/.SG_SaveRestoreDB/autogenerated__default_snapshot' ...
              done

##SGDEBUG [BENCHMARK_ABSOLUTE]: Restoring NOM completed: 1 sec, 571461 KB, 2464632 KB
##SGDEBUG [BENCHMARK_INCR]: Restoring NOM completed: 0 sec, 37137 KB, 36864 KB
     (Memory Used = 37136.8K(incr), 571461.8K(tot), Cpu Time = 0.02s(incr))
Checking Rule InferBlackBox (Rule 59 of total 131) .... done (Time = 0.00s, Memory = 0.0K)
##SGDEBUG [BENCHMARK_DATA]: Number of NOM Modules = 36
##SGDEBUG [BENCHMARK_DATA]: Number of NOM Instances = 1226
##SGDEBUG [BENCHMARK_DATA]: Number of NOM Nets = 2397
##SGDEBUG [BENCHMARK_DATA]: Number of NOM Terminals = 6957
##SGDEBUG [BENCHMARK_DATA]: Number of NOM Instances per Module (max and avg) = 235, 34
##SGDEBUG [BENCHMARK_ABSOLUTE]: Restoring SDE Data started: 1 sec, 574396 KB, 2465912 KB
##SGDEBUG [BENCHMARK_INCR]: Restoring SDE Data started: 0 sec, 2935 KB, 1280 KB
##SGDEBUG [BENCHMARK_ABSOLUTE]: Restoring SDE Data completed: 1 sec, 574713 KB, 2466168 KB
##SGDEBUG [BENCHMARK_INCR]: Restoring SDE Data completed: 0 sec, 317 KB, 256 KB
     (Memory Used = 259.7K(incr), 574743.5K(tot), Cpu Time = 0.00s(incr))
Checking Rule SGDC_waive37 (Rule 60 of total 131) .... done (Time = 0.00s, Memory = 0.0K)
Checking Rule SGDC_waive24 (Rule 61 of total 131) .... done (Time = 0.00s, Memory = -32.0K)
Checking Rule SGDC_waive25 (Rule 62 of total 131) .... done (Time = 0.00s, Memory = 32.0K)
Checking Rule SGDC_waive31 (Rule 63 of total 131) .... done (Time = 0.00s, Memory = 0.0K)
Checking Rule SGDC_waive35 (Rule 64 of total 131) .... done (Time = 0.00s, Memory = 0.0K)
Checking Rule ReportSglibSummary (Rule 65 of total 131) .... done (Time = 0.00s, Memory = 0.0K)
Checking Rule DetectTopDesignUnits (Rule 66 of total 131) Detected 1 top level design units: 
     System_TOP
 .... done (Time = 0.00s, Memory = 1.9K)
Checking Rule GenerateConfMap (Rule 67 of total 131) .... done (Time = 0.00s, Memory = 0.0K)
Checking Rule SDC2SGDCPARSE for module Stop_Checker (Rule 68 of total 131) .... done (Time = 0.00s, Memory = 0.0K)
Checking Rule SDC2SGDCPARSE for module Parity_Checker (Rule 68 of total 131) .... done (Time = 0.00s, Memory = 0.0K)
Checking Rule SDC2SGDCPARSE for module Start_Checker (Rule 68 of total 131) .... done (Time = 0.00s, Memory = 0.0K)
Checking Rule SDC2SGDCPARSE for module Deserializer (Rule 68 of total 131) .... done (Time = 0.00s, Memory = 0.0K)
Checking Rule SDC2SGDCPARSE for module Data_Sampler (Rule 68 of total 131) .... done (Time = 0.00s, Memory = 0.0K)
Checking Rule SDC2SGDCPARSE for module Edge_Bit_Counter (Rule 68 of total 131) .... done (Time = 0.00s, Memory = 0.0K)
Checking Rule SDC2SGDCPARSE for module FSM_RX (Rule 68 of total 131) .... done (Time = 0.00s, Memory = 0.0K)
Checking Rule SDC2SGDCPARSE for module UART_RX_top (Rule 68 of total 131) .... done (Time = 0.00s, Memory = 0.0K)
Checking Rule SDC2SGDCPARSE for module Serializer (Rule 68 of total 131) .... done (Time = 0.00s, Memory = 0.0K)
Checking Rule SDC2SGDCPARSE for module Parity_Calculator (Rule 68 of total 131) .... done (Time = 0.00s, Memory = 0.0K)
Checking Rule SDC2SGDCPARSE for module MUX (Rule 68 of total 131) .... done (Time = 0.00s, Memory = 0.0K)
Checking Rule SDC2SGDCPARSE for module FSM (Rule 68 of total 131) .... done (Time = 0.00s, Memory = 0.0K)
Checking Rule SDC2SGDCPARSE for module UART_TX_top (Rule 68 of total 131) .... done (Time = 0.00s, Memory = 0.0K)
Checking Rule SDC2SGDCPARSE for module UART_TOP (Rule 68 of total 131) .... done (Time = 0.00s, Memory = 0.0K)
Checking Rule SDC2SGDCPARSE for module DF_SYNC (Rule 68 of total 131) .... done (Time = 0.00s, Memory = 0.0K)
Checking Rule SDC2SGDCPARSE for module FIFO_RD (Rule 68 of total 131) .... done (Time = 0.00s, Memory = 0.0K)
Checking Rule SDC2SGDCPARSE for module FIFO_WR (Rule 68 of total 131) .... done (Time = 0.00s, Memory = 0.0K)
Checking Rule SDC2SGDCPARSE for module FIFO_MEM_CONTROL (Rule 68 of total 131) .... done (Time = 0.00s, Memory = 0.0K)
Checking Rule SDC2SGDCPARSE for module ASYC_FIFO (Rule 68 of total 131) .... done (Time = 0.00s, Memory = 0.0K)
Checking Rule SDC2SGDCPARSE for module System_Controller (Rule 68 of total 131) .... done (Time = 0.00s, Memory = 0.0K)
Checking Rule SDC2SGDCPARSE for module Pulse_Generator (Rule 68 of total 131) .... done (Time = 0.00s, Memory = 0.0K)
Checking Rule SDC2SGDCPARSE for module Data_Sync (Rule 68 of total 131) .... done (Time = 0.00s, Memory = 0.0K)
Checking Rule SDC2SGDCPARSE for module shift_unit (Rule 68 of total 131) .... done (Time = 0.00s, Memory = 0.0K)
Checking Rule SDC2SGDCPARSE for module cmp_unit (Rule 68 of total 131) .... done (Time = 0.00s, Memory = 0.0K)
Checking Rule SDC2SGDCPARSE for module logic_unit (Rule 68 of total 131) .... done (Time = 0.00s, Memory = 0.0K)
Checking Rule SDC2SGDCPARSE for module arithmetic_unit (Rule 68 of total 131) .... done (Time = 0.00s, Memory = 0.0K)
Checking Rule SDC2SGDCPARSE for module decoder (Rule 68 of total 131) .... done (Time = 0.00s, Memory = 0.0K)
Checking Rule SDC2SGDCPARSE for module alu_top (Rule 68 of total 131) .... done (Time = 0.00s, Memory = 0.0K)
Checking Rule SDC2SGDCPARSE for module register_file (Rule 68 of total 131) .... done (Time = 0.00s, Memory = 0.0K)
Checking Rule SDC2SGDCPARSE for module Clock_Gating (Rule 68 of total 131) .... done (Time = 0.00s, Memory = 0.0K)
Checking Rule SDC2SGDCPARSE for module Clock_Divider (Rule 68 of total 131) .... done (Time = 0.00s, Memory = 0.0K)
Checking Rule SDC2SGDCPARSE for module Prescale_MUX (Rule 68 of total 131) .... done (Time = 0.00s, Memory = 0.0K)
Checking Rule SDC2SGDCPARSE for module Reset_SYNC (Rule 68 of total 131) .... done (Time = 0.00s, Memory = 0.0K)
Checking Rule SDC2SGDCPARSE for module System_TOP (Rule 68 of total 131) .... done (Time = 0.00s, Memory = 0.0K)
Performing semantic checks on SGDC contents
..... SGDC semantic checks completed. (Time = 0.00s, Memory = 37.9K)
Checking Rule SGDC_testmode03 (Rule 69 of total 131) .... done (Time = 0.00s, Memory = 0.0K)
Checking Rule SDC2SGDCPARSE for module Stop_Checker (Rule 68 of total 131) .... done (Time = 0.00s, Memory = 0.0K)
Checking Rule SDC2SGDCPARSE for module Parity_Checker (Rule 68 of total 131) .... done (Time = 0.00s, Memory = 0.0K)
Checking Rule SDC2SGDCPARSE for module Start_Checker (Rule 68 of total 131) .... done (Time = 0.00s, Memory = 0.0K)
Checking Rule SDC2SGDCPARSE for module Deserializer (Rule 68 of total 131) .... done (Time = 0.00s, Memory = 0.0K)
Checking Rule SDC2SGDCPARSE for module Data_Sampler (Rule 68 of total 131) .... done (Time = 0.00s, Memory = 0.0K)
Checking Rule SDC2SGDCPARSE for module Edge_Bit_Counter (Rule 68 of total 131) .... done (Time = 0.00s, Memory = 0.0K)
Checking Rule SDC2SGDCPARSE for module FSM_RX (Rule 68 of total 131) .... done (Time = 0.00s, Memory = 0.0K)
Checking Rule SDC2SGDCPARSE for module UART_RX_top (Rule 68 of total 131) .... done (Time = 0.00s, Memory = 0.0K)
Checking Rule SDC2SGDCPARSE for module Serializer (Rule 68 of total 131) .... done (Time = 0.00s, Memory = 0.0K)
Checking Rule SDC2SGDCPARSE for module Parity_Calculator (Rule 68 of total 131) .... done (Time = 0.00s, Memory = 0.0K)
Checking Rule SDC2SGDCPARSE for module MUX (Rule 68 of total 131) .... done (Time = 0.00s, Memory = 0.0K)
Checking Rule SDC2SGDCPARSE for module FSM (Rule 68 of total 131) .... done (Time = 0.00s, Memory = 0.0K)
Checking Rule SDC2SGDCPARSE for module UART_TX_top (Rule 68 of total 131) .... done (Time = 0.00s, Memory = 0.0K)
Checking Rule SDC2SGDCPARSE for module UART_TOP (Rule 68 of total 131) .... done (Time = 0.00s, Memory = 0.0K)
Checking Rule SDC2SGDCPARSE for module DF_SYNC (Rule 68 of total 131) .... done (Time = 0.00s, Memory = 0.0K)
Checking Rule SDC2SGDCPARSE for module FIFO_RD (Rule 68 of total 131) .... done (Time = 0.00s, Memory = 0.0K)
Checking Rule SDC2SGDCPARSE for module FIFO_WR (Rule 68 of total 131) .... done (Time = 0.00s, Memory = 0.0K)
Checking Rule SDC2SGDCPARSE for module FIFO_MEM_CONTROL (Rule 68 of total 131) .... done (Time = 0.00s, Memory = 0.0K)
Checking Rule SDC2SGDCPARSE for module ASYC_FIFO (Rule 68 of total 131) .... done (Time = 0.00s, Memory = 0.0K)
Checking Rule SDC2SGDCPARSE for module System_Controller (Rule 68 of total 131) .... done (Time = 0.00s, Memory = 0.0K)
Checking Rule SDC2SGDCPARSE for module Pulse_Generator (Rule 68 of total 131) .... done (Time = 0.00s, Memory = 0.0K)
Checking Rule SDC2SGDCPARSE for module Data_Sync (Rule 68 of total 131) .... done (Time = 0.00s, Memory = 0.0K)
Checking Rule SDC2SGDCPARSE for module shift_unit (Rule 68 of total 131) .... done (Time = 0.00s, Memory = 0.0K)
Checking Rule SDC2SGDCPARSE for module cmp_unit (Rule 68 of total 131) .... done (Time = 0.00s, Memory = 0.0K)
Checking Rule SDC2SGDCPARSE for module logic_unit (Rule 68 of total 131) .... done (Time = 0.00s, Memory = 0.0K)
Checking Rule SDC2SGDCPARSE for module arithmetic_unit (Rule 68 of total 131) .... done (Time = 0.00s, Memory = 0.0K)
Checking Rule SDC2SGDCPARSE for module decoder (Rule 68 of total 131) .... done (Time = 0.00s, Memory = 0.0K)
Checking Rule SDC2SGDCPARSE for module alu_top (Rule 68 of total 131) .... done (Time = 0.00s, Memory = 0.0K)
Checking Rule SDC2SGDCPARSE for module register_file (Rule 68 of total 131) .... done (Time = 0.00s, Memory = 0.0K)
Checking Rule SDC2SGDCPARSE for module Clock_Gating (Rule 68 of total 131) .... done (Time = 0.00s, Memory = 0.0K)
Checking Rule SDC2SGDCPARSE for module Clock_Divider (Rule 68 of total 131) .... done (Time = 0.00s, Memory = 0.0K)
Checking Rule SDC2SGDCPARSE for module Prescale_MUX (Rule 68 of total 131) .... done (Time = 0.00s, Memory = 0.0K)
Checking Rule SDC2SGDCPARSE for module Reset_SYNC (Rule 68 of total 131) .... done (Time = 0.00s, Memory = 0.0K)
Checking Rule SDC2SGDCPARSE for module System_TOP (Rule 68 of total 131) .... done (Time = 0.00s, Memory = 0.0K)
Checking Rule CheckCelldefine (Rule 70 of total 131) .... done (Time = 0.00s, Memory = -32.0K)
Checking Rule checkSGDC_01 (Rule 71 of total 131) .... done (Time = 0.00s, Memory = -0.2K)
Checking Rule checkSGDC_03 (Rule 72 of total 131) .... done (Time = 0.00s, Memory = 0.0K)
Checking Rule checkSGDC_08 (Rule 73 of total 131) .... done (Time = 0.00s, Memory = 0.0K)
Checking Rule SGDC_memorywritepin04 (Rule 74 of total 131) .... done (Time = 0.00s, Memory = 15.0K)
Checking Rule SGDC_reset02 (Rule 75 of total 131) .... done (Time = 0.00s, Memory = 16.0K)
Checking Rule SGDC_reset03 (Rule 76 of total 131) .... done (Time = 0.00s, Memory = 8.0K)
Checking Rule SGDC_waive23 (Rule 77 of total 131) .... done (Time = 0.00s, Memory = 0.0K)
Checking Rule SGDC_waive26 (Rule 78 of total 131) .... done (Time = 0.00s, Memory = 0.9K)
Checking Rule SGDC_waive27 (Rule 79 of total 131) .... done (Time = 0.00s, Memory = -31.2K)
Checking Rule SGDC_waive29 (Rule 80 of total 131) .... done (Time = 0.00s, Memory = -6.2K)
Checking Rule SGDC_libgroup03 (Rule 81 of total 131) .... done (Time = 0.00s, Memory = -35.9K)
Checking Rule SGDC_ungroup02 (Rule 82 of total 131) .... done (Time = 0.00s, Memory = -1.9K)
Checking Rule _abstractPortSGDC (Rule 83 of total 131) .... done (Time = 0.00s, Memory = 0.1K)
Checking Rule SGDC_abstract_port03 (Rule 84 of total 131) .... done (Time = 0.00s, Memory = 0.0K)
Checking Rule SGDC_abstract_port04 (Rule 85 of total 131) .... done (Time = 0.00s, Memory = 0.0K)
Checking Rule SGDC_abstract_port05 (Rule 86 of total 131) .... done (Time = 0.00s, Memory = 0.0K)
Checking Rule SGDC_abstract_port07 (Rule 87 of total 131) .... done (Time = 0.00s, Memory = 0.0K)
Checking Rule SGDC_abstract_port08 (Rule 88 of total 131) .... done (Time = 0.00s, Memory = 0.0K)
Checking Rule SGDC_abstract_port10 (Rule 89 of total 131) .... done (Time = 0.00s, Memory = 24.0K)
Checking Rule SGDC_abstract_port11 (Rule 90 of total 131) .... done (Time = 0.00s, Memory = 0.0K)
Checking Rule SGDC_abstract_port12 (Rule 91 of total 131) .... done (Time = 0.00s, Memory = 0.0K)
Checking Rule SGDC_abstract_port13 (Rule 92 of total 131) .... done (Time = 0.00s, Memory = 32.0K)
Checking Rule SGDC_sdcschema01 (Rule 93 of total 131) .... done (Time = 0.00s, Memory = 24.0K)
Checking Rule ReportUngroup (Rule 94 of total 131) .... done (Time = 0.00s, Memory = 0.0K)
Checking Rule SGDC_abstract_port21 (Rule 95 of total 131) .... done (Time = 0.00s, Memory = 0.0K)
Checking Rule SDC2SGDC_WRN01 (Rule 96 of total 131) .... done (Time = 0.00s, Memory = 0.0K)
Checking Rule SDC2SGDC_STX01 (Rule 97 of total 131) .... done (Time = 0.00s, Memory = 0.0K)
##SGDEBUG [BENCHMARK_ABSOLUTE]: VS rule checking finished...: 1 sec, 578652 KB, 2469496 KB
##SGDEBUG [BENCHMARK_INCR]: VS rule checking finished...: 0 sec, 3939 KB, 3328 KB
##SGDEBUG [BENCHMARK_ABSOLUTE]: Flattening started: 1 sec, 580162 KB, 2470776 KB
##SGDEBUG [BENCHMARK_INCR]: Flattening started: 0 sec, 1510 KB, 1280 KB
 Flattening System_TOP ....
     (Memory Used = 1677.0K(incr), 581839.3K(tot), Cpu Time = 0.02s(incr))
 Flattening completed
##SGDEBUG [BENCHMARK_DATA]: Number of Flat Instances = 1246
##SGDEBUG [BENCHMARK_DATA]: Number of Flat Nets = 1633
##SGDEBUG [BENCHMARK_DATA]: Number of Flat Terms = 6182
##SGDEBUG [BENCHMARK_DATA]: Number of Flat Paths = 37
##SGDEBUG [BENCHMARK_DATA]: Number of Flat Ports = 7
##SGDEBUG [BENCHMARK_DATA]: Number of Black-Box Instances = 0
##SGDEBUG [BENCHMARK_DATA]: Number of Lib Instances = 1
##SGDEBUG [BENCHMARK_DATA]: Number of ILM Instances = 0
##SGDEBUG [BENCHMARK_ABSOLUTE]: Flattening finished: 1 sec, 581843 KB, 2472056 KB
##SGDEBUG [BENCHMARK_INCR]: Flattening finished: 0 sec, 1681 KB, 1280 KB
Checking Rule Domain_Conflict01 (Rule 98 of total 131) .... done (Time = 0.00s, Memory = 0.0K)
Checking Rule Domain_Matrix01 (Rule 99 of total 131) .... done (Time = 0.00s, Memory = 0.0K)
Checking Rule Domain_Missing01 (Rule 100 of total 131) .... done (Time = 0.00s, Memory = -2.0K)
Checking Rule SDC_Mapping01 (Rule 101 of total 131) .... done (Time = 0.00s, Memory = 0.0K)
Checking Rule SDC2SGDCPARSEW (Rule 102 of total 131)
AtrDomain: Inferring Clock Domains...CLOCK_STA mode..Done. (Time Taken=0s)
AtrDomain: Generating Clock Domain Reports...Done. (Time Taken=0s)
 .... done (Time = 0.00s, Memory = 72.0K)
Checking Rule AnalyzeBBox (Rule 103 of total 131) .... done (Time = 0.00s, Memory = 24.0K)
Checking Rule ReportCheckDataSummary (Rule 104 of total 131) .... done (Time = 0.00s, Memory = 0.0K)

Applying user specified and internally generated waivers on violation database .... done (Time = 0.03s)

Generating data for Console...
##SGDEBUG [PEAK_MEMORY]: 2477432 KB for entire run at 'just before destroying nvn arrays in flattener' stage
##SGDEBUG [VMPEAK_MEMORY]: 2954920 KB for entire run
##SGDEBUG [BENCHMARK_ABSOLUTE]: Rule checking finished: 1 sec, 579820 KB, 2473052 KB
##SGDEBUG [BENCHMARK_INCR]: Rule checking finished: 0 sec, -2023 KB, 996 KB


=====================================================================================
							Rule Parameter Table
=====================================================================================

	PARAMETER-NAME                                     VALUE
-------------------------------------------------------------------------------------
	-allow_clock_on_output_port                        no
	-assign_domain_conflict_clocks                     yes
	-check_clock_group_violations                      no
	-chip                                              unspecified
	-debug_proc                                        no
	-force_genclk_for_txv                              no
	-library_gen_clock_naming                          yes
	-netlist_clock_polarity                            yes
	-populate_comboelements_for_minmax_in_fromto       no
	-preserve_path                                     no
	-pt                                                yes
	-show_all_sdc_violations                           no
	-show_sdc_progress                                 no
	-suppress_sdc_violation_in_abstract                no
	-tc_disable_caching                                no
	-tc_stop_parsing_ignored_commands                  no
	-truncate_through                                  yes
	-use_hier_sep_slash                                no
	-write_sdc                                         no
=====================================================================================



=====================================================================================
                               Rule Status Table

 RULE-NAME                      POLICY-NAME     ENABLED VIOL-CNT RULE-TYPE   ERROR-MSG         
=====================================================================================
 SDC_Mapping01                  SpyGlass        Yes            1 FLATBLOCKDU    -               
 Domain_Matrix01                SpyGlass        Yes            1 FLATBLOCKDU    -               
 SDC2SGDC_INFO                  SpyGlass        Yes            1 SETUP          -               
 ElabSummary                    SpyGlass        Yes            1 SETUP          -               
 DetectTopDesignUnits           SpyGlass        Yes            1 SETUP          -               
-------------------------------------------------------------------------------------
Note: VSDU type of rules (as seen in the above table) are not run on
      unsynthesized modules reported by 'ErrorAnalyzeBBox/InfoAnalyzeBBox' messages
      (Please see messages starting with keyword 'UnsynthesizedDU')

##status : SpyGlass Rule Checking Complete.

---------------------------------------------------------------------------------------------
Results Summary:
---------------------------------------------------------------------------------------------
   Goal Run           :      Design_Read
   Command-line read  :      0 error,      0 warning,      0 information message 
   Design Read        :      0 error,      0 warning,      5 information messages
      Found 1 top module:
         System_TOP   (file: ../../RTL/System_TOP.v)

   Blackbox Resolution:      0 error,      0 warning,      0 information message 
   SGDC Checks        :      0 error,      0 warning,      0 information message 
   -------------------------------------------------------------------------------------
   Total              :      0 error,      0 warning,      5 information messages

  Total Number of Generated Messages     :         5 (0 error, 0 warning, 5 Infos)
  Number of Reported Messages            :         5 (0 error, 0 warning, 5 Infos)

---------------------------------------------------------------------------------------------



SpyGlass Rule Checking Complete.

Generating moresimple report from './spyglass-1/Design_Read/spyglass.vdb' to './spyglass-1/Design_Read/spyglass_reports/moresimple.rpt' ....

Generating runsummary report from './spyglass-1/Design_Read/spyglass.vdb' ....

Generating no_msg_reporting_rules report from './spyglass-1/Design_Read/spyglass.vdb' to './spyglass-1/Design_Read/spyglass_reports/no_msg_reporting_rules.rpt' ....

Policy specific data (reports) are present in the directory './spyglass-1/Design_Read/spyglass_reports'.

SpyGlass critical reports for the current run are present in directory './spyglass-1/consolidated_reports/Design_Read/'.

SpyGlass Exit Code 0 (Rule-checking completed without errors or warnings)
SpyGlass total run-time is 0:0:1 (1 secs)
SpyGlass run completed at 10:10:16 PM on Oct 01 2026
