 
****************************************
Report : timing
        -path full
        -delay max
        -max_paths 1
Design : SYS_TOP
Version: O-2018.06-SP1
Date   : Tue Oct  6 23:23:16 2026
****************************************

Operating Conditions: scmetro_tsmc_cl013g_rvt_ss_1p08v_125c   Library: scmetro_tsmc_cl013g_rvt_ss_1p08v_125c
Wire Load Model Mode: top

  Startpoint: ALU/u2/ALU_Valid_reg
              (rising edge-triggered flip-flop clocked by ALU_CLK)
  Endpoint: ALU/u2/logic_out_reg[0]
            (rising edge-triggered flip-flop clocked by ALU_CLK)
  Path Group: ALU_CLK
  Path Type: max

  Des/Clust/Port     Wire Load Model       Library
  ------------------------------------------------
  SYS_TOP            tsmc13_wl30           scmetro_tsmc_cl013g_rvt_ss_1p08v_125c

  Point                                                   Incr       Path
  --------------------------------------------------------------------------
  clock ALU_CLK (rise edge)                               0.00       0.00
  clock network delay (ideal)                             0.00       0.00
  ALU/u2/ALU_Valid_reg/CK (SDFFRQX1M)                     0.00       0.00 r
  ALU/u2/ALU_Valid_reg/Q (SDFFRQX1M)                      0.75       0.75 f
  ALU/u2/logic_out_reg[0]/SI (SDFFRQX1M)                  0.00       0.75 f
  data arrival time                                                  0.75

  clock ALU_CLK (rise edge)                              20.00      20.00
  clock network delay (ideal)                             0.00      20.00
  clock uncertainty                                      -0.20      19.80
  ALU/u2/logic_out_reg[0]/CK (SDFFRQX1M)                  0.00      19.80 r
  library setup time                                     -0.62      19.18
  data required time                                                19.18
  --------------------------------------------------------------------------
  data required time                                                19.18
  data arrival time                                                 -0.75
  --------------------------------------------------------------------------
  slack (MET)                                                       18.44


  Startpoint: SE (input port clocked by SCAN_CLK)
  Endpoint: TX_FIFO/U0/MEM_reg[0][1]
            (rising edge-triggered flip-flop clocked by SCAN_CLK)
  Path Group: SCAN_CLK
  Path Type: max

  Des/Clust/Port     Wire Load Model       Library
  ------------------------------------------------
  SYS_TOP            tsmc13_wl30           scmetro_tsmc_cl013g_rvt_ss_1p08v_125c

  Point                                                   Incr       Path
  --------------------------------------------------------------------------
  clock SCAN_CLK (rise edge)                              0.00       0.00
  clock network delay (ideal)                             0.00       0.00
  input external delay                                   20.00      20.00 r
  SE (in)                                                 0.66      20.66 r
  U20/Y (DLY1X1M)                                         0.88      21.53 r
  TX_FIFO/test_se (ASYC_FIFO_test_1)                      0.00      21.53 r
  TX_FIFO/U9/Y (DLY1X1M)                                  0.88      22.41 r
  TX_FIFO/U10/Y (DLY1X1M)                                 0.88      23.29 r
  TX_FIFO/U12/Y (DLY1X1M)                                 0.88      24.16 r
  TX_FIFO/U7/Y (DLY1X1M)                                  0.88      25.04 r
  TX_FIFO/U0/test_se (FIFO_MEM_CONTROL_test_1)            0.00      25.04 r
  TX_FIFO/U0/U260/Y (DLY1X1M)                             0.88      25.91 r
  TX_FIFO/U0/U253/Y (DLY1X1M)                             0.88      26.79 r
  TX_FIFO/U0/U263/Y (DLY1X1M)                             0.88      27.67 r
  TX_FIFO/U0/U230/Y (DLY1X1M)                             0.88      28.54 r
  TX_FIFO/U0/U270/Y (DLY1X1M)                             0.89      29.43 r
  TX_FIFO/U0/U236/Y (DLY1X1M)                             0.91      30.34 r
  TX_FIFO/U0/MEM_reg[0][1]/SE (SDFFQX2M)                  0.00      30.34 r
  data arrival time                                                 30.34

  clock SCAN_CLK (rise edge)                            100.00     100.00
  clock network delay (ideal)                             0.00     100.00
  clock uncertainty                                      -0.20      99.80
  TX_FIFO/U0/MEM_reg[0][1]/CK (SDFFQX2M)                  0.00      99.80 r
  library setup time                                     -0.67      99.13
  data required time                                                99.13
  --------------------------------------------------------------------------
  data required time                                                99.13
  data arrival time                                                -30.34
  --------------------------------------------------------------------------
  slack (MET)                                                       68.79


1
