
################################################################################
################################################################################
#
# This file has been generated by SpyGlass:
#     Report Created by: ICer
#     Report Created on: Thu Oct  1 22:55:23 2026
#     Working Directory: /home/ICer/Final_System/spyglass/CDC
#     Report Location  : ./spyglass-1/cdc/cdc_verify/spyglass_reports/clock-reset/adv_cdc.rpt
#     SpyGlass Version : SpyGlass_vL-2016.06
#     Policy Name      : clock-reset(SpyGlass_vL-2016.06)
#     Comment          : Generated by clock-reset
#
################################################################################


################################################################################
#
# Purpose: 
#   This report contains the functional analysis statistics of a design.
#
# Format: 
#   It contains the following sections :
#   Section A: Clock Information
#     Lists the clock information of the design 
#   Section B: Reset Information
#     Lists the reset information of the design 
#   Section C: Set-Case Analysis Settings
#     Lists the set case analysis settings used in the design 
#   Section D: Initial State of the Design
#     Lists the initial-state statistics of the design along with the 
#     reset percentage. The initial state of each register can be seen 
#     in adv_cdc.reg file.
#   Section E: Results Summary (Current) 
#     Lists the statistics of the assertions formed for each rule.
#     Following is a description of the columns of this table:
#       Passed           - Assertions that prove are listed here
#       Failed           - Assertions that fail are listed here
#       Partially Proved - Assertions that remain unconcluded are listed along
#                          with the average depth of formal analysis
#       Not Analyzed     - This column gets populated in audit mode(-fa_audit)
#       Others           - Lists those assertions for which functional analysis
#                          could not be carried out either due to Conflicting
#                          Constraints or due to some Internal-Error
#   Section F: Results Summary (Cumulative) 
#     Lists the summary of cumulative set of assertions formed in the current 
#     run and the information of earlier runs in the property file. This section 
#     is printed when you specify a property file using the -fa_propfile
#     command-line option.
#   Section G: Assertion Details
#     Lists the assertion details. In case of failures and partially proved 
#     assertions, the depth information is also reported. 
#     The format for this is : 
#       <CycleDepth> (<Depth>) where
#           <CycleDepth> - Number of cycles of the fastest clock till that depth
#           <Depth>      - Verification Depth till which the assertion was evaluated
################################################################################

Section A: Clock Information
=============================

(clock): (period); (clock source); (rising/falling); (edgeList); (no. of flops on posedge); (no. of flops on negedge)
-----------------------------------------------------------------------------------------------------
System_TOP.UART_CLK: 271.25; SGDC; Rising; (0.0, 135.6); 87; 0
System_TOP.REF_CLK: 20.00; SGDC; Rising; (0.0, 10.0); 288; 0

Design Cycle: 464

##########################################################################################################


Section B: Resets Information
==============================

(reset) ; (value)
------------------------
System_TOP.RST ; Active Low

##########################################################################################################


Section C: Set-Case Analysis Settings
==============================

 No set_case_analysis found

################################################################################

Section D: Initial State of the Design
======================================

Total no of FFs: 375
No of '1's: 3
No of '0's: 308
No of 'x's: 64
RESET PERCENTAGE for root 'System_TOP'(375 flops) is '82.93%'

################################################################################

Section E: Results Summary (Current)
====================================

------------------------------------------------------------------------------------------------------------------------
RuleName            Passed         Failed         Partially Proved         Not Analyzed         Others         Total
                                                   (Average Depth) 
------------------------------------------------------------------------------------------------------------------------
Ac_conv02              1              0                   1(200)                 0                 0             2
Ac_cdc01a              0              0                   1(200)                 0                 0             1
Ac_datahold01a         1              0                   1(200)                 0                 0             2
------------------------------------------------------------------------------------------------------------------------
Total                  2              0                   3                      0                 0             5
------------------------------------------------------------------------------------------------------------------------

################################################################################

Section F: Results Summary (Cumulative)
========================================

NOT APPLICABLE (AS NO PROPERTY FILE PASSED)

################################################################################

Section G:  Assertion Details
===============================


RuleName: Ac_conv02 
-----------------------
1. (Hier:System_TOP) System_TOP.R_empty, ../../RTL/System_TOP.v, 204, :  PROVED
2. (Hier:System_TOP) System_TOP.W_full, ../../RTL/System_TOP.v, 198, :  Partially-Proved through depth 93(200), [Flop-Count:153, Design-Cycle:464]

================================================================================

RuleName: Ac_cdc01a 
-----------------------
1. (Hier:System_TOP.TX_FIFO.U4_FIFO_RD) SFlop:System_TOP.TX_FIFO.W_ptr[3] SClk:System_TOP.REF_CLK DFlop:System_TOP.TX_FIFO.U4_FIFO_RD.stage1[3] DClk:System_TOP.UART_CLK, ../../RTL/DF_SYNC.v, 16, :  Partially-Proved through depth 93(200), [Flop-Count:153, Design-Cycle:464]

================================================================================

RuleName: Ac_datahold01a 
-----------------------
1. (Hier:System_TOP.Data_Synchronizer) Des: "System_TOP.Data_Synchronizer.\sync_bus_reg[0] .Q", Src: "System_TOP.UART.RX_INST.U3.\P_DATA_reg[0] .Q", ../../RTL/Data_Sync.v, 37, :  PROVED
2. (Hier:System_TOP.UART.TX_INST) Des: "System_TOP.UART.TX_INST.\P_data_reg_reg[0] .Q", Src: "System_TOP.TX_FIFO.U0.\MEM_reg[0][0] .Q", ../../RTL/UART_TX_top.v, 22, :  Partially-Proved through depth 93(200), [Flop-Count:198, Design-Cycle:464]

================================================================================

################################################################################

################################################################################
