
################################################################################
#
# This file has been generated by SpyGlass:
#     Report Name      : moresimple
#     Report Created by: ICer
#     Report Created on:  Thu Oct  1 22:55:01 2026
#     Working Directory: /home/ICer/Final_System/spyglass/CDC
#     SpyGlass Version : SpyGlass_vL-2016.06
#     Policy Name      : SpyGlass(SpyGlass_vL-2016.06)
#                        clock-reset(SpyGlass_vL-2016.06)
#
#     Total Number of Generated Messages :         52
#     Number of Waived Messages          :          6
#     Number of Reported Messages        :         46
#     Number of Overlimit Messages       :          0
#
#
################################################################################

+++++++++++++++++++++++++++++++++++++++++++++++++++++++++++++++++++++++
MORESIMPLE REPORT:


############### BuiltIn -> RuleGroup=Design Read ###############
+++++++++++++++++++++++++++++++++++++++++++++++++++++++++++++++++++++++++++++++++++++++
ID       Rule                    Alias                   Severity    File                                                                         Line    Wt    Message
======================================================================================
[1]      DetectTopDesignUnits    DetectTopDesignUnits    Info        ../../RTL/System_TOP.v                                                       1       2     Module System_TOP is a top level design unit
[1A]     Domain_Matrix01                                 Info        Final_System.sgdc                                                            2       10    Domain Matrix for design "System_TOP",  based on the individual constraints defined in the SDC as inferred in the Sta mode
[0]      ElabSummary             ElabSummary             Info        ./spyglass-1/cdc/cdc_verify/spyglass_reports/SpyGlass/elab_summary.rpt       0       2     Please refer file './spyglass-1/cdc/cdc_verify/spyglass_reports/SpyGlass/elab_summary.rpt' for elab summary report
[40]     Info_Case_Analysis      showSimVal              Info        ../../RTL/System_TOP.v                                                       1       10    Information for set_case_analysis value propagation for design 'System_TOP' is displayed
[24]     SDC2SGDC_INFO                                   Info        ./spyglass-1/cdc/cdc_verify/spyglass_reports/sdc2sgdc/sdc2sgdc.sgdc.25955    1       10    Sgdc file "./spyglass-1/cdc/cdc_verify/spyglass_reports/sdc2sgdc/sdc2sgdc.sgdc.25955" generated after successful SDC2SGDC translation
[25]     SDC_Mapping01                                   Info        N.A                                                                          0       10    Mapping of SDC Commands Generated
+++++++++++++++++++++++++++++++++++++++++++++++++++++++++++++++++++++++++++++++++++++++


############### BuiltIn -> RuleGroup=SGDC Checks ###############
+++++++++++++++++++++++++++++++++++++++++++++++++++++++++++++++++++++++++++++++++++++++
ID       Rule                    Alias    Severity    File                 Line    Wt    Message
======================================================================================
[2]      SGDC_abstract_port03             Info        Final_System.sgdc    5       10    Constraint 'abstract_port': 'async' specified with '-clock' field not found on/within module 'System_TOP'.Considering it as virtual clock
+++++++++++++++++++++++++++++++++++++++++++++++++++++++++++++++++++++++++++++++++++++++


############### Non-BuiltIn -> Goal=cdc/cdc_verify ###############
+++++++++++++++++++++++++++++++++++++++++++++++++++++++++++++++++++++++++++++++++++++++
ID       Rule                    Alias             Severity    File                                                                                       Line    Wt    Message
======================================================================================
[95]     Ac_clockperiod02                          Info        /home/ICer/Final_System/syn/sdc/System_TOP.sdc                                             22      2     For top design unit 'System_TOP', Period has been rounded for 1 (50 %) clocks. Refer file: './spyglass-1/cdc/cdc_verify/spyglass_reports/clock-reset/Ac_clockperiod02.csv' for details
[43]     Ac_crossing01                             Info        ../../RTL/System_TOP.v                                                                     1       10    CrossingMatrix spreadsheet generated for design 'System_TOP'
[89]     Ac_initstate01          ResetState        Info        ../../RTL/System_TOP.v                                                                     1       10    82 percent of sequential outputs are initialized with sets/resets and 0 percent sequential outputs are initialized by data path. Refer file: './spyglass-1/cdc/cdc_verify/spyglass_reports/clock-reset/adv_cdc.reg' for details
[96]     Ac_report01             PropStatistics    Info        ../../RTL/System_TOP.v                                                                     1       10    Implicit: '5' implicit properties analyzed, '0' failed, '2' passed, '3' partially proved, '0' not analyzed, '0' others for top design unit 'System_TOP'. Refer file: './spyglass-1/cdc/cdc_verify/spyglass_reports/clock-reset/adv_cdc.rpt' for details
[3C]     Ac_sync01                                 Info        ../../RTL/Clock_Divider.v                                                                  32      2     Synchronized Crossing: destination flop System_TOP.TX_Clock_Divider.clk_div_reg, clocked by System_TOP.UART_CLK, source flop System_TOP.Register_File.reg_file[3][7:0], clocked by System_TOP.REF_CLK, by method: does not require synchronization (long-delay/quasi-static) [Total Sources: 1 (Number of source domains: 1)]
[3E]     Ac_sync01                                 Info        ../../RTL/Clock_Divider.v                                                                  32      2     Synchronized Crossing: destination flop System_TOP.RX_Clock_Divider.clk_div_reg, clocked by System_TOP.UART_CLK, source flop System_TOP.Register_File.reg_file[2][7:2], clocked by System_TOP.REF_CLK, by method: does not require synchronization (long-delay/quasi-static) [Total Sources: 1 (Number of source domains: 1)]
[2B]     Ac_sync01                                 Info        ../../RTL/FSM_RX.v                                                                         151     2     Synchronized Crossing: destination flop System_TOP.UART.RX_INST.U0.data_valid, clocked by System_TOP.UART_CLK, source flop System_TOP.Register_File.reg_file[2][7:2], clocked by System_TOP.REF_CLK, by method: does not require synchronization (long-delay/quasi-static) [Total Sources: 1 (Number of source domains: 1)]
[31]     Ac_sync01                                 Info        ../../RTL/Parity_Calculator.v                                                              13      2     Synchronized Crossing: destination flop System_TOP.UART.TX_INST.U3.par_bit, clocked by System_TOP.UART_CLK, source flop System_TOP.Register_File.reg_file[2][1], clocked by System_TOP.REF_CLK, by method: does not require synchronization (long-delay/quasi-static) [Total Sources: 1 (Number of source domains: 1)]
[2F]     Ac_sync01                                 Info        ../../RTL/Parity_Checker.v                                                                 20      2     Synchronized Crossing: destination flop System_TOP.UART.RX_INST.U5.PAR_err, clocked by System_TOP.UART_CLK, source flop System_TOP.Register_File.reg_file[2][7:3], clocked by System_TOP.REF_CLK, by method: does not require synchronization (long-delay/quasi-static) [Total Sources: 2 (Number of source domains: 1)]
[33]     Ac_sync01                                 Info        ../../RTL/Start_Checker.v                                                                  18      2     Synchronized Crossing: destination flop System_TOP.UART.RX_INST.U4.START_err, clocked by System_TOP.UART_CLK, source flop System_TOP.Register_File.reg_file[2][7:2], clocked by System_TOP.REF_CLK, by method: does not require synchronization (long-delay/quasi-static) [Total Sources: 1 (Number of source domains: 1)]
[2D]     Ac_sync01                                 Info        ../../RTL/Stop_Checker.v                                                                   18      2     Synchronized Crossing: destination flop System_TOP.UART.RX_INST.U6.STOP_err, clocked by System_TOP.UART_CLK, source flop System_TOP.Register_File.reg_file[2][7:3], clocked by System_TOP.REF_CLK, by method: does not require synchronization (long-delay/quasi-static) [Total Sources: 1 (Number of source domains: 1)]
[3D]     Ac_sync02                                 Info        ../../RTL/Clock_Divider.v                                                                  31      2     Synchronized Crossing: destination flop System_TOP.TX_Clock_Divider.counter[7:0], clocked by System_TOP.UART_CLK, source flop System_TOP.Register_File.reg_file[3][7:0], clocked by System_TOP.REF_CLK, by method: does not require synchronization (long-delay/quasi-static) [Total Sources: 1 (Number of source domains: 1)]
[3F]     Ac_sync02                                 Info        ../../RTL/Clock_Divider.v                                                                  31      2     Synchronized Crossing: destination flop System_TOP.RX_Clock_Divider.counter[7:0], clocked by System_TOP.UART_CLK, source flop System_TOP.Register_File.reg_file[2][7:2], clocked by System_TOP.REF_CLK, by method: does not require synchronization (long-delay/quasi-static) [Total Sources: 1 (Number of source domains: 1)]
[29]     Ac_sync02                                 Info        ../../RTL/DF_SYNC.v                                                                        16      2     Synchronized Crossing: destination flop System_TOP.TX_FIFO.U3_FIFO_WR.stage1[3:0], clocked by System_TOP.REF_CLK, source flop System_TOP.TX_FIFO.U2.R_ptr[3:0], clocked by System_TOP.UART_CLK, by method: Conventional multi-flop for metastability technique [Total Sources: 1 (Number of source domains: 1)]
[3B]     Ac_sync02                                 Info        ../../RTL/DF_SYNC.v                                                                        16      2     Synchronized Crossing: destination flop System_TOP.TX_FIFO.U4_FIFO_RD.stage1[3:0], clocked by System_TOP.UART_CLK, source flop System_TOP.TX_FIFO.U1.W_ptr[3:0], clocked by System_TOP.REF_CLK, by method: Conventional multi-flop for metastability technique [Total Sources: 1 (Number of source domains: 1)]
[39]     Ac_sync02                                 Info        ../../RTL/Data_Sampler.v                                                                   25      2     Synchronized Crossing: destination flop System_TOP.UART.RX_INST.U2.compare[2:0], clocked by System_TOP.UART_CLK, source flop System_TOP.Register_File.reg_file[2][7:3], clocked by System_TOP.REF_CLK, by method: does not require synchronization (long-delay/quasi-static) [Total Sources: 1 (Number of source domains: 1)]
[38]     Ac_sync02                                 Info        ../../RTL/Data_Sampler.v                                                                   26      2     Synchronized Crossing: destination flop System_TOP.UART.RX_INST.U2.counter[1:0], clocked by System_TOP.UART_CLK, source flop System_TOP.Register_File.reg_file[2][7:3], clocked by System_TOP.REF_CLK, by method: does not require synchronization (long-delay/quasi-static) [Total Sources: 1 (Number of source domains: 1)]
[2A]     Ac_sync02                                 Info        ../../RTL/Data_Sync.v                                                                      28      2     Synchronized Crossing: destination flop System_TOP.Data_Synchronizer.meta_flop[0], clocked by System_TOP.REF_CLK, source flop System_TOP.UART.RX_INST.U0.data_valid, clocked by System_TOP.UART_CLK, by method: Conventional multi-flop for metastability technique [Total Sources: 1 (Number of source domains: 1)]
[28]     Ac_sync02                                 Info        ../../RTL/Data_Sync.v                                                                      37      2     Synchronized Crossing: destination flop System_TOP.Data_Synchronizer.sync_bus[7:0], clocked by System_TOP.REF_CLK, source flop System_TOP.UART.RX_INST.U3.P_DATA[7:0], clocked by System_TOP.UART_CLK, by method: Recirculation flop [Total Sources: 1 (Number of source domains: 1)]
[2C]     Ac_sync02                                 Info        ../../RTL/Deserializer.v                                                                   21      2     Synchronized Crossing: destination flop System_TOP.UART.RX_INST.U3.P_DATA[7:0], clocked by System_TOP.UART_CLK, source flop System_TOP.Register_File.reg_file[2][7:2], clocked by System_TOP.REF_CLK, by method: does not require synchronization (long-delay/quasi-static) [Total Sources: 1 (Number of source domains: 1)]
[3A]     Ac_sync02                                 Info        ../../RTL/Deserializer.v                                                                   22      2     Synchronized Crossing: destination flop System_TOP.UART.RX_INST.U3.counter[2:0], clocked by System_TOP.UART_CLK, source flop System_TOP.Register_File.reg_file[2][7:2], clocked by System_TOP.REF_CLK, by method: does not require synchronization (long-delay/quasi-static) [Total Sources: 1 (Number of source domains: 1)]
[35]     Ac_sync02                                 Info        ../../RTL/Edge_Bit_Counter.v                                                               25      2     Synchronized Crossing: destination flop System_TOP.UART.RX_INST.U1.edge_count[4:0], clocked by System_TOP.UART_CLK, source flop System_TOP.Register_File.reg_file[2][7:2], clocked by System_TOP.REF_CLK, by method: does not require synchronization (long-delay/quasi-static) [Total Sources: 1 (Number of source domains: 1)]
[34]     Ac_sync02                                 Info        ../../RTL/Edge_Bit_Counter.v                                                               30      2     Synchronized Crossing: destination flop System_TOP.UART.RX_INST.U1.bit_count[3:0], clocked by System_TOP.UART_CLK, source flop System_TOP.Register_File.reg_file[2][7:2], clocked by System_TOP.REF_CLK, by method: does not require synchronization (long-delay/quasi-static) [Total Sources: 1 (Number of source domains: 1)]
[32]     Ac_sync02                                 Info        ../../RTL/FSM.v                                                                            24      2     Synchronized Crossing: destination flop System_TOP.UART.TX_INST.U1.current_state[2:0], clocked by System_TOP.UART_CLK, source flop System_TOP.Register_File.reg_file[2][0], clocked by System_TOP.REF_CLK, by method: does not require synchronization (long-delay/quasi-static) [Total Sources: 1 (Number of source domains: 1)]
[37]     Ac_sync02                                 Info        ../../RTL/FSM_RX.v                                                                         29      2     Synchronized Crossing: destination flop System_TOP.UART.RX_INST.U0.current_state[2:0], clocked by System_TOP.UART_CLK, source flop System_TOP.Register_File.reg_file[2][7:2], clocked by System_TOP.REF_CLK, by method: does not require synchronization (long-delay/quasi-static) [Total Sources: 2 (Number of source domains: 1)]
[30]     Ac_sync02                                 Info        ../../RTL/UART_TX_top.v                                                                    22      2     Synchronized Crossing: destination flop System_TOP.UART.TX_INST.P_data_reg[7:0], clocked by System_TOP.UART_CLK, source flop System_TOP.TX_FIFO.U0.MEM[7:0][7:0], clocked by System_TOP.REF_CLK, by method: Enable Based Synchronizer [Total Sources: 1 (Number of source domains: 1)]
[47]     Ar_sync01                                 Info        ../../RTL/Clock_Divider.v                                                                  32      10    Reset signal 'System_TOP.RST' for 'clear' pin of flop 'System_TOP.RX_Clock_Divider.clk_div_reg', clocked by 'System_TOP.UART_CLK', is synchronized by method: Multi-flop reset synchronizer (Name:System_TOP.Domain_2_Reset.memory[1])
[48]     Ar_sync01                                 Info        ../../RTL/register_file.v                                                                  40      10    Reset signal 'System_TOP.RST' for 'clear' pin of flop 'System_TOP.Register_File.RD_Valid', clocked by 'System_TOP.REF_CLK', is synchronized by method: Multi-flop reset synchronizer (Name:System_TOP.Domain_1_Reset.memory[1])
[4A]     Ar_syncdeassert01                         Info        ../../RTL/Clock_Divider.v                                                                  32      10    Reset signal 'System_TOP.RST' for 'clear' pin of flop 'System_TOP.RX_Clock_Divider.clk_div_reg', synchronously de-asserts relative to clock signal 'System_TOP.UART_CLK'
[49]     Ar_syncdeassert01                         Info        ../../RTL/register_file.v                                                                  40      10    Reset signal 'System_TOP.RST' for 'clear' pin of flop 'System_TOP.Register_File.RD_Valid', synchronously de-asserts relative to clock signal 'System_TOP.REF_CLK'
[45]     Clock_info02                              Info        N.A.                                                                                       0       2     Clock Tree generated
[54]     Clock_info15                              Info        N.A.                                                                                       0       2     Port-Clock information generated for PortClockMatrix report
[26]     Propagate_Clocks                          Info        ../../RTL/System_TOP.v                                                                     5       2     For System_TOP, clock(s) 'System_TOP.REF_CLK' of domain 'd0' propagated
[27]     Propagate_Clocks                          Info        ../../RTL/System_TOP.v                                                                     6       2     For System_TOP, clock(s) 'System_TOP.UART_CLK' of domain 'd1' propagated
[44]     Propagate_Resets                          Info        ../../RTL/System_TOP.v                                                                     7       2     For System_TOP, reset 'System_TOP.RST' propagated
[46]     Reset_info02                              Info        N.A.                                                                                       0       2     Reset Tree generated
[53]     Setup_port01                              Info        ../../RTL/System_TOP.v                                                                     1       2     Port coverage for top design unit 'System_TOP' is: '0' (0.00 %) port(s) not fully constrained
[55]     Setup_port01                              Info        ./spyglass-1/cdc/cdc_verify/spyglass_reports/clock-reset/System_TOP_input_abstract.sgdc    0       2     Abstracted sgdc file for input ports of block 'System_TOP' is generated
[42]     Setup_quasi_static01                      Info        ./spyglass-1/cdc/cdc_verify/spyglass_reports/clock-reset/auto_quasi_static.sgdc            25      2     For design 'System_TOP', '1' quasi_static constraint(s) inferred
+++++++++++++++++++++++++++++++++++++++++++++++++++++++++++++++++++++++++++++++++++++++
