
################################################################################
#
# This file has been generated by SpyGlass:
#     Report Name      : waiver
#     Report Created by: ICer
#     Report Created on:  Thu Oct  1 22:55:01 2026
#     Working Directory: /home/ICer/Final_System/spyglass/CDC
#     SpyGlass Version : SpyGlass_vL-2016.06
#     Policy Name      : SpyGlass(SpyGlass_vL-2016.06)
#                        clock-reset(SpyGlass_vL-2016.06)
#
#     Total Number of Generated Messages :         52
#     Number of Waived Messages          :          6
#     Number of Reported Messages        :         46
#     Number of Overlimit Messages       :          0
#
#     Total Number of Waivers                            :          4
#     Number of Waivers Applied                          :          4
#     Number of Waivers with Regex and/or wildcard       :          0
#     Number of Waivers with -rule                       :          4
#     Number of Waivers with line number and/or file info:          0
#     Number of Waive -IP commands                       :          0
#
#
################################################################################

WAIVER REPORT:
+++++++++++++++++++++++++++++++++++++++++++++++++++++++++++++++++++++++++++++++

Design Issues Waiver Report
+++++++++++++++++++++++++++++++++++++++++++++++++++++++++++++++++++++++++++++++

Waiver comment : Created by ICer on 01-Oct-2026 22:54:48
waive -rule "Ac_cdc01a" 
#spg_backref : "./spyglass-1/cdc/cdc_verify/spyglass-1_waiver_file.awl" 1

1 message(s) waived:
===============================================================================
Index    Rule      Severity File                Line Wt Message
===============================================================================
[91]     Ac_cdc01a Warning  ../../RTL/DF_SYNC.v 16   10 Fast('System_TOP.REF_CLK') to slow('System_TOP.UART_CLK') clock crossing(from 'System_TOP.TX_FIFO.W_ptr[3]' to 'System_TOP.TX_FIFO.U4_FIFO_RD.stage1[3]') detected. Data hold check:Partially-Proved
===============================================================================

Waiver comment : Created by ICer on 01-Oct-2026 22:54:48
waive -rule "Ac_conv01" 
#spg_backref : "./spyglass-1/cdc/cdc_verify/spyglass-1_waiver_file.awl" 2

1 message(s) waived:
===============================================================================
Index    Rule      Severity File                   Line Wt Message
===============================================================================
[90]     Ac_conv01 Warning  ../../RTL/System_TOP.v 182  2  5 synchronizers (System_TOP.TX_FIFO.U3_FIFO_WR.stage1[3:0],System_TOP.Data_Synchronizer.meta_flop[0]) converge on MUX 'System_TOP.ALU_FUNC[3]'
===============================================================================

Waiver comment : Created by ICer on 01-Oct-2026 22:54:48
waive -rule "Ac_conv02" 
#spg_backref : "./spyglass-1/cdc/cdc_verify/spyglass-1_waiver_file.awl" 3

2 message(s) waived:
===============================================================================
Index    Rule      Severity File                   Line Wt Message
===============================================================================
[8D]     Ac_conv02 Warning  ../../RTL/System_TOP.v 198  2  4 synchronizers (System_TOP.TX_FIFO.U3_FIFO_WR.stage1[3:0]) converge on combinational gate 'System_TOP.W_full'. Gray encoding check: 'Partially-Proved'
[8B]     Ac_conv02 Info     ../../RTL/System_TOP.v 204  2  4 synchronizers (System_TOP.TX_FIFO.U4_FIFO_RD.stage1[3:0]) converge on combinational gate 'System_TOP.R_empty'. Gray encoding check: 'PASSED'
===============================================================================

Waiver comment : Created by ICer on 01-Oct-2026 22:54:48
waive -rule "Ac_datahold01a" 
#spg_backref : "./spyglass-1/cdc/cdc_verify/spyglass-1_waiver_file.awl" 4

2 message(s) waived:
===============================================================================
Index    Rule           Severity File                    Line Wt Message
===============================================================================
[93]     Ac_datahold01a Warning  ../../RTL/UART_TX_top.v 22   2  Synchronized crossing: destination flop 'System_TOP.UART.TX_INST.P_data_reg[7:0]', clocked by 'System_TOP.UART_CLK', source flop 'System_TOP.TX_FIFO.U0.MEM[7:0][7:0]', clocked by 'System_TOP.REF_CLK'. Data-enable sequencing check: Partially-Proved
[92]     Ac_datahold01a Info     ../../RTL/Data_Sync.v   37   2  Synchronized crossing: destination flop 'System_TOP.Data_Synchronizer.sync_bus[7:0]', clocked by 'System_TOP.REF_CLK', source flop 'System_TOP.UART.RX_INST.U3.P_DATA[7:0]', clocked by 'System_TOP.UART_CLK'. Data-enable sequencing check: PASSED
===============================================================================

