
################################################################################
#
# This file has been generated by SpyGlass:
#     Report Name      : waiver
#     Report Created by: ICer
#     Report Created on:  Thu Oct  1 22:59:23 2026
#     Working Directory: /home/ICer/Final_System/spyglass/LINT
#     SpyGlass Version : SpyGlass_vL-2016.06
#     Policy Name      : SpyGlass(SpyGlass_vL-2016.06)
#                        erc(SpyGlass_vL-2016.06)
#                        latch(SpyGlass_vL-2016.06)
#                        lint(SpyGlass_vL-2016.06)
#                        morelint(SpyGlass_vL-2016.06)
#                        openmore(SpyGlass_vL-2016.06)
#                        simulation(SpyGlass_vL-2016.06)
#                        starc(SpyGlass_vL-2016.06)
#                        starc2005(SpyGlass_vL-2016.06)
#                        timing(SpyGlass_vL-2016.06)
#
#     Total Number of Generated Messages :          3
#     Number of Waived Messages          :          1
#     Number of Reported Messages        :          2
#     Number of Overlimit Messages       :          0
#
#     Total Number of Waivers                            :          1
#     Number of Waivers Applied                          :          1
#     Number of Waivers with Regex and/or wildcard       :          0
#     Number of Waivers with -rule                       :          1
#     Number of Waivers with line number and/or file info:          0
#     Number of Waive -IP commands                       :          0
#
#
################################################################################

WAIVER REPORT:
+++++++++++++++++++++++++++++++++++++++++++++++++++++++++++++++++++++++++++++++

Design Issues Waiver Report
+++++++++++++++++++++++++++++++++++++++++++++++++++++++++++++++++++++++++++++++

Waiver comment : Created by ICer on 01-Oct-2026 22:59:12
waive -rule "InferLatch" 
#spg_backref : "./spyglass-1/lint/lint_rtl/spyglass-1_waiver_file.awl" 1

1 message(s) waived:
===============================================================================
Index    Rule       Severity File                     Line Wt Message
===============================================================================
[7]      InferLatch Error    ../../RTL/Clock_Gating.v 12   5  Latch inferred for signal 'en_latch' in module 'Clock_Gating'
===============================================================================

