Info:  Net Ref:/WORK/SYS_TOP/SO[3] is undriven.
Info:  Net Ref:/WORK/SYS_TOP/SO[2] is undriven.
Info:  Net Ref:/WORK/SYS_TOP/SO[1] is undriven.
Info:  Net Ref:/WORK/SYS_TOP/SO[0] is undriven.
Info:  Net Imp:/WORK/arithmetic_unit_DW_div_uns_0/remainder[7] is undriven.
Info:  Net Imp:/WORK/arithmetic_unit_DW_div_uns_0/remainder[6] is undriven.
Info:  Net Imp:/WORK/arithmetic_unit_DW_div_uns_0/remainder[5] is undriven.
Info:  Net Imp:/WORK/arithmetic_unit_DW_div_uns_0/remainder[4] is undriven.
Info:  Net Imp:/WORK/arithmetic_unit_DW_div_uns_0/remainder[3] is undriven.
Info:  Net Imp:/WORK/arithmetic_unit_DW_div_uns_0/remainder[2] is undriven.
Info:  Net Imp:/WORK/arithmetic_unit_DW_div_uns_0/remainder[1] is undriven.
Info:  Net Imp:/WORK/arithmetic_unit_DW_div_uns_0/remainder[0] is undriven.
Info:  Net Imp:/WORK/arithmetic_unit_DW_div_uns_0/divide_by_0 is undriven.
Info:  Net Imp:/WORK/arithmetic_unit_DW01_sub_0/CO is undriven.
Info:  Net Imp:/WORK/arithmetic_unit_DW01_add_0/CO is undriven.
Info:  Net Imp:/WORK/arithmetic_unit_DW01_add_1/CO is undriven.
Info:  guide_transformation 80 (Line: 626)  Rejected transformation 80 because design 'cmp_unit' cannot be found.
Info:  guide_transformation 80 (Line: 626) Retrying with unread processing enabled.
Info:  guide_transformation 80 (Line: 626)  Rejected transformation 80 because design 'cmp_unit' cannot be found.
Info:  SVF Operation 80 (Line: 626) - transformation_share.  Status: rejected

Info:  guide_uniquify 90 (Line: 741)  Cannot find object "Domain_2_Reset_MUX/U1" in design 'SYS_TOP'.
Info:  SVF Operation 90 (Line: 741) - uniquify.  Status: rejected
Info:  guide_uniquify 90 (Line: 741)  Cannot find object "Domain_1_Reset_MUX/U1" in design 'SYS_TOP'.
Info:  guide_uniquify 90 (Line: 741)  Cannot find object "REF_Reset_MUX/U1" in design 'SYS_TOP'.
Info:  guide_uniquify 90 (Line: 741)  Cannot find object "RX_CLK_MUX/U1" in design 'SYS_TOP'.
Info:  guide_uniquify 90 (Line: 741)  Cannot find object "TX_CLK_MUX/U1" in design 'SYS_TOP'.
Info:  guide_uniquify 90 (Line: 741)  Cannot find object "UART_CLK_MUX/U1" in design 'SYS_TOP'.
Info:  guide_uniquify 90 (Line: 741)  Cannot find object "REF_CLK_MUX/U1" in design 'SYS_TOP'.
Info:  guide_uniquify 90 (Line: 741)  Cannot find object "TX_Clock_Divider/U12" in design 'SYS_TOP'.
Info:  guide_uniquify 90 (Line: 741)  Cannot find object "RX_Clock_Divider/U12" in design 'SYS_TOP'.
Info:  guide_uniquify 98 (Line: 794)  Cannot find object "ALU/u1/dp_cluster_0/mult_26" in design 'SYS_TOP'.
Info:  Pre-verification of Ref:/WORK/arithmetic_unit_width8/div_30 SUCCEEDED.
Info:  Pre-verification of Ref:/WORK/arithmetic_unit_width8/mult_26 SUCCEEDED.
