# generated on Tue Oct  6 17:59:31 2026
# Top Cell: SYS_TOP

------------------------------------------------------------
          timeDesign Summary                             
------------------------------------------------------------

+--------------------+---------+---------+---------+---------+---------+---------+
|     Hold mode      |   all   | reg2reg | in2reg  | reg2out | in2out  | clkgate |
+--------------------+---------+---------+---------+---------+---------+---------+
|           WNS (ns):| -0.612  | -0.351  | -0.612  |  4.367  |   N/A   |  0.525  |
|           TNS (ns):| -28.084 | -0.670  | -27.414 |  0.000  |   N/A   |  0.000  |
|    Violating Paths:|   76    |    2    |   74    |    0    |   N/A   |    0    |
|          All Paths:|  1062   |  1048   |   326   |    7    |   N/A   |    1    |
+--------------------+---------+---------+---------+---------+---------+---------+

Density: 93.142%
Routing Overflow: 0.13% H and 0.84% V
------------------------------------------------------------
