 
****************************************
Report : timing
        -path full
        -delay max
        -max_paths 1
Design : System_TOP
Version: O-2018.06-SP1
Date   : Tue Sep 29 21:32:33 2026
****************************************

Operating Conditions: scmetro_tsmc_cl013g_rvt_ss_1p08v_125c   Library: scmetro_tsmc_cl013g_rvt_ss_1p08v_125c
Wire Load Model Mode: top

  Startpoint: Register_File/reg_file_reg_1__5_
              (rising edge-triggered flip-flop clocked by REF_CLK)
  Endpoint: ALU/u1/arith_out_reg_0_
            (rising edge-triggered flip-flop clocked by ALU_CLK)
  Path Group: ALU_CLK
  Path Type: max

  Des/Clust/Port     Wire Load Model       Library
  ------------------------------------------------
  System_TOP         tsmc13_wl30           scmetro_tsmc_cl013g_rvt_ss_1p08v_125c

  Point                                                   Incr       Path
  --------------------------------------------------------------------------
  clock REF_CLK (rise edge)                               0.00       0.00
  clock network delay (ideal)                             0.00       0.00
  Register_File/reg_file_reg_1__5_/CK (DFFRHQX2M)         0.00       0.00 r
  Register_File/reg_file_reg_1__5_/Q (DFFRHQX2M)          0.59       0.59 r
  Register_File/U17/Y (CLKINVX32M)                        0.16       0.76 f
  Register_File/U18/Y (INVX32M)                           0.24       0.99 r
  Register_File/REG1[5] (register_file)                   0.00       0.99 r
  ALU/b[5] (alu_top)                                      0.00       0.99 r
  ALU/u1/b[5] (arithmetic_unit)                           0.00       0.99 r
  ALU/u1/div_30/b[5] (arithmetic_unit_DW_div_uns_0)       0.00       0.99 r
  ALU/u1/div_30/U5/Y (INVX10M)                            0.18       1.17 f
  ALU/u1/div_30/U27/Y (AND3X4M)                           0.31       1.48 f
  ALU/u1/div_30/U36/Y (AND2X12M)                          0.23       1.71 f
  ALU/u1/div_30/U28/Y (AND4X6M)                           0.29       2.00 f
  ALU/u1/div_30/U86/Y (CLKMX2X2M)                         0.42       2.43 r
  ALU/u1/div_30/U2/Y (BUFX16M)                            0.20       2.62 r
  ALU/u1/div_30/u_div_u_fa_PartRem_0_6_1/CO (ADDFHX4M)
                                                          0.47       3.09 r
  ALU/u1/div_30/U39/Y (AND2X12M)                          0.24       3.34 r
  ALU/u1/div_30/U7/Y (MX2X4M)                             0.38       3.71 f
  ALU/u1/div_30/u_div_u_fa_PartRem_0_5_1/CO (ADDFHX8M)
                                                          0.44       4.15 f
  ALU/u1/div_30/u_div_u_fa_PartRem_0_5_2/CO (ADDFHX8M)
                                                          0.27       4.43 f
  ALU/u1/div_30/U35/Y (AND2X12M)                          0.18       4.60 f
  ALU/u1/div_30/U20/Y (BUFX20M)                           0.16       4.76 f
  ALU/u1/div_30/U52/Y (MX2X12M)                           0.40       5.16 r
  ALU/u1/div_30/U15/Y (NAND2X4M)                          0.20       5.36 f
  ALU/u1/div_30/U58/Y (NAND3X12M)                         0.17       5.53 r
  ALU/u1/div_30/u_div_u_fa_PartRem_0_4_2/CO (ADDFHX8M)
                                                          0.24       5.77 r
  ALU/u1/div_30/u_div_u_fa_PartRem_0_4_3/CO (ADDFHX8M)
                                                          0.21       5.99 r
  ALU/u1/div_30/U26/Y (AND2X2M)                           0.31       6.30 r
  ALU/u1/div_30/U24/Y (BUFX10M)                           0.32       6.62 r
  ALU/u1/div_30/U40/Y (MX2X8M)                            0.46       7.08 f
  ALU/u1/div_30/U14/Y (NAND2X4M)                          0.19       7.27 r
  ALU/u1/div_30/U61/Y (NAND3X2M)                          0.32       7.59 f
  ALU/u1/div_30/u_div_u_fa_PartRem_0_3_2/CO (ADDFX2M)     0.56       8.16 f
  ALU/u1/div_30/u_div_u_fa_PartRem_0_3_3/CO (ADDFX2M)     0.51       8.66 f
  ALU/u1/div_30/u_div_u_fa_PartRem_0_3_4/CO (ADDFX2M)     0.52       9.18 f
  ALU/u1/div_30/U32/Y (AND2X12M)                          0.30       9.48 f
  ALU/u1/div_30/U6/Y (MX2X8M)                             0.46       9.94 r
  ALU/u1/div_30/U4/Y (NAND2X4M)                           0.23      10.17 f
  ALU/u1/div_30/U51/Y (NAND3X12M)                         0.19      10.36 r
  ALU/u1/div_30/u_div_u_fa_PartRem_0_2_2/CO (ADDFHX8M)
                                                          0.22      10.58 r
  ALU/u1/div_30/u_div_u_fa_PartRem_0_2_3/CO (ADDFX2M)     0.42      11.01 r
  ALU/u1/div_30/u_div_u_fa_PartRem_0_2_4/CO (ADDFX2M)     0.47      11.48 r
  ALU/u1/div_30/u_div_u_fa_PartRem_0_2_5/CO (ADDFX4M)     0.45      11.93 r
  ALU/u1/div_30/U33/Y (AND2X8M)                           0.47      12.40 r
  ALU/u1/div_30/U13/Y (MX2X4M)                            0.44      12.84 f
  ALU/u1/div_30/u_div_u_fa_PartRem_0_1_1/CO (ADDFHX8M)
                                                          0.44      13.28 f
  ALU/u1/div_30/u_div_u_fa_PartRem_0_1_2/CO (ADDFHX8M)
                                                          0.27      13.55 f
  ALU/u1/div_30/u_div_u_fa_PartRem_0_1_3/CO (ADDFX2M)     0.47      14.02 f
  ALU/u1/div_30/u_div_u_fa_PartRem_0_1_4/CO (ADDFX2M)     0.51      14.52 f
  ALU/u1/div_30/u_div_u_fa_PartRem_0_1_5/CO (ADDFX2M)     0.55      15.07 f
  ALU/u1/div_30/u_div_u_fa_PartRem_0_1_6/CO (ADDFHX8M)
                                                          0.31      15.38 f
  ALU/u1/div_30/U48/Y (AND2X12M)                          0.29      15.67 f
  ALU/u1/div_30/U1/Y (CLKMX2X4M)                          0.45      16.12 f
  ALU/u1/div_30/U43/Y (NAND2X2M)                          0.39      16.52 r
  ALU/u1/div_30/U45/Y (NAND3X12M)                         0.17      16.68 f
  ALU/u1/div_30/u_div_u_fa_PartRem_0_0_2/CO (ADDFHX4M)
                                                          0.31      17.00 f
  ALU/u1/div_30/u_div_u_fa_PartRem_0_0_3/CO (ADDFX2M)     0.48      17.47 f
  ALU/u1/div_30/u_div_u_fa_PartRem_0_0_4/CO (ADDFX2M)     0.51      17.98 f
  ALU/u1/div_30/u_div_u_fa_PartRem_0_0_5/CO (ADDFX4M)     0.51      18.48 f
  ALU/u1/div_30/u_div_u_fa_PartRem_0_0_6/CO (ADDFX2M)     0.54      19.02 f
  ALU/u1/div_30/u_div_u_fa_PartRem_0_0_7/CO (ADDFHX8M)
                                                          0.32      19.35 f
  ALU/u1/div_30/quotient[0] (arithmetic_unit_DW_div_uns_0)
                                                          0.00      19.35 f
  ALU/u1/U14/Y (NAND2X12M)                                0.11      19.46 r
  ALU/u1/U5/Y (CLKNAND2X12M)                              0.14      19.59 f
  ALU/u1/arith_out_reg_0_/D (DFFRQX1M)                    0.00      19.59 f
  data arrival time                                                 19.59

  clock ALU_CLK (rise edge)                              20.00      20.00
  clock network delay (ideal)                             0.00      20.00
  clock uncertainty                                      -0.20      19.80
  ALU/u1/arith_out_reg_0_/CK (DFFRQX1M)                   0.00      19.80 r
  library setup time                                     -0.16      19.64
  data required time                                                19.64
  --------------------------------------------------------------------------
  data required time                                                19.64
  data arrival time                                                -19.59
  --------------------------------------------------------------------------
  slack (MET)                                                        0.05


  Startpoint: SYS_CTRL/current_state_reg_1_
              (rising edge-triggered flip-flop clocked by REF_CLK)
  Endpoint: TX_FIFO/U0/MEM_reg_0__0_
            (rising edge-triggered flip-flop clocked by REF_CLK)
  Path Group: REF_CLK
  Path Type: max

  Des/Clust/Port     Wire Load Model       Library
  ------------------------------------------------
  System_TOP         tsmc13_wl30           scmetro_tsmc_cl013g_rvt_ss_1p08v_125c

  Point                                                   Incr       Path
  --------------------------------------------------------------------------
  clock REF_CLK (rise edge)                               0.00       0.00
  clock network delay (ideal)                             0.00       0.00
  SYS_CTRL/current_state_reg_1_/CK (DFFRQX2M)             0.00       0.00 r
  SYS_CTRL/current_state_reg_1_/Q (DFFRQX2M)              1.13       1.13 r
  SYS_CTRL/U71/Y (INVX2M)                                 0.68       1.81 f
  SYS_CTRL/U69/Y (NOR2X6M)                                0.75       2.56 r
  SYS_CTRL/U70/Y (NAND3X4M)                               0.81       3.37 f
  SYS_CTRL/U28/Y (AOI21X6M)                               0.93       4.29 r
  SYS_CTRL/U22/Y (INVX4M)                                 0.72       5.02 f
  SYS_CTRL/U78/Y (OAI22X8M)                               0.89       5.91 r
  SYS_CTRL/ALU_FUNC[2] (System_Controller)                0.00       5.91 r
  ALU/alu_fun[2] (alu_top)                                0.00       5.91 r
  ALU/U13/Y (CLKINVX1M)                                   0.92       6.83 f
  ALU/U14/Y (NOR2X2M)                                     0.68       7.51 r
  ALU/U4/Y (BUFX5M)                                       0.89       8.39 r
  ALU/U5/Y (NOR3X2M)                                      0.36       8.76 f
  ALU/U3/Y (BUFX4M)                                       0.55       9.30 f
  ALU/U27/Y (AO22XLM)                                     0.74      10.05 f
  ALU/ALU_OUT[8] (alu_top)                                0.00      10.05 f
  SYS_CTRL/ALU_OUT[8] (System_Controller)                 0.00      10.05 f
  SYS_CTRL/U74/Y (AOI22X1M)                               0.73      10.78 r
  SYS_CTRL/U73/Y (OAI2BB1X2M)                             0.38      11.16 f
  SYS_CTRL/WR_DATA_fifo[0] (System_Controller)            0.00      11.16 f
  TX_FIFO/W_data[0] (ASYC_FIFO)                           0.00      11.16 f
  TX_FIFO/U0/W_data[0] (FIFO_MEM_CONTROL)                 0.00      11.16 f
  TX_FIFO/U0/U51/Y (INVX4M)                               0.81      11.97 r
  TX_FIFO/U0/U115/Y (OAI2BB2X1M)                          0.58      12.55 f
  TX_FIFO/U0/MEM_reg_0__0_/D (DFFQX2M)                    0.00      12.55 f
  data arrival time                                                 12.55

  clock REF_CLK (rise edge)                              20.00      20.00
  clock network delay (ideal)                             0.00      20.00
  clock uncertainty                                      -0.20      19.80
  TX_FIFO/U0/MEM_reg_0__0_/CK (DFFQX2M)                   0.00      19.80 r
  library setup time                                     -0.29      19.51
  data required time                                                19.51
  --------------------------------------------------------------------------
  data required time                                                19.51
  data arrival time                                                -12.55
  --------------------------------------------------------------------------
  slack (MET)                                                        6.96


  Startpoint: UART/RX_INST/U1/edge_count_reg_0_
              (rising edge-triggered flip-flop clocked by RX_CLK)
  Endpoint: UART/RX_INST/U2/counter_reg_0_
            (rising edge-triggered flip-flop clocked by RX_CLK)
  Path Group: RX_CLK
  Path Type: max

  Des/Clust/Port     Wire Load Model       Library
  ------------------------------------------------
  System_TOP         tsmc13_wl30           scmetro_tsmc_cl013g_rvt_ss_1p08v_125c

  Point                                                   Incr       Path
  --------------------------------------------------------------------------
  clock RX_CLK (rise edge)                                0.00       0.00
  clock network delay (ideal)                             0.00       0.00
  UART/RX_INST/U1/edge_count_reg_0_/CK (DFFRQX1M)         0.00       0.00 r
  UART/RX_INST/U1/edge_count_reg_0_/Q (DFFRQX1M)          0.68       0.68 r
  UART/RX_INST/U1/U19/Y (BUFX10M)                         0.79       1.47 r
  UART/RX_INST/U1/edge_count[0] (Edge_Bit_Counter)        0.00       1.47 r
  UART/RX_INST/U2/edge_count[0] (Data_Sampler)            0.00       1.47 r
  UART/RX_INST/U2/U12/Y (NOR2BX2M)                        0.89       2.36 r
  UART/RX_INST/U2/U69/Y (OAI2B2X1M)                       0.61       2.97 f
  UART/RX_INST/U2/U13/Y (NAND3BXLM)                       0.69       3.66 r
  UART/RX_INST/U2/U73/Y (NOR4X1M)                         0.41       4.07 f
  UART/RX_INST/U2/U5/Y (OR2X2M)                           0.36       4.42 f
  UART/RX_INST/U2/U7/Y (NOR2X1M)                          0.61       5.03 r
  UART/RX_INST/U2/U4/Y (OR2X2M)                           0.73       5.77 r
  UART/RX_INST/U2/U33/Y (CLKINVX2M)                       1.04       6.81 f
  UART/RX_INST/U2/U34/Y (OAI21X4M)                        1.17       7.98 r
  UART/RX_INST/U2/U28/Y (INVXLM)                          0.64       8.62 f
  UART/RX_INST/U2/U38/Y (OAI32X2M)                        0.60       9.22 r
  UART/RX_INST/U2/counter_reg_0_/D (DFFRQX2M)             0.00       9.22 r
  data arrival time                                                  9.22

  clock RX_CLK (rise edge)                              271.27     271.27
  clock network delay (ideal)                             0.00     271.27
  clock uncertainty                                      -0.20     271.07
  UART/RX_INST/U2/counter_reg_0_/CK (DFFRQX2M)            0.00     271.07 r
  library setup time                                     -0.45     270.62
  data required time                                               270.62
  --------------------------------------------------------------------------
  data required time                                               270.62
  data arrival time                                                 -9.22
  --------------------------------------------------------------------------
  slack (MET)                                                      261.39


  Startpoint: UART/TX_INST/U1/current_state_reg_2_
              (rising edge-triggered flip-flop clocked by TX_CLK)
  Endpoint: TX_OUT (output port clocked by TX_CLK)
  Path Group: TX_CLK
  Path Type: max

  Des/Clust/Port     Wire Load Model       Library
  ------------------------------------------------
  System_TOP         tsmc13_wl30           scmetro_tsmc_cl013g_rvt_ss_1p08v_125c

  Point                                                   Incr       Path
  --------------------------------------------------------------------------
  clock TX_CLK (rise edge)                                0.00       0.00
  clock network delay (ideal)                             0.00       0.00
  UART/TX_INST/U1/current_state_reg_2_/CK (DFFRQX1M)      0.00       0.00 r
  UART/TX_INST/U1/current_state_reg_2_/Q (DFFRQX1M)       0.83       0.83 f
  UART/TX_INST/U1/U5/Y (INVX2M)                           0.85       1.68 r
  UART/TX_INST/U1/U4/Y (NAND2X2M)                         0.89       2.57 f
  UART/TX_INST/U1/U16/Y (OAI21X2M)                        0.69       3.26 r
  UART/TX_INST/U1/mux_sel[1] (FSM)                        0.00       3.26 r
  UART/TX_INST/U2/mux_sel[1] (MUX)                        0.00       3.26 r
  UART/TX_INST/U2/U4/Y (OAI21X2M)                         0.37       3.63 f
  UART/TX_INST/U2/U3/Y (OAI2BB1X2M)                       0.85       4.48 r
  UART/TX_INST/U2/TX_OUT (MUX)                            0.00       4.48 r
  UART/TX_INST/TX_OUT (UART_TX_top)                       0.00       4.48 r
  UART/TX_OUT (UART_TOP)                                  0.00       4.48 r
  TX_OUT (out)                                            0.00       4.48 r
  data arrival time                                                  4.48

  clock TX_CLK (rise edge)                             8680.56    8680.56
  clock network delay (ideal)                             0.00    8680.56
  clock uncertainty                                      -0.20    8680.36
  output external delay                                  -4.00    8676.36
  data required time                                              8676.36
  --------------------------------------------------------------------------
  data required time                                              8676.36
  data arrival time                                                 -4.48
  --------------------------------------------------------------------------
  slack (MET)                                                     8671.88


  Startpoint: RX_Clock_Divider/counter_reg_0_
              (rising edge-triggered flip-flop clocked by UART_CLK)
  Endpoint: RX_Clock_Divider/counter_reg_0_
            (rising edge-triggered flip-flop clocked by UART_CLK)
  Path Group: UART_CLK
  Path Type: max

  Des/Clust/Port     Wire Load Model       Library
  ------------------------------------------------
  System_TOP         tsmc13_wl30           scmetro_tsmc_cl013g_rvt_ss_1p08v_125c

  Point                                                   Incr       Path
  --------------------------------------------------------------------------
  clock UART_CLK (rise edge)                              0.00       0.00
  clock network delay (ideal)                             0.00       0.00
  RX_Clock_Divider/counter_reg_0_/CK (DFFRQX4M)           0.00       0.00 r
  RX_Clock_Divider/counter_reg_0_/Q (DFFRQX4M)            0.80       0.80 r
  RX_Clock_Divider/U13/Y (NOR2BX2M)                       0.88       1.68 r
  RX_Clock_Divider/U58/Y (OAI2B2X1M)                      0.62       2.30 f
  RX_Clock_Divider/U60/Y (NAND4X1M)                       0.52       2.82 r
  RX_Clock_Divider/U23/Y (OR2X2M)                         0.54       3.36 r
  RX_Clock_Divider/U21/Y (NAND2X4M)                       0.76       4.12 f
  RX_Clock_Divider/U37/Y (NOR2BX2M)                       0.60       4.72 r
  RX_Clock_Divider/counter_reg_0_/D (DFFRQX4M)            0.00       4.72 r
  data arrival time                                                  4.72

  clock UART_CLK (rise edge)                            271.27     271.27
  clock network delay (ideal)                             0.00     271.27
  clock uncertainty                                      -0.20     271.07
  RX_Clock_Divider/counter_reg_0_/CK (DFFRQX4M)           0.00     271.07 r
  library setup time                                     -0.38     270.69
  data required time                                               270.69
  --------------------------------------------------------------------------
  data required time                                               270.69
  data arrival time                                                 -4.72
  --------------------------------------------------------------------------
  slack (MET)                                                      265.97


1
