################################################################################
#
# This file has been generated by SpyGlass:
#     Report Created by: ICer
#     Report Created on: Thu Oct  1 22:58:49 2026
#     Working Directory: /home/ICer/Final_System/spyglass/LINT
#     Report Location  : ./spyglass-1/Design_Read/spyglass_reports/SpyGlass/elab_summary.rpt
#     SpyGlass Version : SpyGlass_vL-2016.06
#     Policy Name      : SpyGlass(SpyGlass_vL-2016.06)
#     Comment          : This report contains RTL and Elaborated names along with parameter values
#
################################################################################

================================================================================
Elaborated Name: 'Reset_SYNC'
    (RTL Design Unit name: 'Reset_SYNC', ../../RTL/Reset_SYNC.v:1)
     Parameters (Total: 1)
         NUM_STAGES = 2 (default: 2)
     Instances (Total: 2): System_TOP.Domain_2_Reset, System_TOP.Domain_1_Reset 

================================================================================

Elaborated Name: 'Prescale_MUX'
    (RTL Design Unit name: 'Prescale_MUX', ../../RTL/Prescale_MUX.v:1)
     Parameters (Total: 0)
     Instances (Total: 1): System_TOP.Prescale_MUX 

================================================================================

Elaborated Name: 'Clock_Divider'
    (RTL Design Unit name: 'Clock_Divider', ../../RTL/Clock_Divider.v:1)
     Parameters (Total: 0)
     Instances (Total: 2): System_TOP.TX_Clock_Divider, System_TOP.RX_Clock_Divider 

================================================================================

Elaborated Name: 'Clock_Gating'
    (RTL Design Unit name: 'Clock_Gating', ../../RTL/Clock_Gating.v:1)
     Parameters (Total: 0)
     Instances (Total: 1): System_TOP.Clock_Gating 

================================================================================

Elaborated Name: 'register_file'
    (RTL Design Unit name: 'register_file', ../../RTL/register_file.v:1)
     Parameters (Total: 0)
     Instances (Total: 1): System_TOP.Register_File 

================================================================================

Elaborated Name: 'alu_top'
    (RTL Design Unit name: 'alu_top', ../../RTL/alu_top.v:1)
     Parameters (Total: 2)
         width     = 8 (default: 8)
         cmp_width = 2 (default: 2)
     Instances (Total: 1): System_TOP.ALU 

================================================================================

Elaborated Name: 'decoder'
    (RTL Design Unit name: 'decoder', ../../RTL/decoder.v:1)
     Parameters (Total: 0)
     Instances (Total: 1): System_TOP.ALU.u0 

================================================================================

Elaborated Name: 'arithmetic_unit'
    (RTL Design Unit name: 'arithmetic_unit', ../../RTL/arithmetic_unit.v:1)
     Parameters (Total: 1)
         width = 8 (default: 8)
     Instances (Total: 1): System_TOP.ALU.u1 

================================================================================

Elaborated Name: 'logic_unit'
    (RTL Design Unit name: 'logic_unit', ../../RTL/logic_unit.v:1)
     Parameters (Total: 1)
         width = 8 (default: 8)
     Instances (Total: 1): System_TOP.ALU.u2 

================================================================================

Elaborated Name: 'cmp_unit'
    (RTL Design Unit name: 'cmp_unit', ../../RTL/cmp_unit.v:1)
     Parameters (Total: 2)
         width     = 8 (default: 8)
         cmp_width = 2 (default: 2)
     Instances (Total: 1): System_TOP.ALU.u3 

================================================================================

Elaborated Name: 'shift_unit'
    (RTL Design Unit name: 'shift_unit', ../../RTL/shift_unit.v:1)
     Parameters (Total: 1)
         width = 8 (default: 8)
     Instances (Total: 1): System_TOP.ALU.u4 

================================================================================

Elaborated Name: 'Data_Sync'
    (RTL Design Unit name: 'Data_Sync', ../../RTL/Data_Sync.v:1)
     Parameters (Total: 2)
         NUM_STAGES = 8 (default: 8)
         BUS_WIDTH  = 8 (default: 8)
     Instances (Total: 1): System_TOP.Data_Synchronizer 

================================================================================

Elaborated Name: 'Pulse_Generator'
    (RTL Design Unit name: 'Pulse_Generator', ../../RTL/Pulse_Generator.v:1)
     Parameters (Total: 0)
     Instances (Total: 1): System_TOP.Pulse_Generator 

================================================================================

Elaborated Name: 'System_Controller'
    (RTL Design Unit name: 'System_Controller', ../../RTL/System_Controller.v:1)
     Parameters (Total: 13)
         DATA_WIDTH   = 8 (default: 8)
         IDLE         = 0 (default: 4'b0000)
         WR_ADDR      = 1 (default: 4'b0001)
         WR_DATA      = 2 (default: 4'b0010)
         RD_ADDR      = 3 (default: 4'b0011)
         RD_WAIT      = 4 (default: 4'b0100)
         OP_A         = 5 (default: 4'b0101)
         OP_B         = 6 (default: 4'b0110)
         ALU_FUNC_OP  = 7 (default: 4'b0111)
         ALU_FUNC_NOP = 8 (default: 4'b1000)
         ALU_WAIT     = 9 (default: 4'b1001)
         ALU_OUT_L    = 10 (default: 4'b1010)
         ALU_OUT_H    = 11 (default: 4'b1011)
     Instances (Total: 1): System_TOP.SYS_CTRL 

================================================================================

Elaborated Name: 'ASYC_FIFO'
    (RTL Design Unit name: 'ASYC_FIFO', ../../RTL/ASYC_FIFO.v:1)
     Parameters (Total: 1)
         DATA_WIDTH = 8 (default: 8)
     Instances (Total: 1): System_TOP.TX_FIFO 

================================================================================

Elaborated Name: 'FIFO_MEM_CONTROL'
    (RTL Design Unit name: 'FIFO_MEM_CONTROL', ../../RTL/FIFO_MEM_CONTROL.v:1)
     Parameters (Total: 1)
         DATA_WIDTH = 8 (default: 8)
     Instances (Total: 1): System_TOP.TX_FIFO.U0 

================================================================================

Elaborated Name: 'FIFO_WR'
    (RTL Design Unit name: 'FIFO_WR', ../../RTL/FIFO_WR.v:1)
     Parameters (Total: 0)
     Instances (Total: 1): System_TOP.TX_FIFO.U1 

================================================================================

Elaborated Name: 'FIFO_RD'
    (RTL Design Unit name: 'FIFO_RD', ../../RTL/FIFO_RD.v:1)
     Parameters (Total: 0)
     Instances (Total: 1): System_TOP.TX_FIFO.U2 

================================================================================

Elaborated Name: 'DF_SYNC'
    (RTL Design Unit name: 'DF_SYNC', ../../RTL/DF_SYNC.v:1)
     Parameters (Total: 0)
     Instances (Total: 2): System_TOP.TX_FIFO.U4_FIFO_RD, System_TOP.TX_FIFO.U3_FIFO_WR 

================================================================================

Elaborated Name: 'UART_TOP'
    (RTL Design Unit name: 'UART_TOP', ../../RTL/UART_TOP.v:1)
     Parameters (Total: 0)
     Instances (Total: 1): System_TOP.UART 

================================================================================

Elaborated Name: 'UART_TX_top'
    (RTL Design Unit name: 'UART_TX_top', ../../RTL/UART_TX_top.v:1)
     Parameters (Total: 0)
     Instances (Total: 1): System_TOP.UART.TX_INST 

================================================================================

Elaborated Name: 'FSM'
    (RTL Design Unit name: 'FSM', ../../RTL/FSM.v:1)
     Parameters (Total: 5)
         Idle   = 0 (default: 3'b000)
         Start  = 1 (default: 3'b001)
         Data   = 2 (default: 3'b010)
         Parity = 3 (default: 3'b011)
         Stop   = 4 (default: 3'b100)
     Instances (Total: 1): System_TOP.UART.TX_INST.U1 

================================================================================

Elaborated Name: 'MUX'
    (RTL Design Unit name: 'MUX', ../../RTL/MUX.v:1)
     Parameters (Total: 0)
     Instances (Total: 1): System_TOP.UART.TX_INST.U2 

================================================================================

Elaborated Name: 'Parity_Calculator'
    (RTL Design Unit name: 'Parity_Calculator', ../../RTL/Parity_Calculator.v:1)
     Parameters (Total: 0)
     Instances (Total: 1): System_TOP.UART.TX_INST.U3 

================================================================================

Elaborated Name: 'Serializer'
    (RTL Design Unit name: 'Serializer', ../../RTL/Serializer.v:1)
     Parameters (Total: 0)
     Instances (Total: 1): System_TOP.UART.TX_INST.U4 

================================================================================

Elaborated Name: 'UART_RX_top'
    (RTL Design Unit name: 'UART_RX_top', ../../RTL/UART_RX_top.v:1)
     Parameters (Total: 0)
     Instances (Total: 1): System_TOP.UART.RX_INST 

================================================================================

Elaborated Name: 'FSM_RX'
    (RTL Design Unit name: 'FSM_RX', ../../RTL/FSM_RX.v:1)
     Parameters (Total: 5)
         IDLE   = 0 (default: 3'b000)
         START  = 1 (default: 3'b001)
         DATA   = 2 (default: 3'b010)
         PARITY = 3 (default: 3'b011)
         STOP   = 4 (default: 3'b100)
     Instances (Total: 1): System_TOP.UART.RX_INST.U0 

================================================================================

Elaborated Name: 'Edge_Bit_Counter'
    (RTL Design Unit name: 'Edge_Bit_Counter', ../../RTL/Edge_Bit_Counter.v:1)
     Parameters (Total: 0)
     Instances (Total: 1): System_TOP.UART.RX_INST.U1 

================================================================================

Elaborated Name: 'Data_Sampler'
    (RTL Design Unit name: 'Data_Sampler', ../../RTL/Data_Sampler.v:1)
     Parameters (Total: 0)
     Instances (Total: 1): System_TOP.UART.RX_INST.U2 

================================================================================

Elaborated Name: 'Deserializer'
    (RTL Design Unit name: 'Deserializer', ../../RTL/Deserializer.v:1)
     Parameters (Total: 0)
     Instances (Total: 1): System_TOP.UART.RX_INST.U3 

================================================================================

Elaborated Name: 'Start_Checker'
    (RTL Design Unit name: 'Start_Checker', ../../RTL/Start_Checker.v:1)
     Parameters (Total: 0)
     Instances (Total: 1): System_TOP.UART.RX_INST.U4 

================================================================================

Elaborated Name: 'Parity_Checker'
    (RTL Design Unit name: 'Parity_Checker', ../../RTL/Parity_Checker.v:1)
     Parameters (Total: 0)
     Instances (Total: 1): System_TOP.UART.RX_INST.U5 

================================================================================

Elaborated Name: 'Stop_Checker'
    (RTL Design Unit name: 'Stop_Checker', ../../RTL/Stop_Checker.v:1)
     Parameters (Total: 0)
     Instances (Total: 1): System_TOP.UART.RX_INST.U6 

================================================================================

Elaborated Name: 'System_TOP'
    (RTL Design Unit name: 'System_TOP', ../../RTL/System_TOP.v:1)
     Parameters (Total: 0)
================================================================================
