
################################################################################
#
# This file has been generated by SpyGlass:
#     Report Name      : waiver
#     Report Created by: ICer
#     Report Created on:  Thu Oct  1 22:29:08 2026
#     Working Directory: /home/ICer/Final_System/spyglass/CDC
#     SpyGlass Version : SpyGlass_vL-2016.06
#     Policy Name      : SpyGlass(SpyGlass_vL-2016.06)
#                        clock-reset(SpyGlass_vL-2016.06)
#                        timing(SpyGlass_vL-2016.06)
#
#     Total Number of Generated Messages :         13
#     Number of Waived Messages          :          2
#     Number of Reported Messages        :         11
#     Number of Overlimit Messages       :          0
#
#     Total Number of Waivers                            :          1
#     Number of Waivers Applied                          :          1
#     Number of Waivers with Regex and/or wildcard       :          0
#     Number of Waivers with -rule                       :          1
#     Number of Waivers with line number and/or file info:          0
#     Number of Waive -IP commands                       :          0
#
#
################################################################################

WAIVER REPORT:
+++++++++++++++++++++++++++++++++++++++++++++++++++++++++++++++++++++++++++++++

Design Issues Waiver Report
+++++++++++++++++++++++++++++++++++++++++++++++++++++++++++++++++++++++++++++++

Waiver comment : Created by ICer on 01-Oct-2026 22:28:53
waive -rule "Clock_glitch04" 
#spg_backref : "./spyglass-1/cdc/clock_reset_integrity/spyglass-1_waiver_file.awl" 1

2 message(s) waived:
===============================================================================
Index    Rule           Severity File               Line Wt Message
===============================================================================
[2B]     Clock_glitch04 Warning  ../../RTL/FSM.v    24   2  Flop System_TOP.TX_Clock_Divider.clk_div_reg and Flop System_TOP.Register_File.reg_file[3][1] are converging through combinational logic to clock of Flop current_state[0]
[2A]     Clock_glitch04 Warning  ../../RTL/FSM_RX.v 29   2  Flop System_TOP.RX_Clock_Divider.clk_div_reg and Flop System_TOP.Register_File.reg_file[2][3] are converging through combinational logic to clock of Flop current_state[0]
===============================================================================

