
################################################################################
#
# This file has been generated by SpyGlass:
#     Report Name      : moresimple
#     Report Created by: ICer
#     Report Created on:  Thu Oct  1 22:16:24 2026
#     Working Directory: /home/ICer/Final_System/spyglass/CDC
#     SpyGlass Version : SpyGlass_vL-2016.06
#     Policy Name      : SpyGlass(SpyGlass_vL-2016.06)
#                        clock-reset(SpyGlass_vL-2016.06)
#
#     Total Number of Generated Messages :         15
#     Number of Waived Messages          :          0
#     Number of Reported Messages        :         15
#     Number of Overlimit Messages       :          0
#
#
################################################################################

+++++++++++++++++++++++++++++++++++++++++++++++++++++++++++++++++++++++
MORESIMPLE REPORT:


############### BuiltIn -> RuleGroup=Design Read ###############
+++++++++++++++++++++++++++++++++++++++++++++++++++++++++++++++++++++++++++++++++++++++
ID       Rule                    Alias                   Severity    File                                                                              Line    Wt    Message
======================================================================================
[1]      DetectTopDesignUnits    DetectTopDesignUnits    Info        ../../RTL/System_TOP.v                                                            1       2     Module System_TOP is a top level design unit
[1A]     Domain_Matrix01                                 Info        Final_System.sgdc                                                                 2       10    Domain Matrix for design "System_TOP",  based on the individual constraints defined in the SDC as inferred in the Sta mode
[0]      ElabSummary             ElabSummary             Info        ./spyglass-1/cdc/cdc_setup_check/spyglass_reports/SpyGlass/elab_summary.rpt       0       2     Please refer file './spyglass-1/cdc/cdc_setup_check/spyglass_reports/SpyGlass/elab_summary.rpt' for elab summary report
[28]     Info_Case_Analysis      showSimVal              Info        ../../RTL/System_TOP.v                                                            1       10    Information for set_case_analysis value propagation for design 'System_TOP' is displayed
[24]     SDC2SGDC_INFO                                   Info        ./spyglass-1/cdc/cdc_setup_check/spyglass_reports/sdc2sgdc/sdc2sgdc.sgdc.25955    1       10    Sgdc file "./spyglass-1/cdc/cdc_setup_check/spyglass_reports/sdc2sgdc/sdc2sgdc.sgdc.25955" generated after successful SDC2SGDC translation
[25]     SDC_Mapping01                                   Info        N.A                                                                               0       10    Mapping of SDC Commands Generated
+++++++++++++++++++++++++++++++++++++++++++++++++++++++++++++++++++++++++++++++++++++++


############### BuiltIn -> RuleGroup=SGDC Checks ###############
+++++++++++++++++++++++++++++++++++++++++++++++++++++++++++++++++++++++++++++++++++++++
ID       Rule                    Alias    Severity    File                 Line    Wt    Message
======================================================================================
[2]      SGDC_abstract_port03             Info        Final_System.sgdc    5       10    Constraint 'abstract_port': 'async' specified with '-clock' field not found on/within module 'System_TOP'.Considering it as virtual clock
+++++++++++++++++++++++++++++++++++++++++++++++++++++++++++++++++++++++++++++++++++++++


############### Non-BuiltIn -> Goal=cdc/cdc_setup_check ###############
+++++++++++++++++++++++++++++++++++++++++++++++++++++++++++++++++++++++++++++++++++++++
ID       Rule                Alias    Severity    File                                                                                            Line    Wt    Message
======================================================================================
[2A]     Clock_info02                 Info        N.A.                                                                                            0       2     Clock Tree generated
[35]     Clock_info15                 Info        N.A.                                                                                            0       2     Port-Clock information generated for PortClockMatrix report
[26]     Propagate_Clocks             Info        ../../RTL/System_TOP.v                                                                          5       2     For System_TOP, clock(s) 'System_TOP.REF_CLK' of domain 'd0' propagated
[27]     Propagate_Clocks             Info        ../../RTL/System_TOP.v                                                                          6       2     For System_TOP, clock(s) 'System_TOP.UART_CLK' of domain 'd1' propagated
[29]     Propagate_Resets             Info        ../../RTL/System_TOP.v                                                                          7       2     For System_TOP, reset 'System_TOP.RST' propagated
[2B]     Reset_info02                 Info        N.A.                                                                                            0       2     Reset Tree generated
[34]     Setup_port01                 Info        ../../RTL/System_TOP.v                                                                          1       2     Port coverage for top design unit 'System_TOP' is: '0' (0.00 %) port(s) not fully constrained
[36]     Setup_port01                 Info        ./spyglass-1/cdc/cdc_setup_check/spyglass_reports/clock-reset/System_TOP_input_abstract.sgdc    0       2     Abstracted sgdc file for input ports of block 'System_TOP' is generated
+++++++++++++++++++++++++++++++++++++++++++++++++++++++++++++++++++++++++++++++++++++++
