/home/ICer/Final_System/RTL/alu_top.v
/home/ICer/Final_System/RTL/arithmetic_unit.v
/home/ICer/Final_System/RTL/ASYC_FIFO.v
/home/ICer/Final_System/RTL/Clock_Divider.v
/home/ICer/Final_System/RTL/Clock_Gating.v
/home/ICer/Final_System/RTL/cmp_unit.v
/home/ICer/Final_System/RTL/Data_Sampler.v
/home/ICer/Final_System/RTL/Data_Sync.v
/home/ICer/Final_System/RTL/decoder.v
/home/ICer/Final_System/RTL/Deserializer.v
/home/ICer/Final_System/RTL/DF_SYNC.v
/home/ICer/Final_System/RTL/Edge_Bit_Counter.v
/home/ICer/Final_System/RTL/FIFO_MEM_CONTROL.v
/home/ICer/Final_System/RTL/FIFO_RD.v
/home/ICer/Final_System/RTL/FIFO_WR.v
/home/ICer/Final_System/RTL/FSM.v
/home/ICer/Final_System/RTL/FSM_RX.v
/home/ICer/Final_System/RTL/logic_unit.v
/home/ICer/Final_System/RTL/mux2X1.v
/home/ICer/Final_System/RTL/MUX.v
/home/ICer/Final_System/RTL/Parity_Calculator.v
/home/ICer/Final_System/RTL/Parity_Checker.v
/home/ICer/Final_System/RTL/Prescale_MUX.v
/home/ICer/Final_System/RTL/Pulse_Generator.v
/home/ICer/Final_System/RTL/register_file.v
/home/ICer/Final_System/RTL/Reset_SYNC.v
/home/ICer/Final_System/RTL/Serializer.v
/home/ICer/Final_System/RTL/shift_unit.v
/home/ICer/Final_System/RTL/Start_Checker.v
/home/ICer/Final_System/RTL/Stop_Checker.v
/home/ICer/Final_System/RTL/System_Controller.v
/home/ICer/Final_System/DFT/SYS_TOP.v
/home/ICer/Final_System/RTL/UART_RX_top.v
/home/ICer/Final_System/RTL/UART_TOP.v
/home/ICer/Final_System/RTL/UART_TX_top.v
