 
****************************************
Report : area
Design : System_TOP_DFT
Version: O-2018.06-SP1
Date   : Wed Sep 30 04:40:32 2026
****************************************

Library(s) Used:

    scmetro_tsmc_cl013g_rvt_ss_1p08v_125c (File: /home/ICer/Final_System/std_cells/scmetro_tsmc_cl013g_rvt_ss_1p08v_125c.db)

Number of ports:                         1042
Number of nets:                          3708
Number of cells:                         2648
Number of combinational cells:           2216
Number of sequential cells:               382
Number of macros/black boxes:               0
Number of buf/inv:                        788
Number of references:                      24

Combinational area:              18853.087598
Buf/Inv area:                     5471.655020
Noncombinational area:           11918.794540
Macro/Black Box area:                0.000000
Net Interconnect area:          963624.789978

Total cell area:                 30771.882139
Total area:                     994396.672117

Hierarchical area distribution
------------------------------

                                  Global cell area            Local cell area
                                  -------------------  ------------------------------ 
Hierarchical cell                 Absolute    Percent  Combi-      Noncombi-   Black-
                                  Total       Total    national    national    boxes   Design
--------------------------------  ----------  -------  ----------  ----------  ------  ----------------------------
System_TOP_DFT                    30771.8821    100.0    116.4933      0.0000  0.0000  System_TOP_DFT
ALU                                7323.7809     23.8    303.5886      0.0000  0.0000  alu_top_test_1
ALU/u0                               47.0680      0.2     47.0680      0.0000  0.0000  decoder
ALU/u1                             5250.4355     17.1    475.3868    560.1092  0.0000  arithmetic_unit_test_1
ALU/u1/add_18                       252.9905      0.8    252.9905      0.0000  0.0000  arithmetic_unit_DW01_add_0
ALU/u1/div_30                      1423.8070      4.6   1423.8070      0.0000  0.0000  arithmetic_unit_DW_div_uns_0
ALU/u1/mult_26                     2256.9106      7.3   1973.3259      0.0000  0.0000  arithmetic_unit_DW02_mult_0
ALU/u1/mult_26/FS_1                 283.5847      0.9    283.5847      0.0000  0.0000  arithmetic_unit_DW01_add_1
ALU/u1/sub_22                       281.2313      0.9    281.2313      0.0000  0.0000  arithmetic_unit_DW01_sub_0
ALU/u2                              708.3734      2.3    411.8450    296.5284  0.0000  logic_unit_test_1
ALU/u3                              371.8372      1.2    272.9944     98.8428  0.0000  cmp_unit_test_1
ALU/u4                              642.4782      2.1    313.0022    329.4760  0.0000  shift_unit_test_1
Clock_Gating                         45.8913      0.1      5.8835     40.0078  0.0000  Clock_Gating
Data_Synchronizer                   873.1114      2.8    275.3478    597.7636  0.0000  Data_Sync_test_1
Domain_1_Reset                       75.3088      0.2      9.4136     65.8952  0.0000  Reset_SYNC_test_0
Domain_1_Reset_MUX                   11.7670      0.0     11.7670      0.0000  0.0000  mux2X1_6
Domain_2_Reset                       75.3088      0.2      9.4136     65.8952  0.0000  Reset_SYNC_test_1
Domain_2_Reset_MUX                   11.7670      0.0     11.7670      0.0000  0.0000  mux2X1_5
Prescale_MUX                        162.3846      0.5    162.3846      0.0000  0.0000  Prescale_MUX
Pulse_Generator                      90.6059      0.3     24.7107     65.8952  0.0000  Pulse_Generator_test_1
REF_CLK_MUX                          15.2971      0.0     15.2971      0.0000  0.0000  mux2X1_1
REF_Reset_MUX                        11.7670      0.0     11.7670      0.0000  0.0000  mux2X1_0
RX_CLK_MUX                           15.2971      0.0     15.2971      0.0000  0.0000  mux2X1_2
RX_Clock_Divider                   1035.4960      3.4    629.5345    298.8818  0.0000  Clock_Divider_test_0
RX_Clock_Divider/add_24             107.0797      0.3    107.0797      0.0000  0.0000  Clock_Divider_0_DW01_inc_0
Register_File                      8578.1432     27.9   3896.0538   4682.0894  0.0000  register_file_test_1
SYS_CTRL                           1449.6944      4.7   1046.0863    403.6081  0.0000  System_Controller_test_1
TX_CLK_MUX                           15.2971      0.0     15.2971      0.0000  0.0000  mux2X1_3
TX_Clock_Divider                   1023.7290      3.3    617.7675    298.8818  0.0000  Clock_Divider_test_1
TX_Clock_Divider/add_24             107.0797      0.3    107.0797      0.0000  0.0000  Clock_Divider_1_DW01_inc_0
TX_FIFO                            4962.1440     16.1     42.3612      0.0000  0.0000  ASYC_FIFO_test_1
TX_FIFO/U0                         3530.1000     11.5   1797.9976   1732.1024  0.0000  FIFO_MEM_CONTROL_test_1
TX_FIFO/U1                          364.7770      1.2    230.6332    134.1438  0.0000  FIFO_WR_test_1
TX_FIFO/U2                          349.4799      1.1    214.1594    135.3205  0.0000  FIFO_RD_test_1
TX_FIFO/U3_FIFO_WR                  337.7129      1.1     74.1321    263.5808  0.0000  DF_SYNC_test_0
TX_FIFO/U4_FIFO_RD                  337.7129      1.1     74.1321    263.5808  0.0000  DF_SYNC_test_1
UART                               4863.3012     15.8     21.1806      0.0000  0.0000  UART_TOP_test_1
UART/RX_INST                       3664.2438     11.9     82.3690      0.0000  0.0000  UART_RX_top_test_1
UART/RX_INST/U0                     517.7480      1.7    416.5518    101.1962  0.0000  FSM_RX_test_1
UART/RX_INST/U1                     815.4531      2.6    488.3305    327.1226  0.0000  Edge_Bit_Counter_test_1
UART/RX_INST/U2                     878.9949      2.9    714.2569    164.7380  0.0000  Data_Sampler_test_1
UART/RX_INST/U3                     677.7792      2.2    315.3556    362.4236  0.0000  Deserializer_test_1
UART/RX_INST/U4                     223.5730      0.7    190.6254     32.9476  0.0000  Start_Checker_test_1
UART/RX_INST/U5                     281.2313      0.9    247.1070     34.1243  0.0000  Parity_Checker_test_1
UART/RX_INST/U6                     187.0953      0.6    152.9710     34.1243  0.0000  Stop_Checker_test_1
UART/TX_INST                       1177.8767      3.8    214.1594    263.5808  0.0000  UART_TX_top_test_1
UART/TX_INST/U1                     228.2798      0.7    129.4370     98.8428  0.0000  FSM_test_1
UART/TX_INST/U2                      12.9437      0.0     12.9437      0.0000  0.0000  MUX
UART/TX_INST/U3                     141.2040      0.5    108.2564     32.9476  0.0000  Parity_Calculator_test_1
UART/TX_INST/U4                     317.7090      1.0    183.5652    134.1438  0.0000  Serializer_test_1
UART_CLK_MUX                         15.2971      0.0     15.2971      0.0000  0.0000  mux2X1_4
--------------------------------  ----------  -------  ----------  ----------  ------  ----------------------------
Total                                                  18853.0876  11918.7945  0.0000

1
