
################################################################################
#
# This file has been generated by SpyGlass:
#     Report Name      : RSTree
#     Report Created by: ICer
#     Report Created on:  Thu Oct  1 22:52:35 2026
#     Working Directory: /home/ICer/Final_System/spyglass/CDC
#     SpyGlass Version : SpyGlass_vL-2016.06
#     Policy Name      : clock-reset(SpyGlass_vL-2016.06)
#     Comment          : Report Generated By Rule Reset_info02
#
################################################################################

################################################################################
# 
# Purpose: 
#     This report shows the reset trees for resets. It is generated if you have
#     enabled rule Reset_info02 and defined reset constraints or enabled parameter
#     use_inferred_resets.
#     This report is sensitive to any case analysis settings that have been set.
# 
# Format: 
#     The trees are shown in a tree-like format.(The nodes are indented according to
#     their position in hierarchy,"`--" is  used to indicate whether a net/cell is
#     the last child at a particular level,"|--" is used for rest of the nodes. The 
#     level is also printed in braces before every net/cell).
#     The (+)/(-) suffix to a leaf-level cell output net name indicates the reset
#     polarity reaching the flip-flop.
#     When (x) suffix is present, it indicates that reset polarity could not be
#     uniquely determined.
# 
#     A leaf on the tree can be one of:
#     a. A register inferred from the RTL - the hierarchical name of the registered
#                net is shown along with the polarity of the reset at that point
#     b. A black box - the hierarchical name of the black box instance is annotated
#                with its master name, the name of the pin connected to the reset, 
#                the polarity of the reset and (Black-Box) to indicate that
#                this is a black box
#     c. A latch inferred from the RTL - the hierarchical name of the latched net is
#                shown along with the polarity of the reset and (Latch) to indicate 
#                that this is latched net. For a latch to be a leaf, the data pin
#                of the latch should be connected to the reset.
#     d. A sequential leaf cell - the hierarchical name of the sequential instance, 
#                which is neither known to be a flop nor a latch, is annotated with 
#                its master name, the name of the pin connected to the reset, the polarity
#                of the reset and (Sequential Logic Cell) to indicate that this is a 
#                sequential leaf cell
# 
#     The intermediate nodes of a tree are the hierarchical name of the net found while 
#     walking along a path from the root of the tree to a leaf
#     If the same intermediate node is observed more than once on different paths
#     from root to leaves, then the sub-tree beyond this node is shown only after its
#     first occurence in the tree. For the other occurences, a reference to the sub-tree
#     is shown. This rule is recursively followed for the sub-trees also.
################################################################################

============================================
ROOT RESET: System_TOP.RST
|-- (1)System_TOP.Domain_2_Reset.memory[0] (-)
|-- (1)System_TOP.Domain_2_Reset.memory[1] (-)
|-- (1)System_TOP.Domain_2_Reset.memory[1]
|   `-- (2)System_TOP.RST_Domain_2
|       |-- (3)System_TOP.STOP_err (-)
|       |-- (3)System_TOP.PAR_err (-)
|       |-- (3)System_TOP.UART.RX_INST.START_err (-)
|       |-- (3)System_TOP.RX_P_DATA[0] (-)
|       |-- (3)System_TOP.RX_P_DATA[1] (-)
|       |-- (3)System_TOP.RX_P_DATA[2] (-)
|       |-- (3)System_TOP.RX_P_DATA[3] (-)
|       |-- (3)System_TOP.RX_P_DATA[4] (-)
|       |-- (3)System_TOP.RX_P_DATA[5] (-)
|       |-- (3)System_TOP.RX_P_DATA[6] (-)
|       |-- (3)System_TOP.RX_P_DATA[7] (-)
|       |-- (3)System_TOP.UART.RX_INST.U3.counter[0] (-)
|       |-- (3)System_TOP.UART.RX_INST.U3.counter[1] (-)
|       |-- (3)System_TOP.UART.RX_INST.U3.counter[2] (-)
|       |-- (3)System_TOP.UART.RX_INST.U2.compare[0] (-)
|       |-- (3)System_TOP.UART.RX_INST.U2.compare[1] (-)
|       |-- (3)System_TOP.UART.RX_INST.U2.compare[2] (-)
|       |-- (3)System_TOP.UART.RX_INST.U2.counter[0] (-)
|       |-- (3)System_TOP.UART.RX_INST.U2.counter[1] (-)
|       |-- (3)System_TOP.UART.RX_INST.edge_count[0] (-)
|       |-- (3)System_TOP.UART.RX_INST.edge_count[1] (-)
|       |-- (3)System_TOP.UART.RX_INST.edge_count[2] (-)
|       |-- (3)System_TOP.UART.RX_INST.edge_count[3] (-)
|       |-- (3)System_TOP.UART.RX_INST.edge_count[4] (-)
|       |-- (3)System_TOP.UART.RX_INST.bit_count[0] (-)
|       |-- (3)System_TOP.UART.RX_INST.bit_count[1] (-)
|       |-- (3)System_TOP.UART.RX_INST.bit_count[2] (-)
|       |-- (3)System_TOP.UART.RX_INST.bit_count[3] (-)
|       |-- (3)System_TOP.UART.RX_INST.U0.current_state[0] (-)
|       |-- (3)System_TOP.UART.RX_INST.U0.current_state[1] (-)
|       |-- (3)System_TOP.UART.RX_INST.U0.current_state[2] (-)
|       |-- (3)System_TOP.RX_data_valid (-)
|       |-- (3)System_TOP.UART.TX_INST.P_data_reg[0] (-)
|       |-- (3)System_TOP.UART.TX_INST.P_data_reg[1] (-)
|       |-- (3)System_TOP.UART.TX_INST.P_data_reg[2] (-)
|       |-- (3)System_TOP.UART.TX_INST.P_data_reg[3] (-)
|       |-- (3)System_TOP.UART.TX_INST.P_data_reg[4] (-)
|       |-- (3)System_TOP.UART.TX_INST.P_data_reg[5] (-)
|       |-- (3)System_TOP.UART.TX_INST.P_data_reg[6] (-)
|       |-- (3)System_TOP.UART.TX_INST.P_data_reg[7] (-)
|       |-- (3)System_TOP.UART.TX_INST.ser_data (-)
|       |-- (3)System_TOP.UART.TX_INST.U4.counter[0] (-)
|       |-- (3)System_TOP.UART.TX_INST.U4.counter[1] (-)
|       |-- (3)System_TOP.UART.TX_INST.U4.counter[2] (-)
|       |-- (3)System_TOP.UART.TX_INST.U4.counter[3] (-)
|       |-- (3)System_TOP.UART.TX_INST.par_bit (-)
|       |-- (3)System_TOP.UART.TX_INST.U1.current_state[0] (-)
|       |-- (3)System_TOP.UART.TX_INST.U1.current_state[1] (-)
|       |-- (3)System_TOP.UART.TX_INST.U1.current_state[2] (-)
|       |-- (3)System_TOP.TX_FIFO.U4_FIFO_RD.stage2[0] (-)
|       |-- (3)System_TOP.TX_FIFO.U4_FIFO_RD.stage2[1] (-)
|       |-- (3)System_TOP.TX_FIFO.U4_FIFO_RD.stage2[2] (-)
|       |-- (3)System_TOP.TX_FIFO.U4_FIFO_RD.stage2[3] (-)
|       |-- (3)System_TOP.TX_FIFO.U4_FIFO_RD.stage1[0] (-)
|       |-- (3)System_TOP.TX_FIFO.U4_FIFO_RD.stage1[1] (-)
|       |-- (3)System_TOP.TX_FIFO.U4_FIFO_RD.stage1[2] (-)
|       |-- (3)System_TOP.TX_FIFO.U4_FIFO_RD.stage1[3] (-)
|       |-- (3)System_TOP.TX_FIFO.U2.R_counter[0] (-)
|       |-- (3)System_TOP.TX_FIFO.U2.R_counter[1] (-)
|       |-- (3)System_TOP.TX_FIFO.U2.R_counter[2] (-)
|       |-- (3)System_TOP.TX_FIFO.U2.R_counter[3] (-)
|       |-- (3)System_TOP.TX_FIFO.R_ptr[0] (-)
|       |-- (3)System_TOP.TX_FIFO.R_ptr[1] (-)
|       |-- (3)System_TOP.TX_FIFO.R_ptr[2] (-)
|       |-- (3)System_TOP.TX_FIFO.R_ptr[3] (-)
|       |-- (3)System_TOP.Pulse_Generator.pulse_flop[0] (-)
|       |-- (3)System_TOP.Pulse_Generator.pulse_flop[1] (-)
|       |-- (3)System_TOP.TX_Clock_Divider.clk_div_reg (-)
|       |-- (3)System_TOP.TX_Clock_Divider.counter[0] (-)
|       |-- (3)System_TOP.TX_Clock_Divider.counter[1] (-)
|       |-- (3)System_TOP.TX_Clock_Divider.counter[2] (-)
|       |-- (3)System_TOP.TX_Clock_Divider.counter[3] (-)
|       |-- (3)System_TOP.TX_Clock_Divider.counter[4] (-)
|       |-- (3)System_TOP.TX_Clock_Divider.counter[5] (-)
|       |-- (3)System_TOP.TX_Clock_Divider.counter[6] (-)
|       |-- (3)System_TOP.TX_Clock_Divider.counter[7] (-)
|       |-- (3)System_TOP.RX_Clock_Divider.clk_div_reg (-)
|       |-- (3)System_TOP.RX_Clock_Divider.counter[0] (-)
|       |-- (3)System_TOP.RX_Clock_Divider.counter[1] (-)
|       |-- (3)System_TOP.RX_Clock_Divider.counter[2] (-)
|       |-- (3)System_TOP.RX_Clock_Divider.counter[3] (-)
|       |-- (3)System_TOP.RX_Clock_Divider.counter[4] (-)
|       |-- (3)System_TOP.RX_Clock_Divider.counter[5] (-)
|       |-- (3)System_TOP.RX_Clock_Divider.counter[6] (-)
|       `-- (3)System_TOP.RX_Clock_Divider.counter[7] (-)
|-- (1)System_TOP.Domain_1_Reset.memory[0] (-)
|-- (1)System_TOP.Domain_1_Reset.memory[1] (-)
`-- (1)System_TOP.Domain_1_Reset.memory[1]
    `-- (2)System_TOP.RST_Domain_1
        |-- (3)System_TOP.TX_FIFO.U3_FIFO_WR.stage2[0] (-)
        |-- (3)System_TOP.TX_FIFO.U3_FIFO_WR.stage2[1] (-)
        |-- (3)System_TOP.TX_FIFO.U3_FIFO_WR.stage2[2] (-)
        |-- (3)System_TOP.TX_FIFO.U3_FIFO_WR.stage2[3] (-)
        |-- (3)System_TOP.TX_FIFO.U3_FIFO_WR.stage1[0] (-)
        |-- (3)System_TOP.TX_FIFO.U3_FIFO_WR.stage1[1] (-)
        |-- (3)System_TOP.TX_FIFO.U3_FIFO_WR.stage1[2] (-)
        |-- (3)System_TOP.TX_FIFO.U3_FIFO_WR.stage1[3] (-)
        |-- (3)System_TOP.TX_FIFO.U1.W_counter[0] (-)
        |-- (3)System_TOP.TX_FIFO.U1.W_counter[1] (-)
        |-- (3)System_TOP.TX_FIFO.U1.W_counter[2] (-)
        |-- (3)System_TOP.TX_FIFO.U1.W_counter[3] (-)
        |-- (3)System_TOP.TX_FIFO.W_ptr[0] (-)
        |-- (3)System_TOP.TX_FIFO.W_ptr[1] (-)
        |-- (3)System_TOP.TX_FIFO.W_ptr[2] (-)
        |-- (3)System_TOP.TX_FIFO.W_ptr[3] (-)
        |-- (3)System_TOP.SYS_CTRL.store_address[0] (-)
        |-- (3)System_TOP.SYS_CTRL.store_address[1] (-)
        |-- (3)System_TOP.SYS_CTRL.store_address[2] (-)
        |-- (3)System_TOP.SYS_CTRL.store_address[3] (-)
        |-- (3)System_TOP.SYS_CTRL.store_func[0] (-)
        |-- (3)System_TOP.SYS_CTRL.store_func[1] (-)
        |-- (3)System_TOP.SYS_CTRL.store_func[2] (-)
        |-- (3)System_TOP.SYS_CTRL.store_func[3] (-)
        |-- (3)System_TOP.SYS_CTRL.current_state[0] (-)
        |-- (3)System_TOP.SYS_CTRL.current_state[1] (-)
        |-- (3)System_TOP.SYS_CTRL.current_state[2] (-)
        |-- (3)System_TOP.SYS_CTRL.current_state[3] (-)
        |-- (3)System_TOP.Data_Synchronizer.pulse_flop (-)
        |-- (3)System_TOP.RX_data_valid_synced (-)
        |-- (3)System_TOP.Data_Synchronizer.meta_flop[0] (-)
        |-- (3)System_TOP.Data_Synchronizer.meta_flop[1] (-)
        |-- (3)System_TOP.Data_Synchronizer.meta_flop[2] (-)
        |-- (3)System_TOP.Data_Synchronizer.meta_flop[3] (-)
        |-- (3)System_TOP.Data_Synchronizer.meta_flop[4] (-)
        |-- (3)System_TOP.Data_Synchronizer.meta_flop[5] (-)
        |-- (3)System_TOP.Data_Synchronizer.meta_flop[6] (-)
        |-- (3)System_TOP.Data_Synchronizer.meta_flop[7] (-)
        |-- (3)System_TOP.RX_P_DATA_synced[0] (-)
        |-- (3)System_TOP.RX_P_DATA_synced[1] (-)
        |-- (3)System_TOP.RX_P_DATA_synced[2] (-)
        |-- (3)System_TOP.RX_P_DATA_synced[3] (-)
        |-- (3)System_TOP.RX_P_DATA_synced[4] (-)
        |-- (3)System_TOP.RX_P_DATA_synced[5] (-)
        |-- (3)System_TOP.RX_P_DATA_synced[6] (-)
        |-- (3)System_TOP.RX_P_DATA_synced[7] (-)
        |-- (3)System_TOP.ALU.shift_out[0] (-)
        |-- (3)System_TOP.ALU.shift_out[1] (-)
        |-- (3)System_TOP.ALU.shift_out[2] (-)
        |-- (3)System_TOP.ALU.shift_out[3] (-)
        |-- (3)System_TOP.ALU.shift_out[4] (-)
        |-- (3)System_TOP.ALU.shift_out[5] (-)
        |-- (3)System_TOP.ALU.shift_out[6] (-)
        |-- (3)System_TOP.ALU.shift_out[7] (-)
        |-- (3)System_TOP.ALU.shift_out[8] (-)
        |-- (3)System_TOP.ALU.shift_valid (-)
        |-- (3)System_TOP.ALU.cmp_out[0] (-)
        |-- (3)System_TOP.ALU.cmp_out[1] (-)
        |-- (3)System_TOP.ALU.cmp_valid (-)
        |-- (3)System_TOP.ALU.logic_out[0] (-)
        |-- (3)System_TOP.ALU.logic_out[1] (-)
        |-- (3)System_TOP.ALU.logic_out[2] (-)
        |-- (3)System_TOP.ALU.logic_out[3] (-)
        |-- (3)System_TOP.ALU.logic_out[4] (-)
        |-- (3)System_TOP.ALU.logic_out[5] (-)
        |-- (3)System_TOP.ALU.logic_out[6] (-)
        |-- (3)System_TOP.ALU.logic_out[7] (-)
        |-- (3)System_TOP.ALU.logic_valid (-)
        |-- (3)System_TOP.ALU.arith_out[0] (-)
        |-- (3)System_TOP.ALU.arith_out[1] (-)
        |-- (3)System_TOP.ALU.arith_out[2] (-)
        |-- (3)System_TOP.ALU.arith_out[3] (-)
        |-- (3)System_TOP.ALU.arith_out[4] (-)
        |-- (3)System_TOP.ALU.arith_out[5] (-)
        |-- (3)System_TOP.ALU.arith_out[6] (-)
        |-- (3)System_TOP.ALU.arith_out[7] (-)
        |-- (3)System_TOP.ALU.arith_out[8] (-)
        |-- (3)System_TOP.ALU.arith_out[9] (-)
        |-- (3)System_TOP.ALU.arith_out[10] (-)
        |-- (3)System_TOP.ALU.arith_out[11] (-)
        |-- (3)System_TOP.ALU.arith_out[12] (-)
        |-- (3)System_TOP.ALU.arith_out[13] (-)
        |-- (3)System_TOP.ALU.arith_out[14] (-)
        |-- (3)System_TOP.ALU.arith_out[15] (-)
        |-- (3)System_TOP.ALU.arith_valid (-)
        |-- (3)System_TOP.RD_Valid (-)
        |-- (3)System_TOP.RD_Data[0] (-)
        |-- (3)System_TOP.RD_Data[1] (-)
        |-- (3)System_TOP.RD_Data[2] (-)
        |-- (3)System_TOP.RD_Data[3] (-)
        |-- (3)System_TOP.RD_Data[4] (-)
        |-- (3)System_TOP.RD_Data[5] (-)
        |-- (3)System_TOP.RD_Data[6] (-)
        |-- (3)System_TOP.RD_Data[7] (-)
        |-- (3)System_TOP.Register_File.reg_file[0][0] (-)
        |-- (3)System_TOP.Register_File.reg_file[0][1] (-)
        |-- (3)System_TOP.Register_File.reg_file[0][2] (-)
        |-- (3)System_TOP.Register_File.reg_file[0][3] (-)
        |-- (3)System_TOP.Register_File.reg_file[0][4] (-)
        |-- (3)System_TOP.Register_File.reg_file[0][5] (-)
        |-- (3)System_TOP.Register_File.reg_file[0][6] (-)
        |-- (3)System_TOP.Register_File.reg_file[0][7] (-)
        |-- (3)System_TOP.Register_File.reg_file[1][0] (-)
        |-- (3)System_TOP.Register_File.reg_file[1][1] (-)
        |-- (3)System_TOP.Register_File.reg_file[1][2] (-)
        |-- (3)System_TOP.Register_File.reg_file[1][3] (-)
        |-- (3)System_TOP.Register_File.reg_file[1][4] (-)
        |-- (3)System_TOP.Register_File.reg_file[1][5] (-)
        |-- (3)System_TOP.Register_File.reg_file[1][6] (-)
        |-- (3)System_TOP.Register_File.reg_file[1][7] (-)
        |-- (3)System_TOP.Register_File.reg_file[2][0] (-)
        |-- (3)System_TOP.Register_File.reg_file[2][1] (-)
        |-- (3)System_TOP.Register_File.reg_file[2][2] (-)
        |-- (3)System_TOP.Register_File.reg_file[2][3] (-)
        |-- (3)System_TOP.Register_File.reg_file[2][4] (-)
        |-- (3)System_TOP.Register_File.reg_file[2][5] (-)
        |-- (3)System_TOP.Register_File.reg_file[2][6] (-)
        |-- (3)System_TOP.Register_File.reg_file[2][7] (-)
        |-- (3)System_TOP.Register_File.reg_file[3][0] (-)
        |-- (3)System_TOP.Register_File.reg_file[3][1] (-)
        |-- (3)System_TOP.Register_File.reg_file[3][2] (-)
        |-- (3)System_TOP.Register_File.reg_file[3][3] (-)
        |-- (3)System_TOP.Register_File.reg_file[3][4] (-)
        |-- (3)System_TOP.Register_File.reg_file[3][5] (-)
        |-- (3)System_TOP.Register_File.reg_file[3][6] (-)
        |-- (3)System_TOP.Register_File.reg_file[3][7] (-)
        |-- (3)System_TOP.Register_File.reg_file[4][0] (-)
        |-- (3)System_TOP.Register_File.reg_file[4][1] (-)
        |-- (3)System_TOP.Register_File.reg_file[4][2] (-)
        |-- (3)System_TOP.Register_File.reg_file[4][3] (-)
        |-- (3)System_TOP.Register_File.reg_file[4][4] (-)
        |-- (3)System_TOP.Register_File.reg_file[4][5] (-)
        |-- (3)System_TOP.Register_File.reg_file[4][6] (-)
        |-- (3)System_TOP.Register_File.reg_file[4][7] (-)
        |-- (3)System_TOP.Register_File.reg_file[5][0] (-)
        |-- (3)System_TOP.Register_File.reg_file[5][1] (-)
        |-- (3)System_TOP.Register_File.reg_file[5][2] (-)
        |-- (3)System_TOP.Register_File.reg_file[5][3] (-)
        |-- (3)System_TOP.Register_File.reg_file[5][4] (-)
        |-- (3)System_TOP.Register_File.reg_file[5][5] (-)
        |-- (3)System_TOP.Register_File.reg_file[5][6] (-)
        |-- (3)System_TOP.Register_File.reg_file[5][7] (-)
        |-- (3)System_TOP.Register_File.reg_file[6][0] (-)
        |-- (3)System_TOP.Register_File.reg_file[6][1] (-)
        |-- (3)System_TOP.Register_File.reg_file[6][2] (-)
        |-- (3)System_TOP.Register_File.reg_file[6][3] (-)
        |-- (3)System_TOP.Register_File.reg_file[6][4] (-)
        |-- (3)System_TOP.Register_File.reg_file[6][5] (-)
        |-- (3)System_TOP.Register_File.reg_file[6][6] (-)
        |-- (3)System_TOP.Register_File.reg_file[6][7] (-)
        |-- (3)System_TOP.Register_File.reg_file[7][0] (-)
        |-- (3)System_TOP.Register_File.reg_file[7][1] (-)
        |-- (3)System_TOP.Register_File.reg_file[7][2] (-)
        |-- (3)System_TOP.Register_File.reg_file[7][3] (-)
        |-- (3)System_TOP.Register_File.reg_file[7][4] (-)
        |-- (3)System_TOP.Register_File.reg_file[7][5] (-)
        |-- (3)System_TOP.Register_File.reg_file[7][6] (-)
        |-- (3)System_TOP.Register_File.reg_file[7][7] (-)
        |-- (3)System_TOP.Register_File.reg_file[8][0] (-)
        |-- (3)System_TOP.Register_File.reg_file[8][1] (-)
        |-- (3)System_TOP.Register_File.reg_file[8][2] (-)
        |-- (3)System_TOP.Register_File.reg_file[8][3] (-)
        |-- (3)System_TOP.Register_File.reg_file[8][4] (-)
        |-- (3)System_TOP.Register_File.reg_file[8][5] (-)
        |-- (3)System_TOP.Register_File.reg_file[8][6] (-)
        |-- (3)System_TOP.Register_File.reg_file[8][7] (-)
        |-- (3)System_TOP.Register_File.reg_file[9][0] (-)
        |-- (3)System_TOP.Register_File.reg_file[9][1] (-)
        |-- (3)System_TOP.Register_File.reg_file[9][2] (-)
        |-- (3)System_TOP.Register_File.reg_file[9][3] (-)
        |-- (3)System_TOP.Register_File.reg_file[9][4] (-)
        |-- (3)System_TOP.Register_File.reg_file[9][5] (-)
        |-- (3)System_TOP.Register_File.reg_file[9][6] (-)
        |-- (3)System_TOP.Register_File.reg_file[9][7] (-)
        |-- (3)System_TOP.Register_File.reg_file[10][0] (-)
        |-- (3)System_TOP.Register_File.reg_file[10][1] (-)
        |-- (3)System_TOP.Register_File.reg_file[10][2] (-)
        |-- (3)System_TOP.Register_File.reg_file[10][3] (-)
        |-- (3)System_TOP.Register_File.reg_file[10][4] (-)
        |-- (3)System_TOP.Register_File.reg_file[10][5] (-)
        |-- (3)System_TOP.Register_File.reg_file[10][6] (-)
        |-- (3)System_TOP.Register_File.reg_file[10][7] (-)
        |-- (3)System_TOP.Register_File.reg_file[11][0] (-)
        |-- (3)System_TOP.Register_File.reg_file[11][1] (-)
        |-- (3)System_TOP.Register_File.reg_file[11][2] (-)
        |-- (3)System_TOP.Register_File.reg_file[11][3] (-)
        |-- (3)System_TOP.Register_File.reg_file[11][4] (-)
        |-- (3)System_TOP.Register_File.reg_file[11][5] (-)
        |-- (3)System_TOP.Register_File.reg_file[11][6] (-)
        |-- (3)System_TOP.Register_File.reg_file[11][7] (-)
        |-- (3)System_TOP.Register_File.reg_file[12][0] (-)
        |-- (3)System_TOP.Register_File.reg_file[12][1] (-)
        |-- (3)System_TOP.Register_File.reg_file[12][2] (-)
        |-- (3)System_TOP.Register_File.reg_file[12][3] (-)
        |-- (3)System_TOP.Register_File.reg_file[12][4] (-)
        |-- (3)System_TOP.Register_File.reg_file[12][5] (-)
        |-- (3)System_TOP.Register_File.reg_file[12][6] (-)
        |-- (3)System_TOP.Register_File.reg_file[12][7] (-)
        |-- (3)System_TOP.Register_File.reg_file[13][0] (-)
        |-- (3)System_TOP.Register_File.reg_file[13][1] (-)
        |-- (3)System_TOP.Register_File.reg_file[13][2] (-)
        |-- (3)System_TOP.Register_File.reg_file[13][3] (-)
        |-- (3)System_TOP.Register_File.reg_file[13][4] (-)
        |-- (3)System_TOP.Register_File.reg_file[13][5] (-)
        |-- (3)System_TOP.Register_File.reg_file[13][6] (-)
        |-- (3)System_TOP.Register_File.reg_file[13][7] (-)
        |-- (3)System_TOP.Register_File.reg_file[14][0] (-)
        |-- (3)System_TOP.Register_File.reg_file[14][1] (-)
        |-- (3)System_TOP.Register_File.reg_file[14][2] (-)
        |-- (3)System_TOP.Register_File.reg_file[14][3] (-)
        |-- (3)System_TOP.Register_File.reg_file[14][4] (-)
        |-- (3)System_TOP.Register_File.reg_file[14][5] (-)
        |-- (3)System_TOP.Register_File.reg_file[14][6] (-)
        |-- (3)System_TOP.Register_File.reg_file[14][7] (-)
        |-- (3)System_TOP.Register_File.reg_file[15][0] (-)
        |-- (3)System_TOP.Register_File.reg_file[15][1] (-)
        |-- (3)System_TOP.Register_File.reg_file[15][2] (-)
        |-- (3)System_TOP.Register_File.reg_file[15][3] (-)
        |-- (3)System_TOP.Register_File.reg_file[15][4] (-)
        |-- (3)System_TOP.Register_File.reg_file[15][5] (-)
        |-- (3)System_TOP.Register_File.reg_file[15][6] (-)
        `-- (3)System_TOP.Register_File.reg_file[15][7] (-)
