
################################################################################
#
# This file has been generated by SpyGlass:
#     Report Name      : waiver
#     Report Created by: ICer
#     Report Created on:  Thu Oct  1 22:52:35 2026
#     Working Directory: /home/ICer/Final_System/spyglass/CDC
#     SpyGlass Version : SpyGlass_vL-2016.06
#     Policy Name      : SpyGlass(SpyGlass_vL-2016.06)
#                        clock-reset(SpyGlass_vL-2016.06)
#
#     Total Number of Generated Messages :         46
#     Number of Waived Messages          :          3
#     Number of Reported Messages        :         43
#     Number of Overlimit Messages       :          0
#
#     Total Number of Waivers                            :          2
#     Number of Waivers Applied                          :          2
#     Number of Waivers with Regex and/or wildcard       :          0
#     Number of Waivers with -rule                       :          2
#     Number of Waivers with line number and/or file info:          0
#     Number of Waive -IP commands                       :          0
#
#
################################################################################

WAIVER REPORT:
+++++++++++++++++++++++++++++++++++++++++++++++++++++++++++++++++++++++++++++++

Design Issues Waiver Report
+++++++++++++++++++++++++++++++++++++++++++++++++++++++++++++++++++++++++++++++

Waiver comment : Created by ICer on 01-Oct-2026 22:51:18
waive -rule "Ac_conv02" 
#spg_backref : "./spyglass-1/cdc/cdc_verify_struct/spyglass-1_waiver_file.awl" 1

2 message(s) waived:
===============================================================================
Index    Rule      Severity File                   Line Wt Message
===============================================================================
[59]     Ac_conv02 Warning  ../../RTL/System_TOP.v 198  2  4 synchronizers (System_TOP.TX_FIFO.U3_FIFO_WR.stage1[3:0]) converge on combinational gate 'System_TOP.W_full'. Gray encoding check: 'DISABLED'
[57]     Ac_conv02 Warning  ../../RTL/System_TOP.v 204  2  4 synchronizers (System_TOP.TX_FIFO.U4_FIFO_RD.stage1[3:0]) converge on combinational gate 'System_TOP.R_empty'. Gray encoding check: 'DISABLED'
===============================================================================

Waiver comment : Created by ICer on 01-Oct-2026 22:51:57
waive -rule "Ac_conv01" 
#spg_backref : "./spyglass-1/cdc/cdc_verify_struct/spyglass-1_waiver_file.awl" 2

1 message(s) waived:
===============================================================================
Index    Rule      Severity File                   Line Wt Message
===============================================================================
[5C]     Ac_conv01 Warning  ../../RTL/System_TOP.v 182  2  5 synchronizers (System_TOP.TX_FIFO.U3_FIFO_WR.stage1[3:0],System_TOP.Data_Synchronizer.meta_flop[0]) converge on MUX 'System_TOP.ALU_FUNC[3]'
===============================================================================

