**************************************************
Report         : passing_points

Reference      : Ref:/WORK/SYS_TOP
Implementation : Imp:/WORK/SYS_TOP
Version        : L-2016.03-SP1
Date           : Wed Oct  7 02:49:03 2026
**************************************************

378 Passing compare points:

  Ref  LAT        Ref:/WORK/SYS_TOP/Clock_Gating/U0_TLATNCAX12M
  Impl LAT        Imp:/WORK/SYS_TOP/Clock_Gating/U0_TLATNCAX12M

  Ref  DFF        Ref:/WORK/SYS_TOP/ALU/u1/ALU_Valid_reg
  Impl DFF        Imp:/WORK/SYS_TOP/ALU/u1/ALU_Valid_reg

  Ref  DFF        Ref:/WORK/SYS_TOP/ALU/u1/arith_out_reg[0]
  Impl DFF        Imp:/WORK/SYS_TOP/ALU/u1/arith_out_reg[0]

  Ref  DFF        Ref:/WORK/SYS_TOP/ALU/u1/arith_out_reg[10]
  Impl DFF        Imp:/WORK/SYS_TOP/ALU/u1/arith_out_reg[10]

  Ref  DFF        Ref:/WORK/SYS_TOP/ALU/u1/arith_out_reg[11]
  Impl DFF        Imp:/WORK/SYS_TOP/ALU/u1/arith_out_reg[11]

  Ref  DFF        Ref:/WORK/SYS_TOP/ALU/u1/arith_out_reg[12]
  Impl DFF        Imp:/WORK/SYS_TOP/ALU/u1/arith_out_reg[12]

  Ref  DFF        Ref:/WORK/SYS_TOP/ALU/u1/arith_out_reg[13]
  Impl DFF        Imp:/WORK/SYS_TOP/ALU/u1/arith_out_reg[13]

  Ref  DFF        Ref:/WORK/SYS_TOP/ALU/u1/arith_out_reg[14]
  Impl DFF        Imp:/WORK/SYS_TOP/ALU/u1/arith_out_reg[14]

  Ref  DFF        Ref:/WORK/SYS_TOP/ALU/u1/arith_out_reg[15]
  Impl DFF        Imp:/WORK/SYS_TOP/ALU/u1/arith_out_reg[15]

  Ref  DFF        Ref:/WORK/SYS_TOP/ALU/u1/arith_out_reg[1]
  Impl DFF        Imp:/WORK/SYS_TOP/ALU/u1/arith_out_reg[1]

  Ref  DFF        Ref:/WORK/SYS_TOP/ALU/u1/arith_out_reg[2]
  Impl DFF        Imp:/WORK/SYS_TOP/ALU/u1/arith_out_reg[2]

  Ref  DFF        Ref:/WORK/SYS_TOP/ALU/u1/arith_out_reg[3]
  Impl DFF        Imp:/WORK/SYS_TOP/ALU/u1/arith_out_reg[3]

  Ref  DFF        Ref:/WORK/SYS_TOP/ALU/u1/arith_out_reg[4]
  Impl DFF        Imp:/WORK/SYS_TOP/ALU/u1/arith_out_reg[4]

  Ref  DFF        Ref:/WORK/SYS_TOP/ALU/u1/arith_out_reg[5]
  Impl DFF        Imp:/WORK/SYS_TOP/ALU/u1/arith_out_reg[5]

  Ref  DFF        Ref:/WORK/SYS_TOP/ALU/u1/arith_out_reg[6]
  Impl DFF        Imp:/WORK/SYS_TOP/ALU/u1/arith_out_reg[6]

  Ref  DFF        Ref:/WORK/SYS_TOP/ALU/u1/arith_out_reg[7]
  Impl DFF        Imp:/WORK/SYS_TOP/ALU/u1/arith_out_reg[7]

  Ref  DFF        Ref:/WORK/SYS_TOP/ALU/u1/arith_out_reg[8]
  Impl DFF        Imp:/WORK/SYS_TOP/ALU/u1/arith_out_reg[8]

  Ref  DFF        Ref:/WORK/SYS_TOP/ALU/u1/arith_out_reg[9]
  Impl DFF        Imp:/WORK/SYS_TOP/ALU/u1/arith_out_reg[9]

  Ref  DFF        Ref:/WORK/SYS_TOP/ALU/u2/ALU_Valid_reg
  Impl DFF        Imp:/WORK/SYS_TOP/ALU/u2/ALU_Valid_reg

  Ref  DFF        Ref:/WORK/SYS_TOP/ALU/u2/logic_out_reg[0]
  Impl DFF        Imp:/WORK/SYS_TOP/ALU/u2/logic_out_reg[0]

  Ref  DFF        Ref:/WORK/SYS_TOP/ALU/u2/logic_out_reg[1]
  Impl DFF        Imp:/WORK/SYS_TOP/ALU/u2/logic_out_reg[1]

  Ref  DFF        Ref:/WORK/SYS_TOP/ALU/u2/logic_out_reg[2]
  Impl DFF        Imp:/WORK/SYS_TOP/ALU/u2/logic_out_reg[2]

  Ref  DFF        Ref:/WORK/SYS_TOP/ALU/u2/logic_out_reg[3]
  Impl DFF        Imp:/WORK/SYS_TOP/ALU/u2/logic_out_reg[3]

  Ref  DFF        Ref:/WORK/SYS_TOP/ALU/u2/logic_out_reg[4]
  Impl DFF        Imp:/WORK/SYS_TOP/ALU/u2/logic_out_reg[4]

  Ref  DFF        Ref:/WORK/SYS_TOP/ALU/u2/logic_out_reg[5]
  Impl DFF        Imp:/WORK/SYS_TOP/ALU/u2/logic_out_reg[5]

  Ref  DFF        Ref:/WORK/SYS_TOP/ALU/u2/logic_out_reg[6]
  Impl DFF        Imp:/WORK/SYS_TOP/ALU/u2/logic_out_reg[6]

  Ref  DFF        Ref:/WORK/SYS_TOP/ALU/u2/logic_out_reg[7]
  Impl DFF        Imp:/WORK/SYS_TOP/ALU/u2/logic_out_reg[7]

  Ref  DFF        Ref:/WORK/SYS_TOP/ALU/u3/ALU_Valid_reg
  Impl DFF        Imp:/WORK/SYS_TOP/ALU/u3/ALU_Valid_reg

  Ref  DFF        Ref:/WORK/SYS_TOP/ALU/u3/cmp_out_reg[0]
  Impl DFF        Imp:/WORK/SYS_TOP/ALU/u3/cmp_out_reg[0]

  Ref  DFF        Ref:/WORK/SYS_TOP/ALU/u3/cmp_out_reg[1]
  Impl DFF        Imp:/WORK/SYS_TOP/ALU/u3/cmp_out_reg[1]

  Ref  DFF        Ref:/WORK/SYS_TOP/ALU/u4/ALU_Valid_reg
  Impl DFF        Imp:/WORK/SYS_TOP/ALU/u4/ALU_Valid_reg

  Ref  DFF        Ref:/WORK/SYS_TOP/ALU/u4/shift_out_reg[0]
  Impl DFF        Imp:/WORK/SYS_TOP/ALU/u4/shift_out_reg[0]

  Ref  DFF        Ref:/WORK/SYS_TOP/ALU/u4/shift_out_reg[1]
  Impl DFF        Imp:/WORK/SYS_TOP/ALU/u4/shift_out_reg[1]

  Ref  DFF        Ref:/WORK/SYS_TOP/ALU/u4/shift_out_reg[2]
  Impl DFF        Imp:/WORK/SYS_TOP/ALU/u4/shift_out_reg[2]

  Ref  DFF        Ref:/WORK/SYS_TOP/ALU/u4/shift_out_reg[3]
  Impl DFF        Imp:/WORK/SYS_TOP/ALU/u4/shift_out_reg[3]

  Ref  DFF        Ref:/WORK/SYS_TOP/ALU/u4/shift_out_reg[4]
  Impl DFF        Imp:/WORK/SYS_TOP/ALU/u4/shift_out_reg[4]

  Ref  DFF        Ref:/WORK/SYS_TOP/ALU/u4/shift_out_reg[5]
  Impl DFF        Imp:/WORK/SYS_TOP/ALU/u4/shift_out_reg[5]

  Ref  DFF        Ref:/WORK/SYS_TOP/ALU/u4/shift_out_reg[6]
  Impl DFF        Imp:/WORK/SYS_TOP/ALU/u4/shift_out_reg[6]

  Ref  DFF        Ref:/WORK/SYS_TOP/ALU/u4/shift_out_reg[7]
  Impl DFF        Imp:/WORK/SYS_TOP/ALU/u4/shift_out_reg[7]

  Ref  DFF        Ref:/WORK/SYS_TOP/ALU/u4/shift_out_reg[8]
  Impl DFF        Imp:/WORK/SYS_TOP/ALU/u4/shift_out_reg[8]

  Ref  DFF        Ref:/WORK/SYS_TOP/Data_Synchronizer/enable_pulse_reg
  Impl DFF        Imp:/WORK/SYS_TOP/Data_Synchronizer/enable_pulse_reg

  Ref  DFF        Ref:/WORK/SYS_TOP/Data_Synchronizer/meta_flop_reg[0]
  Impl DFF        Imp:/WORK/SYS_TOP/Data_Synchronizer/meta_flop_reg[0]

  Ref  DFF        Ref:/WORK/SYS_TOP/Data_Synchronizer/meta_flop_reg[1]
  Impl DFF        Imp:/WORK/SYS_TOP/Data_Synchronizer/meta_flop_reg[1]

  Ref  DFF        Ref:/WORK/SYS_TOP/Data_Synchronizer/meta_flop_reg[2]
  Impl DFF        Imp:/WORK/SYS_TOP/Data_Synchronizer/meta_flop_reg[2]

  Ref  DFF        Ref:/WORK/SYS_TOP/Data_Synchronizer/meta_flop_reg[3]
  Impl DFF        Imp:/WORK/SYS_TOP/Data_Synchronizer/meta_flop_reg[3]

  Ref  DFF        Ref:/WORK/SYS_TOP/Data_Synchronizer/meta_flop_reg[4]
  Impl DFF        Imp:/WORK/SYS_TOP/Data_Synchronizer/meta_flop_reg[4]

  Ref  DFF        Ref:/WORK/SYS_TOP/Data_Synchronizer/meta_flop_reg[5]
  Impl DFF        Imp:/WORK/SYS_TOP/Data_Synchronizer/meta_flop_reg[5]

  Ref  DFF        Ref:/WORK/SYS_TOP/Data_Synchronizer/meta_flop_reg[6]
  Impl DFF        Imp:/WORK/SYS_TOP/Data_Synchronizer/meta_flop_reg[6]

  Ref  DFF        Ref:/WORK/SYS_TOP/Data_Synchronizer/meta_flop_reg[7]
  Impl DFF        Imp:/WORK/SYS_TOP/Data_Synchronizer/meta_flop_reg[7]

  Ref  DFF        Ref:/WORK/SYS_TOP/Data_Synchronizer/pulse_flop_reg
  Impl DFF        Imp:/WORK/SYS_TOP/Data_Synchronizer/pulse_flop_reg

  Ref  DFF        Ref:/WORK/SYS_TOP/Data_Synchronizer/sync_bus_reg[0]
  Impl DFF        Imp:/WORK/SYS_TOP/Data_Synchronizer/sync_bus_reg[0]

  Ref  DFF        Ref:/WORK/SYS_TOP/Data_Synchronizer/sync_bus_reg[1]
  Impl DFF        Imp:/WORK/SYS_TOP/Data_Synchronizer/sync_bus_reg[1]

  Ref  DFF        Ref:/WORK/SYS_TOP/Data_Synchronizer/sync_bus_reg[2]
  Impl DFF        Imp:/WORK/SYS_TOP/Data_Synchronizer/sync_bus_reg[2]

  Ref  DFF        Ref:/WORK/SYS_TOP/Data_Synchronizer/sync_bus_reg[3]
  Impl DFF        Imp:/WORK/SYS_TOP/Data_Synchronizer/sync_bus_reg[3]

  Ref  DFF        Ref:/WORK/SYS_TOP/Data_Synchronizer/sync_bus_reg[4]
  Impl DFF        Imp:/WORK/SYS_TOP/Data_Synchronizer/sync_bus_reg[4]

  Ref  DFF        Ref:/WORK/SYS_TOP/Data_Synchronizer/sync_bus_reg[5]
  Impl DFF        Imp:/WORK/SYS_TOP/Data_Synchronizer/sync_bus_reg[5]

  Ref  DFF        Ref:/WORK/SYS_TOP/Data_Synchronizer/sync_bus_reg[6]
  Impl DFF        Imp:/WORK/SYS_TOP/Data_Synchronizer/sync_bus_reg[6]

  Ref  DFF        Ref:/WORK/SYS_TOP/Data_Synchronizer/sync_bus_reg[7]
  Impl DFF        Imp:/WORK/SYS_TOP/Data_Synchronizer/sync_bus_reg[7]

  Ref  DFF        Ref:/WORK/SYS_TOP/Domain_1_Reset/memory_reg[0]
  Impl DFF        Imp:/WORK/SYS_TOP/Domain_1_Reset/memory_reg[0]

  Ref  DFF        Ref:/WORK/SYS_TOP/Domain_1_Reset/memory_reg[1]
  Impl DFF        Imp:/WORK/SYS_TOP/Domain_1_Reset/memory_reg[1]

  Ref  DFF        Ref:/WORK/SYS_TOP/Domain_2_Reset/memory_reg[0]
  Impl DFF        Imp:/WORK/SYS_TOP/Domain_2_Reset/memory_reg[0]

  Ref  DFF        Ref:/WORK/SYS_TOP/Domain_2_Reset/memory_reg[1]
  Impl DFF        Imp:/WORK/SYS_TOP/Domain_2_Reset/memory_reg[1]

  Ref  DFF        Ref:/WORK/SYS_TOP/Pulse_Generator/pulse_flop_reg[0]
  Impl DFF        Imp:/WORK/SYS_TOP/Pulse_Generator/pulse_flop_reg[0]

  Ref  DFF        Ref:/WORK/SYS_TOP/Pulse_Generator/pulse_flop_reg[1]
  Impl DFF        Imp:/WORK/SYS_TOP/Pulse_Generator/pulse_flop_reg[1]

  Ref  DFF        Ref:/WORK/SYS_TOP/RX_Clock_Divider/clk_div_reg_reg
  Impl DFF        Imp:/WORK/SYS_TOP/RX_Clock_Divider/clk_div_reg_reg

  Ref  DFF        Ref:/WORK/SYS_TOP/RX_Clock_Divider/counter_reg[0]
  Impl DFF        Imp:/WORK/SYS_TOP/RX_Clock_Divider/counter_reg[0]

  Ref  DFF        Ref:/WORK/SYS_TOP/RX_Clock_Divider/counter_reg[1]
  Impl DFF        Imp:/WORK/SYS_TOP/RX_Clock_Divider/counter_reg[1]

  Ref  DFF        Ref:/WORK/SYS_TOP/RX_Clock_Divider/counter_reg[2]
  Impl DFF        Imp:/WORK/SYS_TOP/RX_Clock_Divider/counter_reg[2]

  Ref  DFF        Ref:/WORK/SYS_TOP/RX_Clock_Divider/counter_reg[3]
  Impl DFF        Imp:/WORK/SYS_TOP/RX_Clock_Divider/counter_reg[3]

  Ref  DFF        Ref:/WORK/SYS_TOP/RX_Clock_Divider/counter_reg[4]
  Impl DFF        Imp:/WORK/SYS_TOP/RX_Clock_Divider/counter_reg[4]

  Ref  DFF        Ref:/WORK/SYS_TOP/RX_Clock_Divider/counter_reg[5]
  Impl DFF        Imp:/WORK/SYS_TOP/RX_Clock_Divider/counter_reg[5]

  Ref  DFF        Ref:/WORK/SYS_TOP/RX_Clock_Divider/counter_reg[6]
  Impl DFF        Imp:/WORK/SYS_TOP/RX_Clock_Divider/counter_reg[6]

  Ref  DFF        Ref:/WORK/SYS_TOP/RX_Clock_Divider/counter_reg[7]
  Impl DFF        Imp:/WORK/SYS_TOP/RX_Clock_Divider/counter_reg[7]

  Ref  DFF        Ref:/WORK/SYS_TOP/Register_File/RD_Data_reg[0]
  Impl DFF        Imp:/WORK/SYS_TOP/Register_File/RD_Data_reg[0]

  Ref  DFF        Ref:/WORK/SYS_TOP/Register_File/RD_Data_reg[1]
  Impl DFF        Imp:/WORK/SYS_TOP/Register_File/RD_Data_reg[1]

  Ref  DFF        Ref:/WORK/SYS_TOP/Register_File/RD_Data_reg[2]
  Impl DFF        Imp:/WORK/SYS_TOP/Register_File/RD_Data_reg[2]

  Ref  DFF        Ref:/WORK/SYS_TOP/Register_File/RD_Data_reg[3]
  Impl DFF        Imp:/WORK/SYS_TOP/Register_File/RD_Data_reg[3]

  Ref  DFF        Ref:/WORK/SYS_TOP/Register_File/RD_Data_reg[4]
  Impl DFF        Imp:/WORK/SYS_TOP/Register_File/RD_Data_reg[4]

  Ref  DFF        Ref:/WORK/SYS_TOP/Register_File/RD_Data_reg[5]
  Impl DFF        Imp:/WORK/SYS_TOP/Register_File/RD_Data_reg[5]

  Ref  DFF        Ref:/WORK/SYS_TOP/Register_File/RD_Data_reg[6]
  Impl DFF        Imp:/WORK/SYS_TOP/Register_File/RD_Data_reg[6]

  Ref  DFF        Ref:/WORK/SYS_TOP/Register_File/RD_Data_reg[7]
  Impl DFF        Imp:/WORK/SYS_TOP/Register_File/RD_Data_reg[7]

  Ref  DFF        Ref:/WORK/SYS_TOP/Register_File/RD_Valid_reg
  Impl DFF        Imp:/WORK/SYS_TOP/Register_File/RD_Valid_reg

  Ref  DFF        Ref:/WORK/SYS_TOP/Register_File/reg_file_reg[0][0]
  Impl DFF        Imp:/WORK/SYS_TOP/Register_File/reg_file_reg[0][0]

  Ref  DFF        Ref:/WORK/SYS_TOP/Register_File/reg_file_reg[0][1]
  Impl DFF        Imp:/WORK/SYS_TOP/Register_File/reg_file_reg[0][1]

  Ref  DFF        Ref:/WORK/SYS_TOP/Register_File/reg_file_reg[0][2]
  Impl DFF        Imp:/WORK/SYS_TOP/Register_File/reg_file_reg[0][2]

  Ref  DFF        Ref:/WORK/SYS_TOP/Register_File/reg_file_reg[0][3]
  Impl DFF        Imp:/WORK/SYS_TOP/Register_File/reg_file_reg[0][3]

  Ref  DFF        Ref:/WORK/SYS_TOP/Register_File/reg_file_reg[0][4]
  Impl DFF        Imp:/WORK/SYS_TOP/Register_File/reg_file_reg[0][4]

  Ref  DFF        Ref:/WORK/SYS_TOP/Register_File/reg_file_reg[0][5]
  Impl DFF        Imp:/WORK/SYS_TOP/Register_File/reg_file_reg[0][5]

  Ref  DFF        Ref:/WORK/SYS_TOP/Register_File/reg_file_reg[0][6]
  Impl DFF        Imp:/WORK/SYS_TOP/Register_File/reg_file_reg[0][6]

  Ref  DFF        Ref:/WORK/SYS_TOP/Register_File/reg_file_reg[0][7]
  Impl DFF        Imp:/WORK/SYS_TOP/Register_File/reg_file_reg[0][7]

  Ref  DFF        Ref:/WORK/SYS_TOP/Register_File/reg_file_reg[10][0]
  Impl DFF        Imp:/WORK/SYS_TOP/Register_File/reg_file_reg[10][0]

  Ref  DFF        Ref:/WORK/SYS_TOP/Register_File/reg_file_reg[10][1]
  Impl DFF        Imp:/WORK/SYS_TOP/Register_File/reg_file_reg[10][1]

  Ref  DFF        Ref:/WORK/SYS_TOP/Register_File/reg_file_reg[10][2]
  Impl DFF        Imp:/WORK/SYS_TOP/Register_File/reg_file_reg[10][2]

  Ref  DFF        Ref:/WORK/SYS_TOP/Register_File/reg_file_reg[10][3]
  Impl DFF        Imp:/WORK/SYS_TOP/Register_File/reg_file_reg[10][3]

  Ref  DFF        Ref:/WORK/SYS_TOP/Register_File/reg_file_reg[10][4]
  Impl DFF        Imp:/WORK/SYS_TOP/Register_File/reg_file_reg[10][4]

  Ref  DFF        Ref:/WORK/SYS_TOP/Register_File/reg_file_reg[10][5]
  Impl DFF        Imp:/WORK/SYS_TOP/Register_File/reg_file_reg[10][5]

  Ref  DFF        Ref:/WORK/SYS_TOP/Register_File/reg_file_reg[10][6]
  Impl DFF        Imp:/WORK/SYS_TOP/Register_File/reg_file_reg[10][6]

  Ref  DFF        Ref:/WORK/SYS_TOP/Register_File/reg_file_reg[10][7]
  Impl DFF        Imp:/WORK/SYS_TOP/Register_File/reg_file_reg[10][7]

  Ref  DFF        Ref:/WORK/SYS_TOP/Register_File/reg_file_reg[11][0]
  Impl DFF        Imp:/WORK/SYS_TOP/Register_File/reg_file_reg[11][0]

  Ref  DFF        Ref:/WORK/SYS_TOP/Register_File/reg_file_reg[11][1]
  Impl DFF        Imp:/WORK/SYS_TOP/Register_File/reg_file_reg[11][1]

  Ref  DFF        Ref:/WORK/SYS_TOP/Register_File/reg_file_reg[11][2]
  Impl DFF        Imp:/WORK/SYS_TOP/Register_File/reg_file_reg[11][2]

  Ref  DFF        Ref:/WORK/SYS_TOP/Register_File/reg_file_reg[11][3]
  Impl DFF        Imp:/WORK/SYS_TOP/Register_File/reg_file_reg[11][3]

  Ref  DFF        Ref:/WORK/SYS_TOP/Register_File/reg_file_reg[11][4]
  Impl DFF        Imp:/WORK/SYS_TOP/Register_File/reg_file_reg[11][4]

  Ref  DFF        Ref:/WORK/SYS_TOP/Register_File/reg_file_reg[11][5]
  Impl DFF        Imp:/WORK/SYS_TOP/Register_File/reg_file_reg[11][5]

  Ref  DFF        Ref:/WORK/SYS_TOP/Register_File/reg_file_reg[11][6]
  Impl DFF        Imp:/WORK/SYS_TOP/Register_File/reg_file_reg[11][6]

  Ref  DFF        Ref:/WORK/SYS_TOP/Register_File/reg_file_reg[11][7]
  Impl DFF        Imp:/WORK/SYS_TOP/Register_File/reg_file_reg[11][7]

  Ref  DFF        Ref:/WORK/SYS_TOP/Register_File/reg_file_reg[12][0]
  Impl DFF        Imp:/WORK/SYS_TOP/Register_File/reg_file_reg[12][0]

  Ref  DFF        Ref:/WORK/SYS_TOP/Register_File/reg_file_reg[12][1]
  Impl DFF        Imp:/WORK/SYS_TOP/Register_File/reg_file_reg[12][1]

  Ref  DFF        Ref:/WORK/SYS_TOP/Register_File/reg_file_reg[12][2]
  Impl DFF        Imp:/WORK/SYS_TOP/Register_File/reg_file_reg[12][2]

  Ref  DFF        Ref:/WORK/SYS_TOP/Register_File/reg_file_reg[12][3]
  Impl DFF        Imp:/WORK/SYS_TOP/Register_File/reg_file_reg[12][3]

  Ref  DFF        Ref:/WORK/SYS_TOP/Register_File/reg_file_reg[12][4]
  Impl DFF        Imp:/WORK/SYS_TOP/Register_File/reg_file_reg[12][4]

  Ref  DFF        Ref:/WORK/SYS_TOP/Register_File/reg_file_reg[12][5]
  Impl DFF        Imp:/WORK/SYS_TOP/Register_File/reg_file_reg[12][5]

  Ref  DFF        Ref:/WORK/SYS_TOP/Register_File/reg_file_reg[12][6]
  Impl DFF        Imp:/WORK/SYS_TOP/Register_File/reg_file_reg[12][6]

  Ref  DFF        Ref:/WORK/SYS_TOP/Register_File/reg_file_reg[12][7]
  Impl DFF        Imp:/WORK/SYS_TOP/Register_File/reg_file_reg[12][7]

  Ref  DFF        Ref:/WORK/SYS_TOP/Register_File/reg_file_reg[13][0]
  Impl DFF        Imp:/WORK/SYS_TOP/Register_File/reg_file_reg[13][0]

  Ref  DFF        Ref:/WORK/SYS_TOP/Register_File/reg_file_reg[13][1]
  Impl DFF        Imp:/WORK/SYS_TOP/Register_File/reg_file_reg[13][1]

  Ref  DFF        Ref:/WORK/SYS_TOP/Register_File/reg_file_reg[13][2]
  Impl DFF        Imp:/WORK/SYS_TOP/Register_File/reg_file_reg[13][2]

  Ref  DFF        Ref:/WORK/SYS_TOP/Register_File/reg_file_reg[13][3]
  Impl DFF        Imp:/WORK/SYS_TOP/Register_File/reg_file_reg[13][3]

  Ref  DFF        Ref:/WORK/SYS_TOP/Register_File/reg_file_reg[13][4]
  Impl DFF        Imp:/WORK/SYS_TOP/Register_File/reg_file_reg[13][4]

  Ref  DFF        Ref:/WORK/SYS_TOP/Register_File/reg_file_reg[13][5]
  Impl DFF        Imp:/WORK/SYS_TOP/Register_File/reg_file_reg[13][5]

  Ref  DFF        Ref:/WORK/SYS_TOP/Register_File/reg_file_reg[13][6]
  Impl DFF        Imp:/WORK/SYS_TOP/Register_File/reg_file_reg[13][6]

  Ref  DFF        Ref:/WORK/SYS_TOP/Register_File/reg_file_reg[13][7]
  Impl DFF        Imp:/WORK/SYS_TOP/Register_File/reg_file_reg[13][7]

  Ref  DFF        Ref:/WORK/SYS_TOP/Register_File/reg_file_reg[14][0]
  Impl DFF        Imp:/WORK/SYS_TOP/Register_File/reg_file_reg[14][0]

  Ref  DFF        Ref:/WORK/SYS_TOP/Register_File/reg_file_reg[14][1]
  Impl DFF        Imp:/WORK/SYS_TOP/Register_File/reg_file_reg[14][1]

  Ref  DFF        Ref:/WORK/SYS_TOP/Register_File/reg_file_reg[14][2]
  Impl DFF        Imp:/WORK/SYS_TOP/Register_File/reg_file_reg[14][2]

  Ref  DFF        Ref:/WORK/SYS_TOP/Register_File/reg_file_reg[14][3]
  Impl DFF        Imp:/WORK/SYS_TOP/Register_File/reg_file_reg[14][3]

  Ref  DFF        Ref:/WORK/SYS_TOP/Register_File/reg_file_reg[14][4]
  Impl DFF        Imp:/WORK/SYS_TOP/Register_File/reg_file_reg[14][4]

  Ref  DFF        Ref:/WORK/SYS_TOP/Register_File/reg_file_reg[14][5]
  Impl DFF        Imp:/WORK/SYS_TOP/Register_File/reg_file_reg[14][5]

  Ref  DFF        Ref:/WORK/SYS_TOP/Register_File/reg_file_reg[14][6]
  Impl DFF        Imp:/WORK/SYS_TOP/Register_File/reg_file_reg[14][6]

  Ref  DFF        Ref:/WORK/SYS_TOP/Register_File/reg_file_reg[14][7]
  Impl DFF        Imp:/WORK/SYS_TOP/Register_File/reg_file_reg[14][7]

  Ref  DFF        Ref:/WORK/SYS_TOP/Register_File/reg_file_reg[15][0]
  Impl DFF        Imp:/WORK/SYS_TOP/Register_File/reg_file_reg[15][0]

  Ref  DFF        Ref:/WORK/SYS_TOP/Register_File/reg_file_reg[15][1]
  Impl DFF        Imp:/WORK/SYS_TOP/Register_File/reg_file_reg[15][1]

  Ref  DFF        Ref:/WORK/SYS_TOP/Register_File/reg_file_reg[15][2]
  Impl DFF        Imp:/WORK/SYS_TOP/Register_File/reg_file_reg[15][2]

  Ref  DFF        Ref:/WORK/SYS_TOP/Register_File/reg_file_reg[15][3]
  Impl DFF        Imp:/WORK/SYS_TOP/Register_File/reg_file_reg[15][3]

  Ref  DFF        Ref:/WORK/SYS_TOP/Register_File/reg_file_reg[15][4]
  Impl DFF        Imp:/WORK/SYS_TOP/Register_File/reg_file_reg[15][4]

  Ref  DFF        Ref:/WORK/SYS_TOP/Register_File/reg_file_reg[15][5]
  Impl DFF        Imp:/WORK/SYS_TOP/Register_File/reg_file_reg[15][5]

  Ref  DFF        Ref:/WORK/SYS_TOP/Register_File/reg_file_reg[15][6]
  Impl DFF        Imp:/WORK/SYS_TOP/Register_File/reg_file_reg[15][6]

  Ref  DFF        Ref:/WORK/SYS_TOP/Register_File/reg_file_reg[15][7]
  Impl DFF        Imp:/WORK/SYS_TOP/Register_File/reg_file_reg[15][7]

  Ref  DFF        Ref:/WORK/SYS_TOP/Register_File/reg_file_reg[1][0]
  Impl DFF        Imp:/WORK/SYS_TOP/Register_File/reg_file_reg[1][0]

  Ref  DFF        Ref:/WORK/SYS_TOP/Register_File/reg_file_reg[1][1]
  Impl DFF        Imp:/WORK/SYS_TOP/Register_File/reg_file_reg[1][1]

  Ref  DFF        Ref:/WORK/SYS_TOP/Register_File/reg_file_reg[1][2]
  Impl DFF        Imp:/WORK/SYS_TOP/Register_File/reg_file_reg[1][2]

  Ref  DFF        Ref:/WORK/SYS_TOP/Register_File/reg_file_reg[1][3]
  Impl DFF        Imp:/WORK/SYS_TOP/Register_File/reg_file_reg[1][3]

  Ref  DFF        Ref:/WORK/SYS_TOP/Register_File/reg_file_reg[1][4]
  Impl DFF        Imp:/WORK/SYS_TOP/Register_File/reg_file_reg[1][4]

  Ref  DFF        Ref:/WORK/SYS_TOP/Register_File/reg_file_reg[1][5]
  Impl DFF        Imp:/WORK/SYS_TOP/Register_File/reg_file_reg[1][5]

  Ref  DFF        Ref:/WORK/SYS_TOP/Register_File/reg_file_reg[1][6]
  Impl DFF        Imp:/WORK/SYS_TOP/Register_File/reg_file_reg[1][6]

  Ref  DFF        Ref:/WORK/SYS_TOP/Register_File/reg_file_reg[1][7]
  Impl DFF        Imp:/WORK/SYS_TOP/Register_File/reg_file_reg[1][7]

  Ref  DFF        Ref:/WORK/SYS_TOP/Register_File/reg_file_reg[2][0]
  Impl DFF        Imp:/WORK/SYS_TOP/Register_File/reg_file_reg[2][0]

  Ref  DFF        Ref:/WORK/SYS_TOP/Register_File/reg_file_reg[2][1]
  Impl DFF        Imp:/WORK/SYS_TOP/Register_File/reg_file_reg[2][1]

  Ref  DFF        Ref:/WORK/SYS_TOP/Register_File/reg_file_reg[2][2]
  Impl DFF        Imp:/WORK/SYS_TOP/Register_File/reg_file_reg[2][2]

  Ref  DFF        Ref:/WORK/SYS_TOP/Register_File/reg_file_reg[2][3]
  Impl DFF        Imp:/WORK/SYS_TOP/Register_File/reg_file_reg[2][3]

  Ref  DFF        Ref:/WORK/SYS_TOP/Register_File/reg_file_reg[2][4]
  Impl DFF        Imp:/WORK/SYS_TOP/Register_File/reg_file_reg[2][4]

  Ref  DFF        Ref:/WORK/SYS_TOP/Register_File/reg_file_reg[2][5]
  Impl DFF        Imp:/WORK/SYS_TOP/Register_File/reg_file_reg[2][5]

  Ref  DFF        Ref:/WORK/SYS_TOP/Register_File/reg_file_reg[2][6]
  Impl DFF        Imp:/WORK/SYS_TOP/Register_File/reg_file_reg[2][6]

  Ref  DFF        Ref:/WORK/SYS_TOP/Register_File/reg_file_reg[2][7]
  Impl DFF        Imp:/WORK/SYS_TOP/Register_File/reg_file_reg[2][7]

  Ref  DFF        Ref:/WORK/SYS_TOP/Register_File/reg_file_reg[3][0]
  Impl DFF        Imp:/WORK/SYS_TOP/Register_File/reg_file_reg[3][0]

  Ref  DFF        Ref:/WORK/SYS_TOP/Register_File/reg_file_reg[3][1]
  Impl DFF        Imp:/WORK/SYS_TOP/Register_File/reg_file_reg[3][1]

  Ref  DFF        Ref:/WORK/SYS_TOP/Register_File/reg_file_reg[3][2]
  Impl DFF        Imp:/WORK/SYS_TOP/Register_File/reg_file_reg[3][2]

  Ref  DFF        Ref:/WORK/SYS_TOP/Register_File/reg_file_reg[3][3]
  Impl DFF        Imp:/WORK/SYS_TOP/Register_File/reg_file_reg[3][3]

  Ref  DFF        Ref:/WORK/SYS_TOP/Register_File/reg_file_reg[3][4]
  Impl DFF        Imp:/WORK/SYS_TOP/Register_File/reg_file_reg[3][4]

  Ref  DFF        Ref:/WORK/SYS_TOP/Register_File/reg_file_reg[3][5]
  Impl DFF        Imp:/WORK/SYS_TOP/Register_File/reg_file_reg[3][5]

  Ref  DFF        Ref:/WORK/SYS_TOP/Register_File/reg_file_reg[3][6]
  Impl DFF        Imp:/WORK/SYS_TOP/Register_File/reg_file_reg[3][6]

  Ref  DFF        Ref:/WORK/SYS_TOP/Register_File/reg_file_reg[3][7]
  Impl DFF        Imp:/WORK/SYS_TOP/Register_File/reg_file_reg[3][7]

  Ref  DFF        Ref:/WORK/SYS_TOP/Register_File/reg_file_reg[4][0]
  Impl DFF        Imp:/WORK/SYS_TOP/Register_File/reg_file_reg[4][0]

  Ref  DFF        Ref:/WORK/SYS_TOP/Register_File/reg_file_reg[4][1]
  Impl DFF        Imp:/WORK/SYS_TOP/Register_File/reg_file_reg[4][1]

  Ref  DFF        Ref:/WORK/SYS_TOP/Register_File/reg_file_reg[4][2]
  Impl DFF        Imp:/WORK/SYS_TOP/Register_File/reg_file_reg[4][2]

  Ref  DFF        Ref:/WORK/SYS_TOP/Register_File/reg_file_reg[4][3]
  Impl DFF        Imp:/WORK/SYS_TOP/Register_File/reg_file_reg[4][3]

  Ref  DFF        Ref:/WORK/SYS_TOP/Register_File/reg_file_reg[4][4]
  Impl DFF        Imp:/WORK/SYS_TOP/Register_File/reg_file_reg[4][4]

  Ref  DFF        Ref:/WORK/SYS_TOP/Register_File/reg_file_reg[4][5]
  Impl DFF        Imp:/WORK/SYS_TOP/Register_File/reg_file_reg[4][5]

  Ref  DFF        Ref:/WORK/SYS_TOP/Register_File/reg_file_reg[4][6]
  Impl DFF        Imp:/WORK/SYS_TOP/Register_File/reg_file_reg[4][6]

  Ref  DFF        Ref:/WORK/SYS_TOP/Register_File/reg_file_reg[4][7]
  Impl DFF        Imp:/WORK/SYS_TOP/Register_File/reg_file_reg[4][7]

  Ref  DFF        Ref:/WORK/SYS_TOP/Register_File/reg_file_reg[5][0]
  Impl DFF        Imp:/WORK/SYS_TOP/Register_File/reg_file_reg[5][0]

  Ref  DFF        Ref:/WORK/SYS_TOP/Register_File/reg_file_reg[5][1]
  Impl DFF        Imp:/WORK/SYS_TOP/Register_File/reg_file_reg[5][1]

  Ref  DFF        Ref:/WORK/SYS_TOP/Register_File/reg_file_reg[5][2]
  Impl DFF        Imp:/WORK/SYS_TOP/Register_File/reg_file_reg[5][2]

  Ref  DFF        Ref:/WORK/SYS_TOP/Register_File/reg_file_reg[5][3]
  Impl DFF        Imp:/WORK/SYS_TOP/Register_File/reg_file_reg[5][3]

  Ref  DFF        Ref:/WORK/SYS_TOP/Register_File/reg_file_reg[5][4]
  Impl DFF        Imp:/WORK/SYS_TOP/Register_File/reg_file_reg[5][4]

  Ref  DFF        Ref:/WORK/SYS_TOP/Register_File/reg_file_reg[5][5]
  Impl DFF        Imp:/WORK/SYS_TOP/Register_File/reg_file_reg[5][5]

  Ref  DFF        Ref:/WORK/SYS_TOP/Register_File/reg_file_reg[5][6]
  Impl DFF        Imp:/WORK/SYS_TOP/Register_File/reg_file_reg[5][6]

  Ref  DFF        Ref:/WORK/SYS_TOP/Register_File/reg_file_reg[5][7]
  Impl DFF        Imp:/WORK/SYS_TOP/Register_File/reg_file_reg[5][7]

  Ref  DFF        Ref:/WORK/SYS_TOP/Register_File/reg_file_reg[6][0]
  Impl DFF        Imp:/WORK/SYS_TOP/Register_File/reg_file_reg[6][0]

  Ref  DFF        Ref:/WORK/SYS_TOP/Register_File/reg_file_reg[6][1]
  Impl DFF        Imp:/WORK/SYS_TOP/Register_File/reg_file_reg[6][1]

  Ref  DFF        Ref:/WORK/SYS_TOP/Register_File/reg_file_reg[6][2]
  Impl DFF        Imp:/WORK/SYS_TOP/Register_File/reg_file_reg[6][2]

  Ref  DFF        Ref:/WORK/SYS_TOP/Register_File/reg_file_reg[6][3]
  Impl DFF        Imp:/WORK/SYS_TOP/Register_File/reg_file_reg[6][3]

  Ref  DFF        Ref:/WORK/SYS_TOP/Register_File/reg_file_reg[6][4]
  Impl DFF        Imp:/WORK/SYS_TOP/Register_File/reg_file_reg[6][4]

  Ref  DFF        Ref:/WORK/SYS_TOP/Register_File/reg_file_reg[6][5]
  Impl DFF        Imp:/WORK/SYS_TOP/Register_File/reg_file_reg[6][5]

  Ref  DFF        Ref:/WORK/SYS_TOP/Register_File/reg_file_reg[6][6]
  Impl DFF        Imp:/WORK/SYS_TOP/Register_File/reg_file_reg[6][6]

  Ref  DFF        Ref:/WORK/SYS_TOP/Register_File/reg_file_reg[6][7]
  Impl DFF        Imp:/WORK/SYS_TOP/Register_File/reg_file_reg[6][7]

  Ref  DFF        Ref:/WORK/SYS_TOP/Register_File/reg_file_reg[7][0]
  Impl DFF        Imp:/WORK/SYS_TOP/Register_File/reg_file_reg[7][0]

  Ref  DFF        Ref:/WORK/SYS_TOP/Register_File/reg_file_reg[7][1]
  Impl DFF        Imp:/WORK/SYS_TOP/Register_File/reg_file_reg[7][1]

  Ref  DFF        Ref:/WORK/SYS_TOP/Register_File/reg_file_reg[7][2]
  Impl DFF        Imp:/WORK/SYS_TOP/Register_File/reg_file_reg[7][2]

  Ref  DFF        Ref:/WORK/SYS_TOP/Register_File/reg_file_reg[7][3]
  Impl DFF        Imp:/WORK/SYS_TOP/Register_File/reg_file_reg[7][3]

  Ref  DFF        Ref:/WORK/SYS_TOP/Register_File/reg_file_reg[7][4]
  Impl DFF        Imp:/WORK/SYS_TOP/Register_File/reg_file_reg[7][4]

  Ref  DFF        Ref:/WORK/SYS_TOP/Register_File/reg_file_reg[7][5]
  Impl DFF        Imp:/WORK/SYS_TOP/Register_File/reg_file_reg[7][5]

  Ref  DFF        Ref:/WORK/SYS_TOP/Register_File/reg_file_reg[7][6]
  Impl DFF        Imp:/WORK/SYS_TOP/Register_File/reg_file_reg[7][6]

  Ref  DFF        Ref:/WORK/SYS_TOP/Register_File/reg_file_reg[7][7]
  Impl DFF        Imp:/WORK/SYS_TOP/Register_File/reg_file_reg[7][7]

  Ref  DFF        Ref:/WORK/SYS_TOP/Register_File/reg_file_reg[8][0]
  Impl DFF        Imp:/WORK/SYS_TOP/Register_File/reg_file_reg[8][0]

  Ref  DFF        Ref:/WORK/SYS_TOP/Register_File/reg_file_reg[8][1]
  Impl DFF        Imp:/WORK/SYS_TOP/Register_File/reg_file_reg[8][1]

  Ref  DFF        Ref:/WORK/SYS_TOP/Register_File/reg_file_reg[8][2]
  Impl DFF        Imp:/WORK/SYS_TOP/Register_File/reg_file_reg[8][2]

  Ref  DFF        Ref:/WORK/SYS_TOP/Register_File/reg_file_reg[8][3]
  Impl DFF        Imp:/WORK/SYS_TOP/Register_File/reg_file_reg[8][3]

  Ref  DFF        Ref:/WORK/SYS_TOP/Register_File/reg_file_reg[8][4]
  Impl DFF        Imp:/WORK/SYS_TOP/Register_File/reg_file_reg[8][4]

  Ref  DFF        Ref:/WORK/SYS_TOP/Register_File/reg_file_reg[8][5]
  Impl DFF        Imp:/WORK/SYS_TOP/Register_File/reg_file_reg[8][5]

  Ref  DFF        Ref:/WORK/SYS_TOP/Register_File/reg_file_reg[8][6]
  Impl DFF        Imp:/WORK/SYS_TOP/Register_File/reg_file_reg[8][6]

  Ref  DFF        Ref:/WORK/SYS_TOP/Register_File/reg_file_reg[8][7]
  Impl DFF        Imp:/WORK/SYS_TOP/Register_File/reg_file_reg[8][7]

  Ref  DFF        Ref:/WORK/SYS_TOP/Register_File/reg_file_reg[9][0]
  Impl DFF        Imp:/WORK/SYS_TOP/Register_File/reg_file_reg[9][0]

  Ref  DFF        Ref:/WORK/SYS_TOP/Register_File/reg_file_reg[9][1]
  Impl DFF        Imp:/WORK/SYS_TOP/Register_File/reg_file_reg[9][1]

  Ref  DFF        Ref:/WORK/SYS_TOP/Register_File/reg_file_reg[9][2]
  Impl DFF        Imp:/WORK/SYS_TOP/Register_File/reg_file_reg[9][2]

  Ref  DFF        Ref:/WORK/SYS_TOP/Register_File/reg_file_reg[9][3]
  Impl DFF        Imp:/WORK/SYS_TOP/Register_File/reg_file_reg[9][3]

  Ref  DFF        Ref:/WORK/SYS_TOP/Register_File/reg_file_reg[9][4]
  Impl DFF        Imp:/WORK/SYS_TOP/Register_File/reg_file_reg[9][4]

  Ref  DFF        Ref:/WORK/SYS_TOP/Register_File/reg_file_reg[9][5]
  Impl DFF        Imp:/WORK/SYS_TOP/Register_File/reg_file_reg[9][5]

  Ref  DFF        Ref:/WORK/SYS_TOP/Register_File/reg_file_reg[9][6]
  Impl DFF        Imp:/WORK/SYS_TOP/Register_File/reg_file_reg[9][6]

  Ref  DFF        Ref:/WORK/SYS_TOP/Register_File/reg_file_reg[9][7]
  Impl DFF        Imp:/WORK/SYS_TOP/Register_File/reg_file_reg[9][7]

  Ref  DFF        Ref:/WORK/SYS_TOP/SYS_CTRL/current_state_reg[0]
  Impl DFF        Imp:/WORK/SYS_TOP/SYS_CTRL/current_state_reg[0]

  Ref  DFF        Ref:/WORK/SYS_TOP/SYS_CTRL/current_state_reg[1]
  Impl DFF        Imp:/WORK/SYS_TOP/SYS_CTRL/current_state_reg[1]

  Ref  DFF        Ref:/WORK/SYS_TOP/SYS_CTRL/current_state_reg[2]
  Impl DFF        Imp:/WORK/SYS_TOP/SYS_CTRL/current_state_reg[2]

  Ref  DFF        Ref:/WORK/SYS_TOP/SYS_CTRL/current_state_reg[3]
  Impl DFF        Imp:/WORK/SYS_TOP/SYS_CTRL/current_state_reg[3]

  Ref  DFF        Ref:/WORK/SYS_TOP/SYS_CTRL/store_address_reg[0]
  Impl DFF        Imp:/WORK/SYS_TOP/SYS_CTRL/store_address_reg[0]

  Ref  DFF        Ref:/WORK/SYS_TOP/SYS_CTRL/store_address_reg[1]
  Impl DFF        Imp:/WORK/SYS_TOP/SYS_CTRL/store_address_reg[1]

  Ref  DFF        Ref:/WORK/SYS_TOP/SYS_CTRL/store_address_reg[2]
  Impl DFF        Imp:/WORK/SYS_TOP/SYS_CTRL/store_address_reg[2]

  Ref  DFF        Ref:/WORK/SYS_TOP/SYS_CTRL/store_address_reg[3]
  Impl DFF        Imp:/WORK/SYS_TOP/SYS_CTRL/store_address_reg[3]

  Ref  DFF        Ref:/WORK/SYS_TOP/SYS_CTRL/store_func_reg[0]
  Impl DFF        Imp:/WORK/SYS_TOP/SYS_CTRL/store_func_reg[0]

  Ref  DFF        Ref:/WORK/SYS_TOP/SYS_CTRL/store_func_reg[1]
  Impl DFF        Imp:/WORK/SYS_TOP/SYS_CTRL/store_func_reg[1]

  Ref  DFF        Ref:/WORK/SYS_TOP/SYS_CTRL/store_func_reg[2]
  Impl DFF        Imp:/WORK/SYS_TOP/SYS_CTRL/store_func_reg[2]

  Ref  DFF        Ref:/WORK/SYS_TOP/SYS_CTRL/store_func_reg[3]
  Impl DFF        Imp:/WORK/SYS_TOP/SYS_CTRL/store_func_reg[3]

  Ref  DFF        Ref:/WORK/SYS_TOP/TX_Clock_Divider/clk_div_reg_reg
  Impl DFF        Imp:/WORK/SYS_TOP/TX_Clock_Divider/clk_div_reg_reg

  Ref  DFF        Ref:/WORK/SYS_TOP/TX_Clock_Divider/counter_reg[0]
  Impl DFF        Imp:/WORK/SYS_TOP/TX_Clock_Divider/counter_reg[0]

  Ref  DFF        Ref:/WORK/SYS_TOP/TX_Clock_Divider/counter_reg[1]
  Impl DFF        Imp:/WORK/SYS_TOP/TX_Clock_Divider/counter_reg[1]

  Ref  DFF        Ref:/WORK/SYS_TOP/TX_Clock_Divider/counter_reg[2]
  Impl DFF        Imp:/WORK/SYS_TOP/TX_Clock_Divider/counter_reg[2]

  Ref  DFF        Ref:/WORK/SYS_TOP/TX_Clock_Divider/counter_reg[3]
  Impl DFF        Imp:/WORK/SYS_TOP/TX_Clock_Divider/counter_reg[3]

  Ref  DFF        Ref:/WORK/SYS_TOP/TX_Clock_Divider/counter_reg[4]
  Impl DFF        Imp:/WORK/SYS_TOP/TX_Clock_Divider/counter_reg[4]

  Ref  DFF        Ref:/WORK/SYS_TOP/TX_Clock_Divider/counter_reg[5]
  Impl DFF        Imp:/WORK/SYS_TOP/TX_Clock_Divider/counter_reg[5]

  Ref  DFF        Ref:/WORK/SYS_TOP/TX_Clock_Divider/counter_reg[6]
  Impl DFF        Imp:/WORK/SYS_TOP/TX_Clock_Divider/counter_reg[6]

  Ref  DFF        Ref:/WORK/SYS_TOP/TX_Clock_Divider/counter_reg[7]
  Impl DFF        Imp:/WORK/SYS_TOP/TX_Clock_Divider/counter_reg[7]

  Ref  DFF        Ref:/WORK/SYS_TOP/TX_FIFO/U0/MEM_reg[0][0]
  Impl DFF        Imp:/WORK/SYS_TOP/TX_FIFO/U0/MEM_reg[0][0]

  Ref  DFF        Ref:/WORK/SYS_TOP/TX_FIFO/U0/MEM_reg[0][1]
  Impl DFF        Imp:/WORK/SYS_TOP/TX_FIFO/U0/MEM_reg[0][1]

  Ref  DFF        Ref:/WORK/SYS_TOP/TX_FIFO/U0/MEM_reg[0][2]
  Impl DFF        Imp:/WORK/SYS_TOP/TX_FIFO/U0/MEM_reg[0][2]

  Ref  DFF        Ref:/WORK/SYS_TOP/TX_FIFO/U0/MEM_reg[0][3]
  Impl DFF        Imp:/WORK/SYS_TOP/TX_FIFO/U0/MEM_reg[0][3]

  Ref  DFF        Ref:/WORK/SYS_TOP/TX_FIFO/U0/MEM_reg[0][4]
  Impl DFF        Imp:/WORK/SYS_TOP/TX_FIFO/U0/MEM_reg[0][4]

  Ref  DFF        Ref:/WORK/SYS_TOP/TX_FIFO/U0/MEM_reg[0][5]
  Impl DFF        Imp:/WORK/SYS_TOP/TX_FIFO/U0/MEM_reg[0][5]

  Ref  DFF        Ref:/WORK/SYS_TOP/TX_FIFO/U0/MEM_reg[0][6]
  Impl DFF        Imp:/WORK/SYS_TOP/TX_FIFO/U0/MEM_reg[0][6]

  Ref  DFF        Ref:/WORK/SYS_TOP/TX_FIFO/U0/MEM_reg[0][7]
  Impl DFF        Imp:/WORK/SYS_TOP/TX_FIFO/U0/MEM_reg[0][7]

  Ref  DFF        Ref:/WORK/SYS_TOP/TX_FIFO/U0/MEM_reg[1][0]
  Impl DFF        Imp:/WORK/SYS_TOP/TX_FIFO/U0/MEM_reg[1][0]

  Ref  DFF        Ref:/WORK/SYS_TOP/TX_FIFO/U0/MEM_reg[1][1]
  Impl DFF        Imp:/WORK/SYS_TOP/TX_FIFO/U0/MEM_reg[1][1]

  Ref  DFF        Ref:/WORK/SYS_TOP/TX_FIFO/U0/MEM_reg[1][2]
  Impl DFF        Imp:/WORK/SYS_TOP/TX_FIFO/U0/MEM_reg[1][2]

  Ref  DFF        Ref:/WORK/SYS_TOP/TX_FIFO/U0/MEM_reg[1][3]
  Impl DFF        Imp:/WORK/SYS_TOP/TX_FIFO/U0/MEM_reg[1][3]

  Ref  DFF        Ref:/WORK/SYS_TOP/TX_FIFO/U0/MEM_reg[1][4]
  Impl DFF        Imp:/WORK/SYS_TOP/TX_FIFO/U0/MEM_reg[1][4]

  Ref  DFF        Ref:/WORK/SYS_TOP/TX_FIFO/U0/MEM_reg[1][5]
  Impl DFF        Imp:/WORK/SYS_TOP/TX_FIFO/U0/MEM_reg[1][5]

  Ref  DFF        Ref:/WORK/SYS_TOP/TX_FIFO/U0/MEM_reg[1][6]
  Impl DFF        Imp:/WORK/SYS_TOP/TX_FIFO/U0/MEM_reg[1][6]

  Ref  DFF        Ref:/WORK/SYS_TOP/TX_FIFO/U0/MEM_reg[1][7]
  Impl DFF        Imp:/WORK/SYS_TOP/TX_FIFO/U0/MEM_reg[1][7]

  Ref  DFF        Ref:/WORK/SYS_TOP/TX_FIFO/U0/MEM_reg[2][0]
  Impl DFF        Imp:/WORK/SYS_TOP/TX_FIFO/U0/MEM_reg[2][0]

  Ref  DFF        Ref:/WORK/SYS_TOP/TX_FIFO/U0/MEM_reg[2][1]
  Impl DFF        Imp:/WORK/SYS_TOP/TX_FIFO/U0/MEM_reg[2][1]

  Ref  DFF        Ref:/WORK/SYS_TOP/TX_FIFO/U0/MEM_reg[2][2]
  Impl DFF        Imp:/WORK/SYS_TOP/TX_FIFO/U0/MEM_reg[2][2]

  Ref  DFF        Ref:/WORK/SYS_TOP/TX_FIFO/U0/MEM_reg[2][3]
  Impl DFF        Imp:/WORK/SYS_TOP/TX_FIFO/U0/MEM_reg[2][3]

  Ref  DFF        Ref:/WORK/SYS_TOP/TX_FIFO/U0/MEM_reg[2][4]
  Impl DFF        Imp:/WORK/SYS_TOP/TX_FIFO/U0/MEM_reg[2][4]

  Ref  DFF        Ref:/WORK/SYS_TOP/TX_FIFO/U0/MEM_reg[2][5]
  Impl DFF        Imp:/WORK/SYS_TOP/TX_FIFO/U0/MEM_reg[2][5]

  Ref  DFF        Ref:/WORK/SYS_TOP/TX_FIFO/U0/MEM_reg[2][6]
  Impl DFF        Imp:/WORK/SYS_TOP/TX_FIFO/U0/MEM_reg[2][6]

  Ref  DFF        Ref:/WORK/SYS_TOP/TX_FIFO/U0/MEM_reg[2][7]
  Impl DFF        Imp:/WORK/SYS_TOP/TX_FIFO/U0/MEM_reg[2][7]

  Ref  DFF        Ref:/WORK/SYS_TOP/TX_FIFO/U0/MEM_reg[3][0]
  Impl DFF        Imp:/WORK/SYS_TOP/TX_FIFO/U0/MEM_reg[3][0]

  Ref  DFF        Ref:/WORK/SYS_TOP/TX_FIFO/U0/MEM_reg[3][1]
  Impl DFF        Imp:/WORK/SYS_TOP/TX_FIFO/U0/MEM_reg[3][1]

  Ref  DFF        Ref:/WORK/SYS_TOP/TX_FIFO/U0/MEM_reg[3][2]
  Impl DFF        Imp:/WORK/SYS_TOP/TX_FIFO/U0/MEM_reg[3][2]

  Ref  DFF        Ref:/WORK/SYS_TOP/TX_FIFO/U0/MEM_reg[3][3]
  Impl DFF        Imp:/WORK/SYS_TOP/TX_FIFO/U0/MEM_reg[3][3]

  Ref  DFF        Ref:/WORK/SYS_TOP/TX_FIFO/U0/MEM_reg[3][4]
  Impl DFF        Imp:/WORK/SYS_TOP/TX_FIFO/U0/MEM_reg[3][4]

  Ref  DFF        Ref:/WORK/SYS_TOP/TX_FIFO/U0/MEM_reg[3][5]
  Impl DFF        Imp:/WORK/SYS_TOP/TX_FIFO/U0/MEM_reg[3][5]

  Ref  DFF        Ref:/WORK/SYS_TOP/TX_FIFO/U0/MEM_reg[3][6]
  Impl DFF        Imp:/WORK/SYS_TOP/TX_FIFO/U0/MEM_reg[3][6]

  Ref  DFF        Ref:/WORK/SYS_TOP/TX_FIFO/U0/MEM_reg[3][7]
  Impl DFF        Imp:/WORK/SYS_TOP/TX_FIFO/U0/MEM_reg[3][7]

  Ref  DFF        Ref:/WORK/SYS_TOP/TX_FIFO/U0/MEM_reg[4][0]
  Impl DFF        Imp:/WORK/SYS_TOP/TX_FIFO/U0/MEM_reg[4][0]

  Ref  DFF        Ref:/WORK/SYS_TOP/TX_FIFO/U0/MEM_reg[4][1]
  Impl DFF        Imp:/WORK/SYS_TOP/TX_FIFO/U0/MEM_reg[4][1]

  Ref  DFF        Ref:/WORK/SYS_TOP/TX_FIFO/U0/MEM_reg[4][2]
  Impl DFF        Imp:/WORK/SYS_TOP/TX_FIFO/U0/MEM_reg[4][2]

  Ref  DFF        Ref:/WORK/SYS_TOP/TX_FIFO/U0/MEM_reg[4][3]
  Impl DFF        Imp:/WORK/SYS_TOP/TX_FIFO/U0/MEM_reg[4][3]

  Ref  DFF        Ref:/WORK/SYS_TOP/TX_FIFO/U0/MEM_reg[4][4]
  Impl DFF        Imp:/WORK/SYS_TOP/TX_FIFO/U0/MEM_reg[4][4]

  Ref  DFF        Ref:/WORK/SYS_TOP/TX_FIFO/U0/MEM_reg[4][5]
  Impl DFF        Imp:/WORK/SYS_TOP/TX_FIFO/U0/MEM_reg[4][5]

  Ref  DFF        Ref:/WORK/SYS_TOP/TX_FIFO/U0/MEM_reg[4][6]
  Impl DFF        Imp:/WORK/SYS_TOP/TX_FIFO/U0/MEM_reg[4][6]

  Ref  DFF        Ref:/WORK/SYS_TOP/TX_FIFO/U0/MEM_reg[4][7]
  Impl DFF        Imp:/WORK/SYS_TOP/TX_FIFO/U0/MEM_reg[4][7]

  Ref  DFF        Ref:/WORK/SYS_TOP/TX_FIFO/U0/MEM_reg[5][0]
  Impl DFF        Imp:/WORK/SYS_TOP/TX_FIFO/U0/MEM_reg[5][0]

  Ref  DFF        Ref:/WORK/SYS_TOP/TX_FIFO/U0/MEM_reg[5][1]
  Impl DFF        Imp:/WORK/SYS_TOP/TX_FIFO/U0/MEM_reg[5][1]

  Ref  DFF        Ref:/WORK/SYS_TOP/TX_FIFO/U0/MEM_reg[5][2]
  Impl DFF        Imp:/WORK/SYS_TOP/TX_FIFO/U0/MEM_reg[5][2]

  Ref  DFF        Ref:/WORK/SYS_TOP/TX_FIFO/U0/MEM_reg[5][3]
  Impl DFF        Imp:/WORK/SYS_TOP/TX_FIFO/U0/MEM_reg[5][3]

  Ref  DFF        Ref:/WORK/SYS_TOP/TX_FIFO/U0/MEM_reg[5][4]
  Impl DFF        Imp:/WORK/SYS_TOP/TX_FIFO/U0/MEM_reg[5][4]

  Ref  DFF        Ref:/WORK/SYS_TOP/TX_FIFO/U0/MEM_reg[5][5]
  Impl DFF        Imp:/WORK/SYS_TOP/TX_FIFO/U0/MEM_reg[5][5]

  Ref  DFF        Ref:/WORK/SYS_TOP/TX_FIFO/U0/MEM_reg[5][6]
  Impl DFF        Imp:/WORK/SYS_TOP/TX_FIFO/U0/MEM_reg[5][6]

  Ref  DFF        Ref:/WORK/SYS_TOP/TX_FIFO/U0/MEM_reg[5][7]
  Impl DFF        Imp:/WORK/SYS_TOP/TX_FIFO/U0/MEM_reg[5][7]

  Ref  DFF        Ref:/WORK/SYS_TOP/TX_FIFO/U0/MEM_reg[6][0]
  Impl DFF        Imp:/WORK/SYS_TOP/TX_FIFO/U0/MEM_reg[6][0]

  Ref  DFF        Ref:/WORK/SYS_TOP/TX_FIFO/U0/MEM_reg[6][1]
  Impl DFF        Imp:/WORK/SYS_TOP/TX_FIFO/U0/MEM_reg[6][1]

  Ref  DFF        Ref:/WORK/SYS_TOP/TX_FIFO/U0/MEM_reg[6][2]
  Impl DFF        Imp:/WORK/SYS_TOP/TX_FIFO/U0/MEM_reg[6][2]

  Ref  DFF        Ref:/WORK/SYS_TOP/TX_FIFO/U0/MEM_reg[6][3]
  Impl DFF        Imp:/WORK/SYS_TOP/TX_FIFO/U0/MEM_reg[6][3]

  Ref  DFF        Ref:/WORK/SYS_TOP/TX_FIFO/U0/MEM_reg[6][4]
  Impl DFF        Imp:/WORK/SYS_TOP/TX_FIFO/U0/MEM_reg[6][4]

  Ref  DFF        Ref:/WORK/SYS_TOP/TX_FIFO/U0/MEM_reg[6][5]
  Impl DFF        Imp:/WORK/SYS_TOP/TX_FIFO/U0/MEM_reg[6][5]

  Ref  DFF        Ref:/WORK/SYS_TOP/TX_FIFO/U0/MEM_reg[6][6]
  Impl DFF        Imp:/WORK/SYS_TOP/TX_FIFO/U0/MEM_reg[6][6]

  Ref  DFF        Ref:/WORK/SYS_TOP/TX_FIFO/U0/MEM_reg[6][7]
  Impl DFF        Imp:/WORK/SYS_TOP/TX_FIFO/U0/MEM_reg[6][7]

  Ref  DFF        Ref:/WORK/SYS_TOP/TX_FIFO/U0/MEM_reg[7][0]
  Impl DFF        Imp:/WORK/SYS_TOP/TX_FIFO/U0/MEM_reg[7][0]

  Ref  DFF        Ref:/WORK/SYS_TOP/TX_FIFO/U0/MEM_reg[7][1]
  Impl DFF        Imp:/WORK/SYS_TOP/TX_FIFO/U0/MEM_reg[7][1]

  Ref  DFF        Ref:/WORK/SYS_TOP/TX_FIFO/U0/MEM_reg[7][2]
  Impl DFF        Imp:/WORK/SYS_TOP/TX_FIFO/U0/MEM_reg[7][2]

  Ref  DFF        Ref:/WORK/SYS_TOP/TX_FIFO/U0/MEM_reg[7][3]
  Impl DFF        Imp:/WORK/SYS_TOP/TX_FIFO/U0/MEM_reg[7][3]

  Ref  DFF        Ref:/WORK/SYS_TOP/TX_FIFO/U0/MEM_reg[7][4]
  Impl DFF        Imp:/WORK/SYS_TOP/TX_FIFO/U0/MEM_reg[7][4]

  Ref  DFF        Ref:/WORK/SYS_TOP/TX_FIFO/U0/MEM_reg[7][5]
  Impl DFF        Imp:/WORK/SYS_TOP/TX_FIFO/U0/MEM_reg[7][5]

  Ref  DFF        Ref:/WORK/SYS_TOP/TX_FIFO/U0/MEM_reg[7][6]
  Impl DFF        Imp:/WORK/SYS_TOP/TX_FIFO/U0/MEM_reg[7][6]

  Ref  DFF        Ref:/WORK/SYS_TOP/TX_FIFO/U0/MEM_reg[7][7]
  Impl DFF        Imp:/WORK/SYS_TOP/TX_FIFO/U0/MEM_reg[7][7]

  Ref  DFF        Ref:/WORK/SYS_TOP/TX_FIFO/U1/W_counter_reg[0]
  Impl DFF        Imp:/WORK/SYS_TOP/TX_FIFO/U1/W_counter_reg[0]

  Ref  DFF        Ref:/WORK/SYS_TOP/TX_FIFO/U1/W_counter_reg[1]
  Impl DFF        Imp:/WORK/SYS_TOP/TX_FIFO/U1/W_counter_reg[1]

  Ref  DFF        Ref:/WORK/SYS_TOP/TX_FIFO/U1/W_counter_reg[2]
  Impl DFF        Imp:/WORK/SYS_TOP/TX_FIFO/U1/W_counter_reg[2]

  Ref  DFF        Ref:/WORK/SYS_TOP/TX_FIFO/U1/W_counter_reg[3]
  Impl DFF        Imp:/WORK/SYS_TOP/TX_FIFO/U1/W_counter_reg[3]

  Ref  DFF        Ref:/WORK/SYS_TOP/TX_FIFO/U1/W_ptr_reg[0]
  Impl DFF        Imp:/WORK/SYS_TOP/TX_FIFO/U1/W_ptr_reg[0]

  Ref  DFF        Ref:/WORK/SYS_TOP/TX_FIFO/U1/W_ptr_reg[1]
  Impl DFF        Imp:/WORK/SYS_TOP/TX_FIFO/U1/W_ptr_reg[1]

  Ref  DFF        Ref:/WORK/SYS_TOP/TX_FIFO/U1/W_ptr_reg[2]
  Impl DFF        Imp:/WORK/SYS_TOP/TX_FIFO/U1/W_ptr_reg[2]

  Ref  DFF        Ref:/WORK/SYS_TOP/TX_FIFO/U1/W_ptr_reg[3]
  Impl DFF        Imp:/WORK/SYS_TOP/TX_FIFO/U1/W_ptr_reg[3]

  Ref  DFF        Ref:/WORK/SYS_TOP/TX_FIFO/U2/R_counter_reg[0]
  Impl DFF        Imp:/WORK/SYS_TOP/TX_FIFO/U2/R_counter_reg[0]

  Ref  DFF        Ref:/WORK/SYS_TOP/TX_FIFO/U2/R_counter_reg[1]
  Impl DFF        Imp:/WORK/SYS_TOP/TX_FIFO/U2/R_counter_reg[1]

  Ref  DFF        Ref:/WORK/SYS_TOP/TX_FIFO/U2/R_counter_reg[2]
  Impl DFF        Imp:/WORK/SYS_TOP/TX_FIFO/U2/R_counter_reg[2]

  Ref  DFF        Ref:/WORK/SYS_TOP/TX_FIFO/U2/R_counter_reg[3]
  Impl DFF        Imp:/WORK/SYS_TOP/TX_FIFO/U2/R_counter_reg[3]

  Ref  DFF        Ref:/WORK/SYS_TOP/TX_FIFO/U2/R_ptr_reg[0]
  Impl DFF        Imp:/WORK/SYS_TOP/TX_FIFO/U2/R_ptr_reg[0]

  Ref  DFF        Ref:/WORK/SYS_TOP/TX_FIFO/U2/R_ptr_reg[1]
  Impl DFF        Imp:/WORK/SYS_TOP/TX_FIFO/U2/R_ptr_reg[1]

  Ref  DFF        Ref:/WORK/SYS_TOP/TX_FIFO/U2/R_ptr_reg[2]
  Impl DFF        Imp:/WORK/SYS_TOP/TX_FIFO/U2/R_ptr_reg[2]

  Ref  DFF        Ref:/WORK/SYS_TOP/TX_FIFO/U2/R_ptr_reg[3]
  Impl DFF        Imp:/WORK/SYS_TOP/TX_FIFO/U2/R_ptr_reg[3]

  Ref  DFF        Ref:/WORK/SYS_TOP/TX_FIFO/U3_FIFO_WR/stage1_reg[0]
  Impl DFF        Imp:/WORK/SYS_TOP/TX_FIFO/U3_FIFO_WR/stage1_reg[0]

  Ref  DFF        Ref:/WORK/SYS_TOP/TX_FIFO/U3_FIFO_WR/stage1_reg[1]
  Impl DFF        Imp:/WORK/SYS_TOP/TX_FIFO/U3_FIFO_WR/stage1_reg[1]

  Ref  DFF        Ref:/WORK/SYS_TOP/TX_FIFO/U3_FIFO_WR/stage1_reg[2]
  Impl DFF        Imp:/WORK/SYS_TOP/TX_FIFO/U3_FIFO_WR/stage1_reg[2]

  Ref  DFF        Ref:/WORK/SYS_TOP/TX_FIFO/U3_FIFO_WR/stage1_reg[3]
  Impl DFF        Imp:/WORK/SYS_TOP/TX_FIFO/U3_FIFO_WR/stage1_reg[3]

  Ref  DFF        Ref:/WORK/SYS_TOP/TX_FIFO/U3_FIFO_WR/stage2_reg[0]
  Impl DFF        Imp:/WORK/SYS_TOP/TX_FIFO/U3_FIFO_WR/stage2_reg[0]

  Ref  DFF        Ref:/WORK/SYS_TOP/TX_FIFO/U3_FIFO_WR/stage2_reg[1]
  Impl DFF        Imp:/WORK/SYS_TOP/TX_FIFO/U3_FIFO_WR/stage2_reg[1]

  Ref  DFF        Ref:/WORK/SYS_TOP/TX_FIFO/U3_FIFO_WR/stage2_reg[2]
  Impl DFF        Imp:/WORK/SYS_TOP/TX_FIFO/U3_FIFO_WR/stage2_reg[2]

  Ref  DFF        Ref:/WORK/SYS_TOP/TX_FIFO/U3_FIFO_WR/stage2_reg[3]
  Impl DFF        Imp:/WORK/SYS_TOP/TX_FIFO/U3_FIFO_WR/stage2_reg[3]

  Ref  DFF        Ref:/WORK/SYS_TOP/TX_FIFO/U4_FIFO_RD/stage1_reg[0]
  Impl DFF        Imp:/WORK/SYS_TOP/TX_FIFO/U4_FIFO_RD/stage1_reg[0]

  Ref  DFF        Ref:/WORK/SYS_TOP/TX_FIFO/U4_FIFO_RD/stage1_reg[1]
  Impl DFF        Imp:/WORK/SYS_TOP/TX_FIFO/U4_FIFO_RD/stage1_reg[1]

  Ref  DFF        Ref:/WORK/SYS_TOP/TX_FIFO/U4_FIFO_RD/stage1_reg[2]
  Impl DFF        Imp:/WORK/SYS_TOP/TX_FIFO/U4_FIFO_RD/stage1_reg[2]

  Ref  DFF        Ref:/WORK/SYS_TOP/TX_FIFO/U4_FIFO_RD/stage1_reg[3]
  Impl DFF        Imp:/WORK/SYS_TOP/TX_FIFO/U4_FIFO_RD/stage1_reg[3]

  Ref  DFF        Ref:/WORK/SYS_TOP/TX_FIFO/U4_FIFO_RD/stage2_reg[0]
  Impl DFF        Imp:/WORK/SYS_TOP/TX_FIFO/U4_FIFO_RD/stage2_reg[0]

  Ref  DFF        Ref:/WORK/SYS_TOP/TX_FIFO/U4_FIFO_RD/stage2_reg[1]
  Impl DFF        Imp:/WORK/SYS_TOP/TX_FIFO/U4_FIFO_RD/stage2_reg[1]

  Ref  DFF        Ref:/WORK/SYS_TOP/TX_FIFO/U4_FIFO_RD/stage2_reg[2]
  Impl DFF        Imp:/WORK/SYS_TOP/TX_FIFO/U4_FIFO_RD/stage2_reg[2]

  Ref  DFF        Ref:/WORK/SYS_TOP/TX_FIFO/U4_FIFO_RD/stage2_reg[3]
  Impl DFF        Imp:/WORK/SYS_TOP/TX_FIFO/U4_FIFO_RD/stage2_reg[3]

  Ref  DFF        Ref:/WORK/SYS_TOP/UART/RX_INST/U0/current_state_reg[0]
  Impl DFF        Imp:/WORK/SYS_TOP/UART/RX_INST/U0/current_state_reg[0]

  Ref  DFF        Ref:/WORK/SYS_TOP/UART/RX_INST/U0/current_state_reg[1]
  Impl DFF        Imp:/WORK/SYS_TOP/UART/RX_INST/U0/current_state_reg[1]

  Ref  DFF        Ref:/WORK/SYS_TOP/UART/RX_INST/U0/current_state_reg[2]
  Impl DFF        Imp:/WORK/SYS_TOP/UART/RX_INST/U0/current_state_reg[2]

  Ref  DFF        Ref:/WORK/SYS_TOP/UART/RX_INST/U0/data_valid_reg
  Impl DFF        Imp:/WORK/SYS_TOP/UART/RX_INST/U0/data_valid_reg

  Ref  DFF        Ref:/WORK/SYS_TOP/UART/RX_INST/U1/bit_count_reg[0]
  Impl DFF        Imp:/WORK/SYS_TOP/UART/RX_INST/U1/bit_count_reg[0]

  Ref  DFF        Ref:/WORK/SYS_TOP/UART/RX_INST/U1/bit_count_reg[1]
  Impl DFF        Imp:/WORK/SYS_TOP/UART/RX_INST/U1/bit_count_reg[1]

  Ref  DFF        Ref:/WORK/SYS_TOP/UART/RX_INST/U1/bit_count_reg[2]
  Impl DFF        Imp:/WORK/SYS_TOP/UART/RX_INST/U1/bit_count_reg[2]

  Ref  DFF        Ref:/WORK/SYS_TOP/UART/RX_INST/U1/bit_count_reg[3]
  Impl DFF        Imp:/WORK/SYS_TOP/UART/RX_INST/U1/bit_count_reg[3]

  Ref  DFF        Ref:/WORK/SYS_TOP/UART/RX_INST/U1/edge_count_reg[0]
  Impl DFF        Imp:/WORK/SYS_TOP/UART/RX_INST/U1/edge_count_reg[0]

  Ref  DFF        Ref:/WORK/SYS_TOP/UART/RX_INST/U1/edge_count_reg[1]
  Impl DFF        Imp:/WORK/SYS_TOP/UART/RX_INST/U1/edge_count_reg[1]

  Ref  DFF        Ref:/WORK/SYS_TOP/UART/RX_INST/U1/edge_count_reg[2]
  Impl DFF        Imp:/WORK/SYS_TOP/UART/RX_INST/U1/edge_count_reg[2]

  Ref  DFF        Ref:/WORK/SYS_TOP/UART/RX_INST/U1/edge_count_reg[3]
  Impl DFF        Imp:/WORK/SYS_TOP/UART/RX_INST/U1/edge_count_reg[3]

  Ref  DFF        Ref:/WORK/SYS_TOP/UART/RX_INST/U1/edge_count_reg[4]
  Impl DFF        Imp:/WORK/SYS_TOP/UART/RX_INST/U1/edge_count_reg[4]

  Ref  DFF        Ref:/WORK/SYS_TOP/UART/RX_INST/U2/compare_reg[0]
  Impl DFF        Imp:/WORK/SYS_TOP/UART/RX_INST/U2/compare_reg[0]

  Ref  DFF        Ref:/WORK/SYS_TOP/UART/RX_INST/U2/compare_reg[1]
  Impl DFF        Imp:/WORK/SYS_TOP/UART/RX_INST/U2/compare_reg[1]

  Ref  DFF        Ref:/WORK/SYS_TOP/UART/RX_INST/U2/compare_reg[2]
  Impl DFF        Imp:/WORK/SYS_TOP/UART/RX_INST/U2/compare_reg[2]

  Ref  DFF        Ref:/WORK/SYS_TOP/UART/RX_INST/U2/counter_reg[0]
  Impl DFF        Imp:/WORK/SYS_TOP/UART/RX_INST/U2/counter_reg[0]

  Ref  DFF        Ref:/WORK/SYS_TOP/UART/RX_INST/U2/counter_reg[1]
  Impl DFF        Imp:/WORK/SYS_TOP/UART/RX_INST/U2/counter_reg[1]

  Ref  DFF        Ref:/WORK/SYS_TOP/UART/RX_INST/U3/P_DATA_reg[0]
  Impl DFF        Imp:/WORK/SYS_TOP/UART/RX_INST/U3/P_DATA_reg[0]

  Ref  DFF        Ref:/WORK/SYS_TOP/UART/RX_INST/U3/P_DATA_reg[1]
  Impl DFF        Imp:/WORK/SYS_TOP/UART/RX_INST/U3/P_DATA_reg[1]

  Ref  DFF        Ref:/WORK/SYS_TOP/UART/RX_INST/U3/P_DATA_reg[2]
  Impl DFF        Imp:/WORK/SYS_TOP/UART/RX_INST/U3/P_DATA_reg[2]

  Ref  DFF        Ref:/WORK/SYS_TOP/UART/RX_INST/U3/P_DATA_reg[3]
  Impl DFF        Imp:/WORK/SYS_TOP/UART/RX_INST/U3/P_DATA_reg[3]

  Ref  DFF        Ref:/WORK/SYS_TOP/UART/RX_INST/U3/P_DATA_reg[4]
  Impl DFF        Imp:/WORK/SYS_TOP/UART/RX_INST/U3/P_DATA_reg[4]

  Ref  DFF        Ref:/WORK/SYS_TOP/UART/RX_INST/U3/P_DATA_reg[5]
  Impl DFF        Imp:/WORK/SYS_TOP/UART/RX_INST/U3/P_DATA_reg[5]

  Ref  DFF        Ref:/WORK/SYS_TOP/UART/RX_INST/U3/P_DATA_reg[6]
  Impl DFF        Imp:/WORK/SYS_TOP/UART/RX_INST/U3/P_DATA_reg[6]

  Ref  DFF        Ref:/WORK/SYS_TOP/UART/RX_INST/U3/P_DATA_reg[7]
  Impl DFF        Imp:/WORK/SYS_TOP/UART/RX_INST/U3/P_DATA_reg[7]

  Ref  DFF        Ref:/WORK/SYS_TOP/UART/RX_INST/U3/counter_reg[0]
  Impl DFF        Imp:/WORK/SYS_TOP/UART/RX_INST/U3/counter_reg[0]

  Ref  DFF        Ref:/WORK/SYS_TOP/UART/RX_INST/U3/counter_reg[1]
  Impl DFF        Imp:/WORK/SYS_TOP/UART/RX_INST/U3/counter_reg[1]

  Ref  DFF        Ref:/WORK/SYS_TOP/UART/RX_INST/U3/counter_reg[2]
  Impl DFF        Imp:/WORK/SYS_TOP/UART/RX_INST/U3/counter_reg[2]

  Ref  DFF        Ref:/WORK/SYS_TOP/UART/RX_INST/U4/START_err_reg
  Impl DFF        Imp:/WORK/SYS_TOP/UART/RX_INST/U4/START_err_reg

  Ref  DFF        Ref:/WORK/SYS_TOP/UART/RX_INST/U5/PAR_err_reg
  Impl DFF        Imp:/WORK/SYS_TOP/UART/RX_INST/U5/PAR_err_reg

  Ref  DFF        Ref:/WORK/SYS_TOP/UART/RX_INST/U6/STOP_err_reg
  Impl DFF        Imp:/WORK/SYS_TOP/UART/RX_INST/U6/STOP_err_reg

  Ref  DFF        Ref:/WORK/SYS_TOP/UART/TX_INST/P_data_reg_reg[0]
  Impl DFF        Imp:/WORK/SYS_TOP/UART/TX_INST/P_data_reg_reg[0]

  Ref  DFF        Ref:/WORK/SYS_TOP/UART/TX_INST/P_data_reg_reg[1]
  Impl DFF        Imp:/WORK/SYS_TOP/UART/TX_INST/P_data_reg_reg[1]

  Ref  DFF        Ref:/WORK/SYS_TOP/UART/TX_INST/P_data_reg_reg[2]
  Impl DFF        Imp:/WORK/SYS_TOP/UART/TX_INST/P_data_reg_reg[2]

  Ref  DFF        Ref:/WORK/SYS_TOP/UART/TX_INST/P_data_reg_reg[3]
  Impl DFF        Imp:/WORK/SYS_TOP/UART/TX_INST/P_data_reg_reg[3]

  Ref  DFF        Ref:/WORK/SYS_TOP/UART/TX_INST/P_data_reg_reg[4]
  Impl DFF        Imp:/WORK/SYS_TOP/UART/TX_INST/P_data_reg_reg[4]

  Ref  DFF        Ref:/WORK/SYS_TOP/UART/TX_INST/P_data_reg_reg[5]
  Impl DFF        Imp:/WORK/SYS_TOP/UART/TX_INST/P_data_reg_reg[5]

  Ref  DFF        Ref:/WORK/SYS_TOP/UART/TX_INST/P_data_reg_reg[6]
  Impl DFF        Imp:/WORK/SYS_TOP/UART/TX_INST/P_data_reg_reg[6]

  Ref  DFF        Ref:/WORK/SYS_TOP/UART/TX_INST/P_data_reg_reg[7]
  Impl DFF        Imp:/WORK/SYS_TOP/UART/TX_INST/P_data_reg_reg[7]

  Ref  DFF        Ref:/WORK/SYS_TOP/UART/TX_INST/U1/current_state_reg[0]
  Impl DFF        Imp:/WORK/SYS_TOP/UART/TX_INST/U1/current_state_reg[0]

  Ref  DFF        Ref:/WORK/SYS_TOP/UART/TX_INST/U1/current_state_reg[1]
  Impl DFF        Imp:/WORK/SYS_TOP/UART/TX_INST/U1/current_state_reg[1]

  Ref  DFF        Ref:/WORK/SYS_TOP/UART/TX_INST/U1/current_state_reg[2]
  Impl DFF        Imp:/WORK/SYS_TOP/UART/TX_INST/U1/current_state_reg[2]

  Ref  DFF        Ref:/WORK/SYS_TOP/UART/TX_INST/U3/par_bit_reg
  Impl DFF        Imp:/WORK/SYS_TOP/UART/TX_INST/U3/par_bit_reg

  Ref  DFF        Ref:/WORK/SYS_TOP/UART/TX_INST/U4/counter_reg[0]
  Impl DFF        Imp:/WORK/SYS_TOP/UART/TX_INST/U4/counter_reg[0]

  Ref  DFF        Ref:/WORK/SYS_TOP/UART/TX_INST/U4/counter_reg[1]
  Impl DFF        Imp:/WORK/SYS_TOP/UART/TX_INST/U4/counter_reg[1]

  Ref  DFF        Ref:/WORK/SYS_TOP/UART/TX_INST/U4/counter_reg[2]
  Impl DFF        Imp:/WORK/SYS_TOP/UART/TX_INST/U4/counter_reg[2]

  Ref  DFF        Ref:/WORK/SYS_TOP/UART/TX_INST/U4/ser_data_reg
  Impl DFF        Imp:/WORK/SYS_TOP/UART/TX_INST/U4/ser_data_reg

  Ref  Port       Ref:/WORK/SYS_TOP/UART_TX_O
  Impl Port       Imp:/WORK/SYS_TOP/UART_TX_O

  Ref  Port       Ref:/WORK/SYS_TOP/framing_error
  Impl Port       Imp:/WORK/SYS_TOP/framing_error

  Ref  Port       Ref:/WORK/SYS_TOP/parity_error
  Impl Port       Imp:/WORK/SYS_TOP/parity_error

 [BBNet: multiply-driven net
  BBPin: black-box pin
  Cut:   cut-point
  DFF:   non-constant DFF register
  DFF0:  constant 0 DFF register
  DFF1:  constant 1 DFF register
  DFFX:  constant X DFF register
  DFF0X: constrained 0X DFF register
  DFF1X: constrained 1X DFF register
  LAT:   non-constant latch register
  LAT0:  constant 0 latch register
  LAT1:  constant 1 latch register
  LATX:  constant X latch register
  LAT0X: constrained 0X latch register
  LAT1X: constrained 1X latch register
  LATCG: clock-gating latch register
  TLA:   transparent latch register
  TLA0X: transparent constrained 0X latch register
  TLA1X: transparent constrained 1X latch register
  Loop:  cycle break point
  Port:  primary (top-level) port
  Und:   undriven signal cut-point
  Unk:   unknown signal cut-point]

1
